03-25 22:10:32.381 15326 15326 D ViewRootImpl@7cd5e44[WfdBroker]: dispatchAttachedToWindow
03-25 22:10:32.381  1432  1974 D MdnieScenarioControlService:  packageName : com.sec.android.app.wfdbroker    className : com.sec.android.app.wfdbroker.WfdBroker
03-25 22:10:32.381  1432  1974 V MdnieScenarioControlService: setUIMode from UI function(3)
03-25 22:10:32.392  2080  2080 D ViewRootImpl@1ab8d50[NavigationBar]: Relayout returned: oldFrame=[0,2094][1080,2220] newFrame=[0,2094][1080,2220] result=0x1 surface={isValid=true 547195931648} surfaceGenerationChanged=false
03-25 22:10:32.393  1432  2545 V WindowManager: Relayout Window{f414590d0 u0 com.sec.android.app.wfdbroker/com.sec.android.app.wfdbroker.WfdBroker}: viewVisibility=0 req=0x0 WM.LayoutParams{(0,0)(wrapxwrap) sim=#110 ty=1 fl=#1820002 wanim=0x103038b surfaceInsets=Rect(6, 6 - 6, 6) needsMenuKey=2 naviIconColor=0 sfl=0x80000}
03-25 22:10:32.395   636   636 I SurfaceFlinger: id=120 createSurf (13x13),1 flag=4, XfdBroker
03-25 22:10:32.409 15326 15326 D ViewRootImpl@7cd5e44[WfdBroker]: Relayout returned: oldFrame=[0,0][0,0] newFrame=[540,1141][540,1141] result=0x7 surface={isValid=true 547667209216} surfaceGenerationChanged=true
03-25 22:10:32.409 15326 15326 D ViewRootImpl@7cd5e44[WfdBroker]: mHardwareRenderer.initialize() mSurface={isValid=true 547667209216} hwInitialized=true
03-25 22:10:32.409  1432  1938 V WindowManager: Relayout Window{b7f3bd4d0 u0 StatusBar}: viewVisibility=0 req=1080x63 WM.LayoutParams{(0,0)(fillx63) gr=#30 sim=#10 ty=2000 fl=#81840048 fmt=-3 vsysui=0x600 sfl=0x40000}
03-25 22:10:32.429  1432  4048 D PowerManagerService: [api] acquire WakeLock flags=0xa tag=WifiDisplayDialogFragment uid=1000 pid=15326 ws=null pkg=com.sec.android.app.wfdbroker
03-25 22:10:32.429 15326 15326 D WifiDisplayDialogFragment: WfdPicker WakeLock...this will be released automatically 90 secs after...
03-25 22:10:32.429 15326 15326 D ViewRootImpl@aea50f1[Connecting to MiraScreen D941DBFF]: MSG_WINDOW_FOCUS_CHANGED 1
03-25 22:10:32.429 15326 15326 D ViewRootImpl@aea50f1[Connecting to MiraScreen D941DBFF]: mHardwareRenderer.initializeIfNeeded()#2 mSurface={isValid=true 547667205632}
03-25 22:10:32.442  2080  2080 D ViewRootImpl@ecf06bd[StatusBar]: Relayout returned: oldFrame=[0,0][1080,2220] newFrame=[0,0][1080,63] result=0x21 surface={isValid=true 547597221376} surfaceGenerationChanged=false
03-25 22:10:32.443  1432  3777 D WindowManager: finishDrawingWindow: Window{20c0eb6d0 u0 Connecting to MiraScreen D941DBFF} mDrawState=DRAW_PENDING
03-25 22:10:32.444  1432  3594 D WindowManager: finishDrawingWindow: Window{f414590d0 u0 com.sec.android.app.wfdbroker/com.sec.android.app.wfdbroker.WfdBroker} mDrawState=DRAW_PENDING
03-25 22:10:32.445 15326 15326 D ViewRootImpl@aea50f1[Connecting to MiraScreen D941DBFF]: MSG_RESIZED_REPORT: frame=Rect(33, 664 - 1047, 1619) ci=Rect(0, 0 - 0, 0) vi=Rect(0, 0 - 0, 0) or=1
03-25 22:10:32.445 15326 15326 D ViewRootImpl@7cd5e44[WfdBroker]: MSG_RESIZED_REPORT: frame=Rect(540, 1141 - 540, 1141) ci=Rect(0, 0 - 0, 0) vi=Rect(0, 0 - 0, 0) or=1
03-25 22:10:32.445  2080  2080 D ViewRootImpl@ecf06bd[StatusBar]: mHardwareRenderer.updateSurface() mSurface={isValid=true 547597221376}
03-25 22:10:32.461  2080  2080 D KeyguardWallpaperController: onLayoutChange() v: com.android.systemui.statusbar.BackDropView{f77e4d I.E...... ......ID 0,0-1080,63 #7f1304be app:id/backdrop}, bottom : 63, oldBottom : 2220
03-25 22:10:32.461  2080  2080 D KeyguardWallpaperController: mShowing=false, mOccluded=false, mFadingAway=false, match_parent=false
03-25 22:10:32.475  1432  4745 D WindowManager: finishDrawingWindow: Window{20c0eb6d0 u0 Connecting to MiraScreen D941DBFF} mDrawState=HAS_DRAWN
03-25 22:10:32.475  1432  1483 V WindowManager: Relayout Window{77e4140d0 u0 Bouncer}: viewVisibility=4 req=1080x0 WM.LayoutParams{(0,0)(fillx0) gr=#30 sim=#10 ty=2009 fl=#81000148 fmt=-3 or=5 vsysui=0x610 if=0x4 userActivityTimeout=5000 screenDimDuration=0 sfl=0x40000}
03-25 22:10:32.489 15262 15262 D ViewRootImpl@a444258[CastingDialog]: mHardwareRenderer.destroy()#1
03-25 22:10:32.492  2080  2080 D ViewRootImpl@ac159fe[Bouncer]: Relayout returned: oldFrame=[0,0][1080,0] newFrame=[0,0][1080,0] result=0x1 surface={isValid=false 0} surfaceGenerationChanged=false
03-25 22:10:32.492  1432  2546 D WindowManager: finishDrawingWindow: Window{f414590d0 u0 com.sec.android.app.wfdbroker/com.sec.android.app.wfdbroker.WfdBroker} mDrawState=HAS_DRAWN
03-25 22:10:32.492  1432  4240 V WindowManager: Relayout Window{431c0e7d0 u0 com.samsung.android.smartmirroring/com.samsung.android.smartmirroring.CastingDialog}: viewVisibility=8 req=1015x950 WM.LayoutParams{(0,0)(wrapxwrap) gr=#11 sim=#120 ty=2 fl=#1820002 fmt=-3 wanim=0x103038b surfaceInsets=Rect(6, 6 - 6, 6) needsMenuKey=2 dimDuration=150 naviIconColor=0 sfl=0x80000}
03-25 22:10:32.508  1432  1590 D KnoxTimeoutHandler: notifyActivityDrawn [MsgParam] userId: 0 fullscreen is false showWhenlocked is false isMutiwindowRecord is false multiwindowstyle is 1
03-25 22:10:32.508  1432  1432 D KnoxTimeoutHandler: activityDrawn [MsgParam] userId: 0 fullscreen is false showWhenlocked is false isMutiwindowRecord is false multiwindowstyle is 1
03-25 22:10:32.508 15262 15262 D ViewRootImpl@a444258[CastingDialog]: Relayout returned: oldFrame=[32,603][1047,1553] newFrame=[32,603][1047,1553] result=0x5 surface={isValid=false 0} surfaceGenerationChanged=true
03-25 22:10:32.509  1432  1432 I KnoxTimeoutHandler: SD activityfalse
03-25 22:10:32.510 15262 15262 D ViewRootImpl@95e486e[CastingDialog]: mHardwareRenderer.destroy()#1
03-25 22:10:32.510  1432  1590 I ActivityManager: Displayed com.sec.android.app.wfdbroker/.WfdBroker: +285ms
03-25 22:10:32.511  1432  2565 V WindowManager: Relayout Window{88e6f30d0 u0 com.samsung.android.smartmirroring/com.samsung.android.smartmirroring.CastingDialog}: viewVisibility=8 req=168x168 WM.LayoutParams{(0,0)(wrapxwrap) sim=#120 ty=1 fl=#1800002 fmt=-3 wanim=0x103038b surfaceInsets=Rect(6, 6 - 6, 6) needsMenuKey=2 naviIconColor=0 sfl=0x80000}
03-25 22:10:32.526 15262 15262 D ViewRootImpl@95e486e[CastingDialog]: Relayout returned: oldFrame=[456,994][624,1162] newFrame=[456,994][624,1162] result=0x5 surface={isValid=false 0} surfaceGenerationChanged=true
03-25 22:10:32.532  1432  1976 D AllAroundSensingService: packageName : com.sec.android.app.wfdbroker    className : com.sec.android.app.wfdbroker.WfdBroker
03-25 22:10:32.532  1432  1976 V AllAroundSensingService: setPlatformBrightnessValue 120
03-25 22:10:32.693  1432  1506 D WindowManager: set systemUiVisibility of statusbar : systemUiFlags= 0x900a fullscreenStackSysUiFlag= 0x60
03-25 22:10:32.693  2080  2080 D SecNavigationBarView: setIconColor() called - color : 0
03-25 22:10:32.693  2080  2080 D SecNavigationBarView: setIconsLight() iconColor : ffa6a6a6
03-25 22:10:32.694  2080  2080 D NaviBarRemoteViewManager: getRightRemoteView View : null
03-25 22:10:32.694  2080  2080 D NaviBarRemoteViewManager: getLeftRemoteView View : null
03-25 22:10:32.694  2080  2080 D SecNavigationBarView: setIconsLight() iconColor : fffafafa
03-25 22:10:32.694  2080  2080 D NaviBarRemoteViewManager: getRightRemoteView View : null
03-25 22:10:32.694  2080  2080 D NaviBarRemoteViewManager: getLeftRemoteView View : null
03-25 22:10:32.708  2080  2080 D SecNavigationBarView: updateRemoteView mCurrentRemoteView visibility : 0
03-25 22:10:32.708  2080  2080 D NaviBarRemoteViewManager: getLeftRemoteView View : null
03-25 22:10:32.708  2080  2080 D NaviBarRemoteViewManager: getRightRemoteView View : null
03-25 22:10:32.708  2080  2080 D NaviBarRemoteViewManager: getLeftRemoteView View : null
03-25 22:10:32.829  1432  1590 D CustomFrequencyManagerService: acquireDVFSLockLocked : type : DVFS_MIN_LIMIT  frequency : 1574400  uid : 1000  pid : 1432  pkgName : AMS_RESUME_TAIL@CPU_MIN@62
03-25 22:10:32.829  1432  1590 D ActivityManagerPerformance: AMP_acquire() TAIL
03-25 22:10:32.830  1432  1590 D CustomFrequencyManagerService: FrequencyrequestList.getNextMaxCPUCoreRequest, index: 1
03-25 22:10:32.830  1432  1590 D CustomFrequencyManagerService: releaseDVFSLockLocked : Getting Lock type frm List : DVFS_MIN_LIMIT  frequency : 2361600  uid : 1000  pid : 1432  tag : AMS_APP_SWITCH@CPU_MIN@56
03-25 22:10:32.831  1432  1590 D ActivityManagerPerformance: AMP_release() APP_SWITCH
03-25 22:10:32.832 15262 15262 D CastingDialogFragment: onStop
03-25 22:10:32.833 15262 15262 D BixbyApi_0.1.4: Bixby Supported:true
03-25 22:10:32.833  2498 15556 D ForegroundUtils: could not check pending caller
03-25 22:10:32.835 15262 15262 W ContextImpl: Calling a method in the system process without a qualified user: android.app.ContextImpl.sendBroadcast:906 android.content.ContextWrapper.sendBroadcast:457 com.samsung.android.smartmirroring.utils.Utils.insertLog:362 com.samsung.android.smartmirroring.CastingDialogFragment.onStop:352 android.app.Fragment.performStop:2542
03-25 22:10:32.835  1432  1590 I WifiDisplayAdapter:     onReceive : com.sec.android.screensharing.LOGGING
03-25 22:10:32.836 15262 15262 W ContextImpl: Calling a method in the system process without a qualified user: android.app.ContextImpl.sendBroadcast:906 android.content.ContextWrapper.sendBroadcast:457 com.samsung.android.smartmirroring.utils.Utils.insertLog:362 com.samsung.android.smartmirroring.CastingDialogFragment.onStop:353 android.app.Fragment.performStop:2542
03-25 22:10:32.836  1432  1590 I WifiDisplayAdapter: insertLog... feature:SWFD, extra:1
03-25 22:10:32.836  1432  1590 W ContextImpl: Calling a method in the system process without a qualified user: android.app.ContextImpl.sendBroadcast:906 com.android.server.display.WifiDisplayAdapter.insertLog:2608 com.android.server.display.WifiDisplayAdapter.-wrap13:-1 com.android.server.display.WifiDisplayAdapter$3.onReceive:1238 android.app.LoadedApk$ReceiverDispatcher$Args.run:1185
03-25 22:10:32.836 15262 15262 W ContextImpl: Calling a method in the system process without a qualified user: android.app.ContextImpl.sendBroadcast:906 android.content.ContextWrapper.sendBroadcast:457 com.samsung.android.smartmirroring.utils.Utils.insertLog:362 com.samsung.android.smartmirroring.CastingDialogFragment.onStop:354 android.app.Fragment.performStop:2542
03-25 22:10:32.836  1432  1590 I WifiDisplayAdapter:     onReceive : com.sec.android.screensharing.LOGGING
03-25 22:10:32.836  1432  1590 I WifiDisplayAdapter: insertLog... feature:SDLN, extra:0
03-25 22:10:32.837  1432  1590 W ContextImpl: Calling a method in the system process without a qualified user: android.app.ContextImpl.sendBroadcast:906 com.android.server.display.WifiDisplayAdapter.insertLog:2608 com.android.server.display.WifiDisplayAdapter.-wrap13:-1 com.android.server.display.WifiDisplayAdapter$3.onReceive:1238 android.app.LoadedApk$ReceiverDispatcher$Args.run:1185
03-25 22:10:32.838 15262 15262 W ContextImpl: Calling a method in the system process without a qualified user: android.app.ContextImpl.sendBroadcast:906 android.content.ContextWrapper.sendBroadcast:457 com.samsung.android.smartmirroring.utils.Utils.insertLog:362 com.samsung.android.smartmirroring.CastingDialogFragment.onStop:355 android.app.Fragment.performStop:2542
03-25 22:10:32.841 15262 15262 D CastingDialog: onDestroy
03-25 22:10:32.842  1432  1590 I WifiDisplayAdapter:     onReceive : com.sec.android.screensharing.LOGGING
03-25 22:10:32.842  1432  1590 I WifiDisplayAdapter: insertLog... feature:SGCT, extra:1
03-25 22:10:32.842  1432  1590 W ContextImpl: Calling a method in the system process without a qualified user: android.app.ContextImpl.sendBroadcast:906 com.android.server.display.WifiDisplayAdapter.insertLog:2608 com.android.server.display.WifiDisplayAdapter.-wrap13:-1 com.android.server.display.WifiDisplayAdapter$3.onReceive:1238 android.app.LoadedApk$ReceiverDispatcher$Args.run:1185
03-25 22:10:32.843  1432  1590 I WifiDisplayAdapter:     onReceive : com.sec.android.screensharing.LOGGING
03-25 22:10:32.843  1432  1590 I WifiDisplayAdapter: insertLog... feature:SDEV, extra:2
03-25 22:10:32.843  1432  1590 W ContextImpl: Calling a method in the system process without a qualified user: android.app.ContextImpl.sendBroadcast:906 com.android.server.display.WifiDisplayAdapter.insertLog:2608 com.android.server.display.WifiDisplayAdapter.-wrap13:-1 com.android.server.display.WifiDisplayAdapter$3.onReceive:1238 android.app.LoadedApk$ReceiverDispatcher$Args.run:1185
03-25 22:10:32.844 15262 15262 D ViewRootImpl@a444258[CastingDialog]: mHardwareRenderer.destroy()#4
03-25 22:10:32.844 15262 15262 D ViewRootImpl@a444258[CastingDialog]: dispatchDetachedFromWindow
03-25 22:10:32.844  1432  2506 D WindowManager: disposeInputChannel mInputChannel: 431c0e7 com.samsung.android.smartmirroring/com.samsung.android.smartmirroring.CastingDialog (server)
03-25 22:10:32.845  1432  2506 I WindowManager_SurfaceController: Destroying surface Surface(name=com.samsung.android.smartmirroring/com.samsung.android.smartmirroring.CastingDialog) called by com.android.server.wm.WindowStateAnimator.destroySurface:3067 com.android.server.wm.WindowStateAnimator.destroySurfaceLocked:1147 com.android.server.wm.WindowState.removeLocked:1919 com.android.server.wm.WindowManagerService.removeWindowInnerLocked:3044 com.android.server.wm.WindowManagerService.removeWindowInnerLocked:3004 com.android.server.wm.WindowManagerService.removeWindowLocked:2970 com.android.server.wm.WindowManagerService.removeWindowLocked:2772 com.android.server.wm.WindowManagerService.removeWindowLocked:2767
03-25 22:10:32.846   636  2648 I SurfaceFlinger: id=117 Removed DastingDial (5/13)
03-25 22:10:32.846   636   707 I SurfaceFlinger: id=117 Removed DastingDial (-2/13)
03-25 22:10:32.859  1432  2506 D InputTransport: Input channel destroyed: fd=525
03-25 22:10:32.859 15262 15262 D InputTransport: Input channel destroyed: fd=79
03-25 22:10:32.860 15262 15262 I SemDesktopModeManager: unregisterListener: android.view.ViewRootImpl$3@38f73be
03-25 22:10:32.860 15262 15262 D ViewRootImpl@95e486e[CastingDialog]: mHardwareRenderer.destroy()#4
03-25 22:10:32.861 15262 15262 D ViewRootImpl@95e486e[CastingDialog]: dispatchDetachedFromWindow
03-25 22:10:32.861  1432  4747 D WindowManager: disposeInputChannel mInputChannel: 88e6f30 com.samsung.android.smartmirroring/com.samsung.android.smartmirroring.CastingDialog (server)
03-25 22:10:32.861  1432  4747 I WindowManager_SurfaceController: Destroying surface Surface(name=com.samsung.android.smartmirroring/com.samsung.android.smartmirroring.CastingDialog) called by com.android.server.wm.WindowStateAnimator.destroySurface:3067 com.android.server.wm.WindowStateAnimator.destroySurfaceLocked:1147 com.android.server.wm.WindowState.removeLocked:1919 com.android.server.wm.WindowManagerService.removeWindowInnerLocked:3044 com.android.server.wm.WindowManagerService.removeWindowInnerLocked:3004 com.android.server.wm.WindowManagerService.removeWindowLocked:2970 com.android.server.wm.WindowManagerService.removeWindowLocked:2772 com.android.server.wm.WindowManagerService.removeWindowLocked:2767
03-25 22:10:32.862   636  3776 I SurfaceFlinger: id=118 Removed DastingDial (4/12)
03-25 22:10:32.862   636  1058 I SurfaceFlinger: id=118 Removed DastingDial (-2/12)
03-25 22:10:32.875  1432  4747 D InputTransport: Input channel destroyed: fd=543
03-25 22:10:32.876 15262 15262 D InputTransport: Input channel destroyed: fd=82
03-25 22:10:32.876 15262 15262 I SemDesktopModeManager: unregisterListener: android.view.ViewRootImpl$3@6a533e9
03-25 22:10:32.934  1432  1974 D MdnieScenarioControlService:  packageName : com.sec.android.app.wfdbroker    className : com.sec.android.app.wfdbroker.WfdBroker
03-25 22:10:32.934  1432  1974 V MdnieScenarioControlService: setUIMode from UI function(3)
03-25 22:10:33.085  1432  1976 D AllAroundSensingService: packageName : com.sec.android.app.wfdbroker    className : com.sec.android.app.wfdbroker.WfdBroker
03-25 22:10:33.085  1432  1976 V AllAroundSensingService: setPlatformBrightnessValue 120
03-25 22:10:33.131  1432  1432 D CustomFrequencyManagerService: releaseDVFSLockLocked : Getting Lock type frm List : DVFS_MIN_LIMIT  frequency : 1574400  uid : 1000  pid : 1432  tag : AMS_RESUME_TAIL@CPU_MIN@62
03-25 22:10:33.290 15262 15262 V CastingService: onTick 18991ms
03-25 22:10:33.767  2241  2241 I wpa_supplicant: P2P: Received GO Negotiation Request from 38:1d:d9:41:db:ff(freq=2412)
03-25 22:10:33.768  2241  2241 I wpa_supplicant: p2p0: P2P-BIGDATA-GROUP-OWNER-INTENT p2p_dev_addr=38:1d:d9:41:db:ff go_intent=0
03-25 22:10:33.770  2241  2241 I wpa_supplicant: P2P: own channels: 81:1,2,3,4,5,6,7,8,9,10,11 115:36,40,44,48 124:149,153,157,161 125:149,153,157,161,165 130:36,40,44,48
03-25 22:10:33.770  2241  2241 I wpa_supplicant: P2P: peer channels: 81:1,2,3,4,5,6,7,8,9,10,11,12,13
03-25 22:10:33.772  1432  1922 D WifiP2pService: GroupNegotiationState{ what=147593 }
03-25 22:10:33.773  1432  1922 D WifiP2pService: GroupCreatingState{ what=147593 }
03-25 22:10:33.774  2241  2241 I wpa_supplicant: P2P: Peer operating channel preference: 2462 MHz
03-25 22:10:33.775  1432  1922 D WifiP2pService: P2pEnabledState{ what=147593 }
03-25 22:10:33.775  2241  2241 I wpa_supplicant: P2P: Sending GO Negotiation Response with status=0
03-25 22:10:33.775  1432  1922 D WifiP2pService: DefaultState{ what=147593 }
03-25 22:10:33.838  2241  2241 I wpa_supplicant: P2P: GO Negotiation Response TX callback: success=1
03-25 22:10:33.838  2241  2241 I wpa_supplicant: P2P: Received GO Negotiation Confirm from 38:1d:d9:41:db:ff
03-25 22:10:33.896  2241  2241 I wpa_supplicant: P2P: own channels: 81:1,2,3,4,5,6,7,8,9,10,11 115:36,40,44,48 124:149,153,157,161 125:149,153,157,161,165 130:36,40,44,48
03-25 22:10:33.896  2241  2241 I wpa_supplicant: P2P: peer channels: 81:1,2,3,4,5,6,7,8,9,10,11,12,13
03-25 22:10:33.897  2241  2241 I wpa_supplicant: P2P: Set prekey mode (ENABLED -> ENABLED)
03-25 22:10:33.897  2241  2241 I wpa_supplicant: P2P-GO-NEG-SUCCESS role=GO freq=2412 ht40=0 peer_dev=38:1d:d9:41:db:ff peer_iface=38:1d:d9:41:db:ff wps_method=PBC
03-25 22:10:33.900  1432  1922 D WifiP2pService: GroupNegotiationState{ what=147481 }
03-25 22:10:33.901  1432  1922 D WifiP2pService: GroupNegotiationState go success
03-25 22:10:33.907  2241  2241 I wpa_supplicant: rfkill: Cannot open RFKILL control device
03-25 22:10:33.909   696  1609 D Netd    : Iface p2p-wlan0-0 link up
03-25 22:10:33.911   949   973 I QC-NETMGR-LIB: Received nl msg, recvmsg returned 1200
03-25 22:10:33.911   949   973 I QC-NETMGR-LIB: Received command: ID=NETMGR_KIF_MSG_CMD, link=0
03-25 22:10:33.912   949  1053 I QC-NETMGR-LIB: Process command: ID=NETMGR_KIF_MSG_CMD, link=0, state=1
03-25 22:10:33.912   949  1053 I QC-NETMGR-LIB: Processing RTM_NEWLINK
03-25 22:10:33.912   949  1053 I QC-NETMGR-LIB: Metainfo:  Index=31 Family=0 Type=0x1 Change=[0x1]UP  Flags=[0x11043]UP BROADCAST RUNNING MULTICAST LOWER_UP
03-25 22:10:33.912   949   973 I QC-NETMGR-LIB: Received nl msg, recvmsg returned 1200
03-25 22:10:33.912   949  1053 I QC-NETMGR-LIB: Rcvd Netlink msg type [16]
03-25 22:10:33.912   949  1053 I QC-NETMGR-LIB: Received RTM_NEWLINK
03-25 22:10:33.912   949   973 I QC-NETMGR-LIB: Received command: ID=NETMGR_KIF_MSG_CMD, link=0
03-25 22:10:33.912   949  1053 I QC-NETMGR-LIB: netmgr_kif_is_ifindex_wlan(): input ifindex=31, wlan0 ifindex=7
03-25 22:10:33.912   949  1053 E QC-NETMGR-LIB: unrecognized ifindex 31, disable link
03-25 22:10:33.912   949  1053 I QC-NETMGR-LIB: Process command: ID=NETMGR_KIF_MSG_CMD, link=0, state=1
03-25 22:10:33.912   949  1053 I QC-NETMGR-LIB: Processing RTM_NEWLINK
03-25 22:10:33.912   949  1053 I QC-NETMGR-LIB: Metainfo:  Index=31 Family=0 Type=0x1 Change=[0x0] Flags=[0x11003]UP BROADCAST MULTICAST LOWER_UP
03-25 22:10:33.912   949  1053 I QC-NETMGR-LIB: Rcvd Netlink msg type [16]
03-25 22:10:33.912   696  1609 D Netd    : Iface p2p-wlan0-0 link up
03-25 22:10:33.912   949  1053 I QC-NETMGR-LIB: Received RTM_NEWLINK
03-25 22:10:33.912   949  1053 I QC-NETMGR-LIB: netmgr_kif_is_ifindex_wlan(): input ifindex=31, wlan0 ifindex=7
03-25 22:10:33.912   696  1609 D Netd    : Iface p2p-wlan0-0 link up
03-25 22:10:33.912   949  1053 E QC-NETMGR-LIB: unrecognized ifindex 31, disable link
03-25 22:10:33.912   949   973 I QC-NETMGR-LIB: Received nl msg, recvmsg returned 1200
03-25 22:10:33.912   949   973 I QC-NETMGR-LIB: Received command: ID=NETMGR_KIF_MSG_CMD, link=0
03-25 22:10:33.913   949  1053 I QC-NETMGR-LIB: Process command: ID=NETMGR_KIF_MSG_CMD, link=0, state=1
03-25 22:10:33.913   949  1053 I QC-NETMGR-LIB: Processing RTM_NEWLINK
03-25 22:10:33.913   949  1053 I QC-NETMGR-LIB: Metainfo:  Index=31 Family=0 Type=0x1 Change=[0x0] Flags=[0x11003]UP BROADCAST MULTICAST LOWER_UP
03-25 22:10:33.913   949  1053 I QC-NETMGR-LIB: Rcvd Netlink msg type [16]
03-25 22:10:33.913   949  1053 I QC-NETMGR-LIB: Received RTM_NEWLINK
03-25 22:10:33.913   949  1053 I QC-NETMGR-LIB: netmgr_kif_is_ifindex_wlan(): input ifindex=31, wlan0 ifindex=7
03-25 22:10:33.913   949  1053 E QC-NETMGR-LIB: unrecognized ifindex 31, disable link
03-25 22:10:33.914  1432  1588 D Tethering: interfaceLinkStateChanged p2p-wlan0-0, true
03-25 22:10:33.914  1432  1588 D Tethering: interfaceStatusChanged p2p-wlan0-0, true
03-25 22:10:33.917   949   973 I QC-NETMGR-LIB: Received nl msg, recvmsg returned 72
03-25 22:10:33.917   949   973 I QC-NETMGR-LIB: Received command: ID=NETMGR_KIF_MSG_CMD, link=0
03-25 22:10:33.917   949  1053 I QC-NETMGR-LIB: Process command: ID=NETMGR_KIF_MSG_CMD, link=0, state=1
03-25 22:10:33.917   949  1053 I QC-NETMGR-LIB: Processing RTM_NEWADDR
03-25 22:10:33.917   949  1053 I QC-NETMGR-LIB: Metainfo:  Family=10 PrefixLen=64 Scope=0xfd Index=31 Flags=[0xc4]OPTIMISTIC TENTATIVE PERMANENT
03-25 22:10:33.917   949  1053 I QC-NETMGR-LIB: Attribute: PrefixIPv6 addr [fe80:0000:0000:0000:b072:bfff:fedc:3230]
03-25 22:10:33.918   949  1053 I QC-NETMGR-LIB: Attribute: Address Cache Info - prefered=-1 valid=-1 cstamp=0x64481 tstamp=0x64481
03-25 22:10:33.918   949  1053 E QC-NETMGR-LIB: Unsupported attribute type, ignoring 0x8
03-25 22:10:33.918   949  1053 I QC-NETMGR-LIB: Attribute: BroadcastIPv6 addr [dc05:0000:0800:1b00:0000:0000:0800:1e00]
03-25 22:10:33.918   949  1053 I QC-NETMGR-LIB: Rcvd Netlink msg type [20]
03-25 22:10:33.918   949  1053 E QC-NETMGR-LIB: unrecognized ifindex 31
03-25 22:10:33.920  1432  1922 D WifiP2pService: GroupNegotiationState{ what=147462 }
03-25 22:10:33.921  1432  1922 D WifiP2pService: GroupCreatingState{ what=147462 }
03-25 22:10:33.921  1432  1922 D WifiP2pService: P2pEnabledState{ what=147462 }
03-25 22:10:33.921  1432  1922 D WifiP2pService: DefaultState{ what=147462 }
03-25 22:10:33.922  1432  1922 D WifiP2pService: GroupNegotiationState{ what=147462 }
03-25 22:10:33.922  1432  1922 D WifiP2pService: GroupCreatingState{ what=147462 }
03-25 22:10:33.923  1432  1922 D WifiP2pService: P2pEnabledState{ what=147462 }
03-25 22:10:33.923  1432  1922 D WifiP2pService: DefaultState{ what=147462 }
03-25 22:10:33.926  1432  1588 D Tethering: interfaceLinkStateChanged p2p-wlan0-0, true
03-25 22:10:33.926  1432  1588 D Tethering: interfaceStatusChanged p2p-wlan0-0, true
03-25 22:10:33.929  1432  1588 D Tethering: interfaceLinkStateChanged p2p-wlan0-0, true
03-25 22:10:33.929  1432  1588 D Tethering: interfaceStatusChanged p2p-wlan0-0, true
03-25 22:10:33.937  2241  2241 I wpa_supplicant: P2P: Current p2p state = PROVISIONING
03-25 22:10:33.965  2241  2241 E wpa_supplicant: Using interface p2p-wlan0-0 with hwaddr B2.32.30 and ssid "DIRECT-QLSM-G950U1"
03-25 22:10:33.975 15285 15853 V AllShare(ASF_DMC): [CP_DISCOVERY] RescanTimerExpiredCallBack: 310: Creating new thread for invalid device removal. timer_id: 2
03-25 22:10:34.054   696  1609 D Netd    : Iface p2p-wlan0-0 link up
03-25 22:10:34.056  2241  2241 I wpa_supplicant: p2p-wlan0-0: interface state UNINITIALIZED->ENABLED
03-25 22:10:34.056  2241  2241 I wpa_supplicant: p2p-wlan0-0: AP-ENABLED
03-25 22:10:34.056   949   973 I QC-NETMGR-LIB: Received nl msg, recvmsg returned 1200
03-25 22:10:34.056  2241  2241 I wpa_supplicant: CTRL-EVENT-CONNECTED - Connection to B2.32.30 completed [id=0 id_str=]
03-25 22:10:34.056   949   973 I QC-NETMGR-LIB: Received command: ID=NETMGR_KIF_MSG_CMD, link=0
03-25 22:10:34.057   949  1053 I QC-NETMGR-LIB: Process command: ID=NETMGR_KIF_MSG_CMD, link=0, state=1
03-25 22:10:34.057   949  1053 I QC-NETMGR-LIB: Processing RTM_NEWLINK
03-25 22:10:34.057   949  1053 I QC-NETMGR-LIB: Metainfo:  Index=31 Family=0 Type=0x1 Change=[0x0] Flags=[0x11043]UP BROADCAST RUNNING MULTICAST LOWER_UP
03-25 22:10:34.057   949  1053 I QC-NETMGR-LIB: Rcvd Netlink msg type [16]
03-25 22:10:34.057   949  1053 I QC-NETMGR-LIB: Received RTM_NEWLINK
03-25 22:10:34.057  1432  1588 D Tethering: interfaceLinkStateChanged p2p-wlan0-0, true
03-25 22:10:34.057   949  1053 I QC-NETMGR-LIB: netmgr_kif_is_ifindex_wlan(): input ifindex=31, wlan0 ifindex=7
03-25 22:10:34.057  1432  1588 D Tethering: interfaceStatusChanged p2p-wlan0-0, true
03-25 22:10:34.057   949  1053 E QC-NETMGR-LIB: unrecognized ifindex 31, disable link
03-25 22:10:34.060  1432  1922 D WifiP2pService: GroupNegotiationState{ what=147459 }
03-25 22:10:34.060  1432  1922 D WifiP2pService: GroupCreatingState{ what=147459 }
03-25 22:10:34.061  1432  1922 D WifiP2pService: P2pEnabledState{ what=147459 }
03-25 22:10:34.061  1432  1922 D WifiP2pService: DefaultState{ what=147459 }
03-25 22:10:34.062  1432  1922 D WifiP2pService: GroupNegotiationState{ what=147462 }
03-25 22:10:34.062  2241  2241 I wpa_supplicant: p2p-wlan0-0: WPS-PBC-ACTIVE
03-25 22:10:34.063  1432  1922 D WifiP2pService: GroupCreatingState{ what=147462 }
03-25 22:10:34.063  1432  1922 D WifiP2pService: P2pEnabledState{ what=147462 }
03-25 22:10:34.064  1432  1922 D WifiP2pService: DefaultState{ what=147462 }
03-25 22:10:34.291 15262 15262 V CastingService: onTick 17990ms
03-25 22:10:34.726  1432  1925 D WifiStateMachine: Current network is: "subnet" , ID is: 2
03-25 22:10:34.917   949   973 I QC-NETMGR-LIB: Received nl msg, recvmsg returned 72
03-25 22:10:34.917   949   973 I QC-NETMGR-LIB: Received command: ID=NETMGR_KIF_MSG_CMD, link=0
03-25 22:10:34.918   949  1053 I QC-NETMGR-LIB: Process command: ID=NETMGR_KIF_MSG_CMD, link=0, state=1
03-25 22:10:34.919   949  1053 I QC-NETMGR-LIB: Processing RTM_NEWADDR
03-25 22:10:34.919   949  1053 I QC-NETMGR-LIB: Metainfo:  Family=10 PrefixLen=64 Scope=0xfd Index=31 Flags=[0x80]PERMANENT
03-25 22:10:34.919   949  1053 I QC-NETMGR-LIB: Attribute: PrefixIPv6 addr [fe80:0000:0000:0000:b072:bfff:fedc:3230]
03-25 22:10:34.919   949  1053 I QC-NETMGR-LIB: Attribute: Address Cache Info - prefered=-1 valid=-1 cstamp=0x64481 tstamp=0x64481
03-25 22:10:34.919   949  1053 E QC-NETMGR-LIB: Unsupported attribute type, ignoring 0x8
03-25 22:10:34.919   949  1053 I QC-NETMGR-LIB: Rcvd Netlink msg type [20]
03-25 22:10:34.920   949  1053 E QC-NETMGR-LIB: unrecognized ifindex 31
03-25 22:10:35.293 15262 15262 V CastingService: onTick 16988ms
03-25 22:10:35.350  1432  2022 D skia    : Encode PNG Singlethread :      91467 us, width=609, height=570
03-25 22:10:36.168  2241  2241 I wpa_supplicant: p2p-wlan0-0: CTRL-EVENT-SUBNET-STATUS-UPDATE status=0
03-25 22:10:36.171  2241  2241 I wpa_supplicant: CTRL-EVENT-EAP-STARTED 38.DB.FF
03-25 22:10:36.171  2241  2241 I wpa_supplicant: p2p-wlan0-0: CTRL-EVENT-EAP-PROPOSED-METHOD vendor=0 method=1
03-25 22:10:36.295 15262 15262 V CastingService: onTick 15986ms
03-25 22:10:36.595  2789  2789 D io_stats: !@   8,0 r 132731 7031984 w 56651 947016 d 6410 342972 f 8560 25394 iot 121090 97993 th 271048 0 0 pt 0 inp 0 0 4110.207
03-25 22:10:36.704   589   589 E audit   : type=1400 audit(1585199436.688:5542): avc:  denied  { ioctl } for  pid=15876 comm="sensors.qcom" path="/dev/sensors" dev="tmpfs" ino=20644 ioctlcmd=6403 scontext=u:r:init:s0 tcontext=u:object_r:sensors_device:s0 tclass=chr_file permissive=1 SEPF_SECMOBILE_7.0_0009 unfiltered
03-25 22:10:36.705   589   589 E audit   : type=1300 audit(1585199436.688:5542): arch=c00000b7 syscall=29 success=yes exit=0 a0=b a1=80086403 a2=7f92a0b22c a3=e1bc708f46df6c50 items=0 ppid=1 pid=15876 auid=4294967295 uid=0 gid=0 euid=0 suid=0 fsuid=0 egid=0 sgid=0 fsgid=0 tty=(none) ses=4294967295 comm="sensors.qcom" exe="/system/bin/sensors.qcom" subj=u:r:init:s0 key=(null)
03-25 22:10:36.710  1432  1579 W ContextImpl: Calling a method in the system process without a qualified user: android.app.ContextImpl.sendBroadcast:906 com.android.server.SEDenialService$AuditFileObserver.onEvent:98 android.os.FileObserver$ObserverThread.onEvent:122 android.os.FileObserver$ObserverThread.observe:-2 android.os.FileObserver$ObserverThread.run:85
03-25 22:10:36.713   589   589 E audit   : type=1327 audit(1585199436.688:5542): proctitle="/system/bin/sensors.qcom"
03-25 22:10:37.172  2241  2241 I wpa_supplicant: CTRL-EVENT-EAP-STARTED 38.DB.FF
03-25 22:10:37.172  2241  2241 I wpa_supplicant: p2p-wlan0-0: CTRL-EVENT-EAP-PROPOSED-METHOD vendor=0 method=1
03-25 22:10:37.191  2241  2241 I wpa_supplicant: p2p-wlan0-0: CTRL-EVENT-EAP-PROPOSED-METHOD vendor=14122 method=254
03-25 22:10:37.297 15262 15262 V CastingService: onTick 14985ms
03-25 22:10:37.402  1432  4242 D ConnectivityService: filterNetworkStateForUid() uid: 10166 networkInfo: [type: WIFI[] - WIFI, state: CONNECTED/CONNECTED, reason: (unspecified), extra: "subnet", failover: false, available: true, roaming: false, metered: false]
03-25 22:10:37.778  1432  1925 D WifiStateMachine: Current network is: "subnet" , ID is: 2
03-25 22:10:37.786  1432  2016 E lights  : write_int failed to open -1
03-25 22:10:38.303 15262 15262 V CastingService: onTick 13978ms
03-25 22:10:38.370  1432  5051 D SSRM:m  : SIOP:: AP = 290, PST = 293 (W:15), CP = 287, CUR = -281, LCD = 101
03-25 22:10:38.372  1432  5051 D ConnectivityService: filterNetworkStateForUid() uid: 1000 networkInfo: [type: WIFI[] - WIFI, state: CONNECTED/CONNECTED, reason: (unspecified), extra: "subnet", failover: false, available: true, roaming: false, metered: false]
03-25 22:10:38.383  1432  5051 D SSRM:ae : ssrm_camera_info is null
03-25 22:10:38.625  2241  2241 I wpa_supplicant: p2p-wlan0-0: WPS-REG-SUCCESS 38:1d:d9:41:db:ff 381dd941-dbff-0000-0000-000000000000
03-25 22:10:38.626  2241  2241 I wpa_supplicant: P2P-GROUP-FORMATION-SUCCESS
03-25 22:10:38.631  1432  1922 D WifiP2pService: GroupNegotiationState{ what=147483 }
03-25 22:10:38.632  1432  1922 D WifiP2pService: GroupNegotiationState go success
03-25 22:10:38.634  2241  2241 I wpa_supplicant: P2P-GROUP-STARTED p2p-wlan0-0 GO ssid="DIRECT-QLSM-G950U1" freq=2412 go_dev_addr=b2:72:bf:dc:b2:30
03-25 22:10:38.641  2241  2241 I wpa_supplicant: p2p-wlan0-0: WPS-PBC-DISABLE
03-25 22:10:38.641  1432  1922 D WifiP2pService: GroupNegotiationState{ what=147485 }
03-25 22:10:38.641  2241  2241 I wpa_supplicant: p2p-wlan0-0: WPS-SUCCESS
03-25 22:10:38.642  2241  2241 I wpa_supplicant: CTRL-EVENT-EAP-FAILURE 38.DB.FF
03-25 22:10:38.642  1432  1922 D WifiP2pService: GroupNegotiationState group started
03-25 22:10:38.686   696  1617 D CommandListener: Setting iface cfg
03-25 22:10:38.688   949   973 I QC-NETMGR-LIB: Received nl msg, recvmsg returned 92
03-25 22:10:38.689   949   973 I QC-NETMGR-LIB: Received command: ID=NETMGR_KIF_MSG_CMD, link=0
03-25 22:10:38.691   949  1053 I QC-NETMGR-LIB: Process command: ID=NETMGR_KIF_MSG_CMD, link=0, state=1
03-25 22:10:38.691   949  1053 I QC-NETMGR-LIB: Processing RTM_NEWADDR
03-25 22:10:38.691   949  1053 I QC-NETMGR-LIB: Metainfo:  Family=2 PrefixLen=24 Scope=0x0 Index=31 Flags=[0x80]PERMANENT
03-25 22:10:38.692   949  1053 I QC-NETMGR-LIB: Attribute: PrefixIPv4 addr [192.168.49.1]
03-25 22:10:38.692   949  1053 I QC-NETMGR-LIB: Attribute: LocalIPv4 addr [192.168.49.1]
03-25 22:10:38.692   949  1053 I QC-NETMGR-LIB: Attribute: BroadcastIPv4 addr [192.168.49.255]
03-25 22:10:38.693   949  1053 I QC-NETMGR-LIB: Attribute: Label name p2p-wlan0-0
03-25 22:10:38.693   949  1053 E QC-NETMGR-LIB: Unsupported attribute type, ignoring 0x8
03-25 22:10:38.693   949  1053 I QC-NETMGR-LIB: Attribute: Address Cache Info - prefered=-1 valid=-1 cstamp=0x6465f tstamp=0x6465f
03-25 22:10:38.693   949  1053 I QC-NETMGR-LIB: Rcvd Netlink msg type [20]
03-25 22:10:38.694   949  1053 E QC-NETMGR-LIB: unrecognized ifindex 31
03-25 22:10:38.695   696  1617 D CommandListener: Trying to bring up p2p-wlan0-0
03-25 22:10:38.701   696  1617 D CommandListener: TetherCmd::runCommand. argc: 2. argv[0]: tether
03-25 22:10:38.705   696  1617 D CommandListener: TetherCmd::runCommand. argc: 4. argv[0]: tether
03-25 22:10:38.706   696  1617 D TetherController: tetherInterface(p2p-wlan0-0)
03-25 22:10:38.773   696  1617 D CommandListener: TetherCmd::runCommand. argc: 4. argv[0]: tether
03-25 22:10:38.773   696  1617 D TetherController: Starting tethering services 9 14
03-25 22:10:38.775   696  1617 D TetherController: Sending update msg to dnsmasq [update_ifaces|p2p-wlan0-0]
03-25 22:10:38.776   696  1617 D TetherController: Tethering services running
03-25 22:10:38.776 15881 15881 D TetherController: NUM ADDR.. 2
03-25 22:10:38.778  1432  1922 D WifiP2pService: Started Dhcp server on p2p-wlan0-0
03-25 22:10:38.779  1432  1922 D WifiP2pService: GroupCreatedState
03-25 22:10:38.780  1432  1922 D WifiP2pService: GroupCreatedState{ what=147464 }
03-25 22:10:38.781  1432  1922 D WifiP2pService: P2pEnabledState{ what=147464 }
03-25 22:10:38.782  1432  1922 D WifiP2pService: DefaultState{ what=147464 }
03-25 22:10:38.802   589   589 E audit   : type=1400 audit(1585199438.788:5545): avc:  denied  { name_bind } for  pid=15881 comm="dnsmasq" src=67 scontext=u:r:init:s0 tcontext=u:object_r:port:s0 tclass=udp_socket permissive=1 SEPF_SECMOBILE_7.0_0009 unfiltered
03-25 22:10:38.803   589   589 E audit   : type=1400 audit(1585199438.788:5545): avc:  denied  { node_bind } for  pid=15881 comm="dnsmasq" src=67 scontext=u:r:init:s0 tcontext=u:object_r:node:s0 tclass=udp_socket permissive=1 SEPF_SECMOBILE_7.0_0009 unfiltered
03-25 22:10:38.803   589   589 E audit   : type=1400 audit(1585199438.788:5545): avc:  denied  { net_bind_service } for  pid=15881 comm="dnsmasq" capability=10  scontext=u:r:init:s0 tcontext=u:r:init:s0 tclass=capability permissive=1 SEPF_SECMOBILE_7.0_0009 unfiltered
03-25 22:10:38.803   589   589 E audit   : type=1300 audit(1585199438.788:5545): arch=c00000b7 syscall=200 success=yes exit=0 a0=4 a1=7feece3c68 a2=10 a3=7feece3c64 items=0 ppid=696 pid=15881 auid=4294967295 uid=0 gid=0 euid=0 suid=0 fsuid=0 egid=0 sgid=0 fsgid=0 tty=(none) ses=4294967295 comm="dnsmasq" exe="/system/bin/dnsmasq" subj=u:r:init:s0 key=(null)
03-25 22:10:38.803 15881 15881 I dnsmasq : started, version 2.62 cachesize 150
03-25 22:10:38.803 15881 15881 I dnsmasq : compile time options: IPv6 GNU-getopt no-DBus no-i18n no-IDN DHCP DHCPv6 no-scripts no-TFTP no-conntrack
03-25 22:10:38.803 15881 15881 W dnsmasq : warning: no upstream servers configured
03-25 22:10:38.803 15881 15881 I dnsmasq : DHCP, IP range 192.168.49.100 -- 192.168.49.199, lease time 1h
03-25 22:10:38.807   589   589 E audit   : type=1327 audit(1585199438.788:5545): proctitle=2F73797374656D2F62696E2F646E736D617371002D2D6B6565702D696E2D666F726567726F756E64002D2D6E6F2D7265736F6C76002D2D6E6F2D706F6C6C002D2D646863702D617574686F7269746174697665002D2D646863702D6F7074696F6E2D666F7263653D34332C414E44524F49445F4D455445524544002D2D706964
03-25 22:10:38.807   589   589 E audit   : type=1400 audit(1585199438.788:5546): avc:  denied  { name_bind } for  pid=15881 comm="dnsmasq" src=53 scontext=u:r:init:s0 tcontext=u:object_r:port:s0 tclass=tcp_socket permissive=1 SEPF_SECMOBILE_7.0_0009 unfiltered
03-25 22:10:38.807   589   589 E audit   : type=1400 audit(1585199438.788:5546): avc:  denied  { node_bind } for  pid=15881 comm="dnsmasq" src=53 scontext=u:r:init:s0 tcontext=u:object_r:node:s0 tclass=tcp_socket permissive=1 SEPF_SECMOBILE_7.0_0009 unfiltered
03-25 22:10:38.807   589   589 E audit   : type=1300 audit(1585199438.788:5546): arch=c00000b7 syscall=200 success=yes exit=0 a0=7 a1=7feece3c68 a2=10 a3=7feece3c10 items=0 ppid=696 pid=15881 auid=4294967295 uid=0 gid=0 euid=0 suid=0 fsuid=0 egid=0 sgid=0 fsgid=0 tty=(none) ses=4294967295 comm="dnsmasq" exe="/system/bin/dnsmasq" subj=u:r:init:s0 key=(null)
03-25 22:10:38.808   589   589 E audit   : type=1327 audit(1585199438.788:5546): proctitle=2F73797374656D2F62696E2F646E736D617371002D2D6B6565702D696E2D666F726567726F756E64002D2D6E6F2D7265736F6C76002D2D6E6F2D706F6C6C002D2D646863702D617574686F7269746174697665002D2D646863702D6F7074696F6E2D666F7263653D34332C414E44524F49445F4D455445524544002D2D706964
03-25 22:10:38.808  1432  1579 W ContextImpl: Calling a method in the system process without a qualified user: android.app.ContextImpl.sendBroadcast:906 com.android.server.SEDenialService$AuditFileObserver.onEvent:98 android.os.FileObserver$ObserverThread.onEvent:122 android.os.FileObserver$ObserverThread.observe:-2 android.os.FileObserver$ObserverThread.run:85
03-25 22:10:39.065 15881 15881 I dnsmasq : read /etc/hosts - 58362 addresses
03-25 22:10:39.076 15881 15881 E dnsmasq : Unknown cmd 'update_ifaces'
03-25 22:10:39.306 15262 15262 V CastingService: onTick 12975ms
03-25 22:10:39.359  2241  2241 I wpa_supplicant: WPA: Sending 1/4 msg of 4-Way Handshake
03-25 22:10:39.361  2241  2241 I wpa_supplicant: p2p-wlan0-0: CTRL-EVENT-SUBNET-STATUS-UPDATE status=0
03-25 22:10:39.381  2241  2241 I wpa_supplicant: WPA: Received EAPOL-Key frame from 38.DB.FF (2/4 Pairwise)
03-25 22:10:39.385  2241  2241 I wpa_supplicant: WPA: Sending 3/4 msg of 4-Way Handshake
03-25 22:10:39.402  2241  2241 I wpa_supplicant: WPA: Received EAPOL-Key frame from 38.DB.FF (4/4 Pairwise)
03-25 22:10:39.409  2241  2241 I wpa_supplicant: p2p-wlan0-0: AP-STA-CONNECTED 38:1d:d9:41:db:ff p2p_dev_addr=38:1d:d9:41:db:ff
03-25 22:10:39.410  2241  2241 I wpa_supplicant: p2p-wlan0-0: P2P-BIGDATA-CONNECTION-RESULT p2p_dev_addr=38:1d:d9:41:db:ff result=0
03-25 22:10:39.410  2241  2241 I wpa_supplicant: AP-STA-CONNECTED 38:1d:d9:41:db:ff p2p_dev_addr=38:1d:d9:41:db:ff
03-25 22:10:39.413  1432  1922 D WifiP2pService: GroupCreatedState{ what=147498 }
03-25 22:10:39.417  1432  1590 D WifiDisplayController: Received WIFI_P2P_THIS_DEVICE_CHANGED_ACTION: mThisDevice= Device: [Phone] phone-6
03-25 22:10:39.417  1432  1590 D WifiDisplayController:  deviceAddress: b2:72:bf:dc:b2:30
03-25 22:10:39.417  1432  1590 D WifiDisplayController:  primary type: 10-0050F204-5
03-25 22:10:39.417  1432  1590 D WifiDisplayController:  secondary type: null
03-25 22:10:39.417  1432  1590 D WifiDisplayController:  wps: 0
03-25 22:10:39.417  1432  1590 D WifiDisplayController:  grpcapab: 0
03-25 22:10:39.417  1432  1590 D WifiDisplayController:  devcapab: 0
03-25 22:10:39.417  1432  1590 D WifiDisplayController:  status: 0
03-25 22:10:39.417  1432  1590 D WifiDisplayController:  wfdInfo: WFD enabled: trueWFD DeviceInfo: 272
03-25 22:10:39.417  1432  1590 D WifiDisplayController:  WFD CtrlPort: 7236
03-25 22:10:39.417  1432  1590 D WifiDisplayController:  WFD MaxThroughput: 50
03-25 22:10:39.417  1432  1590 D WifiDisplayController:  groupownerAddress: null
03-25 22:10:39.417  1432  1590 D WifiDisplayController:  GOdeviceName: null
03-25 22:10:39.417  1432  1590 D WifiDisplayController:  interfaceAddress:
03-25 22:10:39.417  1432  1590 D WifiDisplayController:  SConnectInfo : null
03-25 22:10:39.417  1432  1590 D WifiDisplayController:  contactInfoHash : null
03-25 22:10:39.417  1432  1590 D WifiDisplayController:  ssDevInfo : 0
03-25 22:10:39.417  1432  1590 D WifiDisplayController:  iconIdx : 0
03-25 22:10:39.417  1432  1590 D WifiDisplayController:  semSamsungDeviceType : 0
03-25 22:10:39.417  1432  1590 D WifiDisplayController:  serviceData : null
03-25 22:10:39.417  1432  1590 D WifiDisplayController:  fw_invite : 0
03-25 22:10:39.419  1432  1922 D WifiP2pService: GroupCreatedState ap sta connected
03-25 22:10:39.424  1432  1922 E SemWifiService: SEC_COMMAND_ID_SET_WIFI_SCAN_WITH_P2P : Start scan, start assoc
03-25 22:10:39.426  1432  1925 D SemWifiSMUtil: WifiManager.SEC_COMMAND_ID_SET_WIFI_ENABLED_WITH_P2P mSkipScanAssoc : false
03-25 22:10:39.426  1432  1925 D SemWifiSMUtil: WifiNative.WIFI_NATIVE_CMD_SET_ESTABLISH_SUP_CONNECTION mSkipScanAssoc : false
03-25 22:10:39.426  1432  1925 D WifiNative-wlan0: callSECApiBoolean - ID [13]
03-25 22:10:39.428  2241  2241 I wpa_supplicant: USE_NETWORK : USE_NETWORK ON
03-25 22:10:39.428  1432  1922 D WifiP2pService: sending p2p connection changed broadcast: CONNECTED
03-25 22:10:39.432  1432  1949 D ConnectivityService: NetworkAgentInfo [WIFI_P2P () - 501] EVENT_NETWORK_INFO_CHANGED, going from DISCONNECTED to CONNECTED
03-25 22:10:39.435  1432  1590 D WifiDisplayController: Received WIFI_P2P_PEERS_CHANGED_ACTION.
03-25 22:10:39.443  1432  1590 D WifiDisplayController: Received WIFI_P2P_CONNECTION_CHANGED_ACTION: networkInfo=[type: WIFI_P2P[] - WIFI_P2P, state: CONNECTED/CONNECTED, reason: (unspecified), extra: (none), failover: false, available: true, roaming: false, metered: false]
03-25 22:10:39.444  1432  1922 D WifiP2pService: GroupCreatedState{ what=147592 }
03-25 22:10:39.446 15285 15285 V AllShare(ASF-DMC): SystemEventMonitor.checkP2PState - WIFI P2P STATE: CONNECTED
03-25 22:10:39.447 15285 15873 D AllShare(ASF-DMC): NetworkStatusListener.notifyNICAdded - NIC: p2p-wlan0-0
03-25 22:10:39.452  1432  1922 D WifiP2pService: P2pEnabledState{ what=147592 }
03-25 22:10:39.452 15285 15873 D AllShare(ASF-DMC): NetworkStatusListener.getNetworkInfo - finding NetworkInterface p2p-wlan0-0... bond0
03-25 22:10:39.453 15285 15873 D AllShare(ASF-DMC): NetworkStatusListener.getNetworkInfo - finding NetworkInterface p2p-wlan0-0... sit0
03-25 22:10:39.453 15285 15873 D AllShare(ASF-DMC): NetworkStatusListener.getNetworkInfo - finding NetworkInterface p2p-wlan0-0... lo
03-25 22:10:39.453 15285 15873 D AllShare(ASF-DMC): NetworkStatusListener.getNetworkInfo - finding NetworkInterface p2p-wlan0-0... dummy0
03-25 22:10:39.455  1432  1922 D WifiP2pService: DefaultState{ what=147592 }
03-25 22:10:39.455 15285 15873 D AllShare(ASF-DMC): NetworkStatusListener.getNetworkInfo - finding NetworkInterface p2p-wlan0-0... p2p0
03-25 22:10:39.456 15285 15873 D AllShare(ASF-DMC): NetworkStatusListener.getNetworkInfo - finding NetworkInterface p2p-wlan0-0... wlan0
03-25 22:10:39.456 15285 15873 I AllShare(ASF-DMC): NetworkStatusListener.getNetworkInfo - NetworkInterface found p2p-wlan0-0 == p2p-wlan0-0
03-25 22:10:39.456 15285 15873 I AllShare(ASF-DMC): NetworkStatusListener.getNetworkInfo - InetAddress found 192.168.49.1 in p2p-wlan0-0
03-25 22:10:39.457 15285 15873 I AllShare(ASF-DMC): NetworkStatusListener.getNetworkInfo - this is IPv4 we want: 192.168.49.1 in p2p-wlan0-0
03-25 22:10:39.458 15285 15873 D AllShare(ASF-DMC): NetworkStatusListener.notifyNICAdded - ip: 192.168.49.1, subnet mask: 255.255.255.0
03-25 22:10:39.458  1432  1922 D WifiP2pService: GroupCreatedState{ what=143420 }
03-25 22:10:39.458 15285 15873 I AllShare(ASF_DMC): [JNI] JavaNotifyNICAdded: 122: Enter JavaNotifyNICAdded
03-25 22:10:39.458  1432  1922 D WifiP2pService: P2pEnabledState{ what=143420 }
03-25 22:10:39.459 15285 15873 V AllShare(ASF_DMC): [NETWORK_LAYER] OnNetworkChanged: 205: ServerManager::OnNetworkChanged:NIC_ADDED
03-25 22:10:39.462  1432  1922 D WifiP2pService: DefaultState{ what=143420 }
03-25 22:10:39.463 15285 15873 D AllShare(ASF_DMC): [NETWORK_LAYER] Start: 141: TCPServer Started: 192.168.49.1:8187
03-25 22:10:39.464 15285 15873 D AllShare(ASF_DMC): [NETWORK_LAYER] Start: 85: listen_address [192.168.49.1]
03-25 22:10:39.464 15285 15873 D AllShare(ASF_DMC): [NETWORK_LAYER] Start: 112: New MulticastServer::Start() : 239.255.255.250:1900 Started
03-25 22:10:39.465 15285 15873 D AllShare(ASF_DMC): [NETWORK_LAYER] Start: 102: UDPServer Started:192.168.49.1:3942
03-25 22:10:39.465 15285 15873 V AllShare(ASF_DMC): [NETWORK_LAYER] NotifyNICIfEvent: 1124: 2 event listeners are notified!!!
03-25 22:10:39.466 12251 12251 D FileShare: FileShareBroadcastReceiver.onReceive - action android.net.wifi.p2p.CONNECTION_STATE_CHANGE // null
03-25 22:10:39.468 12251 12251 D FileShare: FileShareBroadcastReceiver.onReceive - p2p connected
03-25 22:10:39.468 12251 12251 D FileShare: FileShareBroadcastReceiver.onReceive - ($)
03-25 22:10:39.468 12251 12251 D FileShare: FileShareBroadcastReceiver.onReceive - ($)
03-25 22:10:39.468 12251 12251 D FileShare: FileShareBroadcastReceiver.onReceive - isWifiP2pConnected : true
03-25 22:10:39.469 15285 15852 D AllShare(ASF_DMC): [NETWORK_LAYER] NotifyNICEventByID: 1204: Notifying NIC Change 0 for p2p-wlan0-0 listener_id 0
03-25 22:10:39.470 15285 15851 D AllShare(ASF_DMC): [NETWORK_LAYER] NotifyNICEventByID: 1204: Notifying NIC Change 0 for p2p-wlan0-0 listener_id 1
03-25 22:10:39.470 15285 15851 D AllShare(ASF_DMC): [STREAMING] OnNetworkChanged: 144: NW event arrived for interface name p2p-wlan0-0
03-25 22:10:39.470 15285 15852 D AllShare(ASF_DMC): [CP_DISCOVERY] OnNetworkChanged: 53: Received NIC change event [0] for [p2p-wlan0-0]
03-25 22:10:39.470 15285 15852 V AllShare(ASF_DMC): [CP_DISCOVERY] Rescan: 449: Sending Rescan.
03-25 22:10:39.475  1432  1922 D WifiP2pService: insertLog - feature : WDGF, extra : {"WFWV":"13.41.8.2","WDRV":"1.77.7","WCVN":"1","PKGN":"android","CSOR":"0","PSTC":"0","GRNE":"0","MANU":"Realtek","DEVT":"8","PINT":"0","GRFR":"0"}, value : -1
03-25 22:10:39.476  1432  1922 W ContextImpl: Calling a method in the system process without a qualified user: android.app.ContextImpl.sendBroadcast:906 android.content.ContextWrapper.sendBroadcast:457 com.android.server.wifi.p2p.WifiP2pServiceImpl$P2pStateMachine.insertLog:5561 com.android.server.wifi.p2p.WifiP2pServiceImpl$P2pStateMachine.-wrap29:-1 com.android.server.wifi.p2p.WifiP2pServiceImpl$P2pStateMachine$DefaultState.processMessage:2158
03-25 22:10:39.480 15285 15873 D AllShare(ASF-DMC): AllshareBigdataManager.setNetworkType - when playing contents, network type is 3
03-25 22:10:39.480 15285 15873 D AllShare(ASF-DMC): DeviceSubscriber.eventNotifyReceived - receive system event: com.sec.android.allshare.event.EVENT_WIFI_P2P_ENABLED
03-25 22:10:39.486 12251 12251 I FileShare: DbAdapter.open - open DB
03-25 22:10:39.486  1432  1922 D WifiP2pService: GroupCreatedState{ what=139283 }
03-25 22:10:39.486  1432  1922 D WifiP2pService: P2pEnabledState{ what=139283 }
03-25 22:10:39.487  1432  1922 D WifiP2pService: DefaultState{ what=139283 }
03-25 22:10:39.487  1432  1922 D WifiP2pService: GroupCreatedState{ what=139287 }
03-25 22:10:39.487  1432  1922 D WifiP2pService: P2pEnabledState{ what=139287 }
03-25 22:10:39.487  1432  1922 D WifiP2pService: DefaultState{ what=139287 }
03-25 22:10:39.488  1432  1922 D WifiP2pService: GroupCreatedState{ what=139287 }
03-25 22:10:39.488  1432  1922 D WifiP2pService: P2pEnabledState{ what=139287 }
03-25 22:10:39.488  1432  1922 D WifiP2pService: DefaultState{ what=139287 }
03-25 22:10:39.490  1432  1590 D WifiDisplayController: Received list of peers.
03-25 22:10:39.490  1432  1590 D WifiDisplayController:   Device: MiraScreen D941DBFF, deviceAddress: 38:1d:d9:41:db:ff, primary type: 8-0050F204-5, secondary type: null, wps: 136, grpcapab: 10, devcapab: 37, status: 0, wfdInfo: WFD enabled: trueWFD DeviceInfo: 337, WFD CtrlPort: 554, WFD MaxThroughput: 300, groupownerAddress: null, GOdeviceName: null, interfaceAddress: , SConnectInfo : null, contactInfoHash : null, ssDevInfo : 0, iconIdx : 0, semMirrorLinkUpnpInfo: , P2P-CCC-UPNP Device Information, UPNP DEV Type: 0, TmApplicationServer supported = false, TmClientProfile supported = false, TmNotificationServer supported = false, Port Number: 0, semMirrorLinkInternetInfo: , P2P-CCC-Internet Accessibility Info, MirrorLink Type: 0, Have internet Access = false, Internet Access required = false, MirrorLink Client Preference Number: 0, semSamsungDeviceType : 0, serviceData : null, fw_invite : 0
03-25 22:10:39.490  1432  1590 D WifiDisplayController: updateDesiredDevice: new information Device: MiraScreen D941DBFF, deviceAddress: 38:1d:d9:41:db:ff, primary type: 8-0050F204-5, secondary type: null, wps: 136, grpcapab: 10, devcapab: 37, status: 0, wfdInfo: WFD enabled: trueWFD DeviceInfo: 337, WFD CtrlPort: 554, WFD MaxThroughput: 300, groupownerAddress: null, GOdeviceName: null, interfaceAddress: , SConnectInfo : null, contactInfoHash : null, ssDevInfo : 0, iconIdx : 0, semMirrorLinkUpnpInfo: , P2P-CCC-UPNP Device Information, UPNP DEV Type: 0, TmApplicationServer supported = false, TmClientProfile supported = false, TmNotificationServer supported = false, Port Number: 0, semMirrorLinkInternetInfo: , P2P-CCC-Internet Accessibility Info, MirrorLink Type: 0, Have internet Access = false, Internet Access required = false, MirrorLink Client Preference Number: 0, semSamsungDeviceType : 0, serviceData : null, fw_invite : 0
