03-25 22:10:40.332 12251 15888 I ASF_FTD : [NETWORK_LAYER] RegisterWrite: 64: Async RegisterWrite Write
03-25 22:10:40.335 12251 15885 D ASF_FTD : [NETWORK_LAYER] SendMulticastPacket: 196: sent multicast packet to 239.255.255.250, interface addr 192.168.49.1
03-25 22:10:40.336 12251 15885 D ASF_FTD : [NETWORK_LAYER] SendMulticastPacket: 196: sent multicast packet to 239.255.255.177, interface addr 192.168.49.1
03-25 22:10:40.338 15285 15856 V AllShare(ASF_DMC): [CP_DISCOVERY] SendDeviceDescriptionRequest: 379: Making description request for [uuid:67ec26e0-217f-4f41-ae8a-5eb9c70e024c+p2p-wlan0-0]
03-25 22:10:40.340 15285 15856 D AllShare(ASF_DMC): [CP_DISCOVERY] OnUDPRequestReceived: 203: Recv M-SEARCH res from NEW dev [uuid:67ec26e0-217f-4f41-ae8a-5eb9c70e024c+p2p-wlan0-0] client_ip = [192.168.49.1] Interface ip [192.168.49.1]
03-25 22:10:40.342 12251 15888 I ASF_FTD : [CD_DISCOVERY] OnTCPRequestReceived: 50: OnTCPRequestReceived : my_ip_add 192.168.49.1
03-25 22:10:40.342 12251 15888 I ASF_FTD : [CD_DISCOVERY] OnTCPRequestReceived: 51: OnTCPRequestReceived : end_point_ip_add 192.168.49.1
03-25 22:10:40.342 12251 15888 I ASF_FTD : [CD_DISCOVERY] OnTCPRequestReceived: 52: local device discovery disabled!!!
03-25 22:10:40.342 12251 15888 I ASF_FTD : [NETWORK_LAYER] RegisterWrite: 64: Async RegisterWrite Write
03-25 22:10:40.637  2241  2241 I wpa_supplicant: p2p0: P2P-GO-POWERSAVE method=NOA0OPS0P4, noa_dur=0, rx/s=3361 bytes, tx/s=13307 bytes, transfer_avg=0, curr_siop_level=-3, curr_pst=293, curr_operstate=1, curr_wfd=0, num_clients=1, checkapp=8, mtd_cnt=5
03-25 22:10:40.641  1432  1922 D WifiP2pService: GroupCreatedState{ what=147505 }
03-25 22:10:40.822  1432  1925 D WifiStateMachine: Current network is: "subnet" , ID is: 2
03-25 22:10:41.311 15262 15262 V CastingService: onTick 10970ms
03-25 22:10:41.337 13526 14624 I Wapi    : Pong! JsonRPCResponse{jsonrpc=2.0, id=446, response=null}
03-25 22:10:41.477 15285 15853 V AllShare(ASF_DMC): [CP_DISCOVERY] RescanTimerExpiredCallBack: 310: Creating new thread for invalid device removal. timer_id: 7
03-25 22:10:41.607  2789  2789 D io_stats: !@   8,0 r 132731 7031984 w 56700 947548 d 6417 343040 f 8563 25411 iot 121220 98066 th 271556 0 0 pt 0 inp 0 0 4115.220
03-25 22:10:41.746   695 15886 I NetworkSession: incoming connection from 192.168.49.143:49385 (socket 29)
03-25 22:10:41.747   695 15886 I NetworkSession: added clientSession 2
03-25 22:10:41.747   695 15887 I WifiDisplaySource: L:0900 | We now have a client (2) connected.
03-25 22:10:41.748   695 15887 V WifiDisplaySource: L:1588 | Send M1 : 'OPTIONS * RTSP/1.0
03-25 22:10:41.748   695 15887 V WifiDisplaySource: CSeq: 1
03-25 22:10:41.748   695 15887 V WifiDisplaySource: Server: AllShareCast/Galaxy/3.1/NIBC
03-25 22:10:41.748   695 15887 V WifiDisplaySource: Require: org.wfa.wfd1.0
03-25 22:10:41.748   695 15887 V WifiDisplaySource:
03-25 22:10:41.748   695 15887 V WifiDisplaySource: '
03-25 22:10:41.950   695 15887 V WifiDisplaySource: L:3214 | session 2 received 'RTSP/1.0 200 OK
03-25 22:10:41.950   695 15887 V WifiDisplaySource: cseq: 1
03-25 22:10:41.950   695 15887 V WifiDisplaySource: date: Tue, Mar 24 2020 00:48:00 GMT
03-25 22:10:41.950   695 15887 V WifiDisplaySource: public: org.wfa.wfd1.0, GET_PARAMETER, SET_PARAMETER
03-25 22:10:41.950   695 15887 V WifiDisplaySource:
03-25 22:10:41.950   695 15887 V WifiDisplaySource: '
03-25 22:10:41.957   695 15887 V WifiDisplaySource: L:3214 | session 2 received 'OPTIONS * RTSP/1.0
03-25 22:10:41.957   695 15887 V WifiDisplaySource: cseq: 1
03-25 22:10:41.957   695 15887 V WifiDisplaySource: require: org.wfa.wfd1.0
03-25 22:10:41.957   695 15887 V WifiDisplaySource:
03-25 22:10:41.957   695 15887 V WifiDisplaySource: '
03-25 22:10:41.957   695 15887 I WifiDisplaySource: L:1613 | HDCP connection
03-25 22:10:41.958   695 15887 V WifiDisplaySource: L:1666 | Send M3 : 'GET_PARAMETER rtsp://localhost/wfd1.0 RTSP/1.0
03-25 22:10:41.958   695 15887 V WifiDisplaySource: CSeq: 2
03-25 22:10:41.958   695 15887 V WifiDisplaySource: Content-Type: text/parameters
03-25 22:10:41.958   695 15887 V WifiDisplaySource: Content-Length: 200
03-25 22:10:41.958   695 15887 V WifiDisplaySource:
03-25 22:10:41.958   695 15887 V WifiDisplaySource: wfd_video_formats
03-25 22:10:41.958   695 15887 V WifiDisplaySource: wfd_audio_codecs
03-25 22:10:41.958   695 15887 V WifiDisplaySource: wfd_uibc_capability
03-25 22:10:41.958   695 15887 V WifiDisplaySource: wfd_client_rtp_ports
03-25 22:10:41.958   695 15887 V WifiDisplaySource: wfd_content_protection
03-25 22:10:41.958   695 15887 V WifiDisplaySource: wfd_sec_screensharing
03-25 22:10:41.958   695 15887 V WifiDisplaySource: wfd_sec_portrait_display
03-25 22:10:41.958   695 15887 V WifiDisplaySource: wfd_sec_volume_support
03-25 22:10:41.958   695 15887 V WifiDisplaySource: wfd_sec_volume_status
03-25 22:10:41.958   695 15887 V WifiDisplaySource: '
03-25 22:10:42.168   695 15887 V WifiDisplaySource: L:3214 | session 2 received 'RTSP/1.0 200 OK
03-25 22:10:42.168   695 15887 V WifiDisplaySource: content-length: 359
03-25 22:10:42.168   695 15887 V WifiDisplaySource: content-type: text/parameters
03-25 22:10:42.168   695 15887 V WifiDisplaySource: cseq: 2
03-25 22:10:42.168   695 15887 V WifiDisplaySource:
03-25 22:10:42.168   695 15887 V WifiDisplaySource: wfd_video_formats: 40 00 01 02 0001deff 053c7fff 00000fff 00 0000 0000 11 none none
03-25 22:10:42.168   695 15887 V WifiDisplaySource: wfd_audio_codecs: LPCM 00000002 00
03-25 22:10:42.168   695 15887 V WifiDisplaySource: wfd_uibc_capability: none
03-25 22:10:42.168   695 15887 V WifiDisplaySource: wfd_client_rtp_ports: RTP/AVP/UDP;unicast 42030 0 mode=play
03-25 22:10:42.168   695 15887 V WifiDisplaySource: wfd_content_protection: none
03-25 22:10:42.168   695 15887 V WifiDisplaySource: wfd_sec_screensharing: none
03-25 22:10:42.168   695 15887 V WifiDisplaySource: wfd_sec_portrait_display: none
03-25 22:10:42.168   695 15887 V WifiDisplaySource: wfd_sec_volume_support: none
03-25 22:10:42.168   695 15887 V WifiDisplaySource: wfd_sec_volume_status: none
03-25 22:10:42.168   695 15887 V WifiDisplaySource: '
03-25 22:10:42.170   695 15887 D WifiDisplaySource: L:2283 | Sink does support WFDR1
03-25 22:10:42.170   695 15887 I WifiDisplaySource: L:2330 | Using PCM audio.
03-25 22:10:42.170   695 15887 I WifiDisplaySource: L:2436 | Picked video resolution 1920 x 1080 p30
03-25 22:10:42.171   695 15887 I WifiDisplaySource: L:2439 | Picked AVC profile 0, level 1
03-25 22:10:42.171   695 15887 I WifiDisplaySource: L:2507 | Sink does not support aux stream.
03-25 22:10:42.171   695 15887 I WifiDisplaySource: L:2534 | Sink does not support content protection.
03-25 22:10:42.171   695 15887 I WifiDisplaySource: L:2571 | Sink does not support wfd_sec_volume_support
03-25 22:10:42.172   695 15887 I WifiDisplaySource: L:2599 | Sink does not support portrait display
03-25 22:10:42.172   695 15887 I WifiDisplaySource: L:2612 | Sink does not support wfd2_rotation_capability
03-25 22:10:42.172   695 15887 I WifiDisplaySource: L:2619 | Sink does not support wfd2_sec_version
03-25 22:10:42.173   695 15887 I WifiDisplaySource: L:2148 | Sink ignored the header:wfd_rename_capability
03-25 22:10:42.173   695 15887 I WifiDisplaySource: L:2643 | Sink does not support uibc.
03-25 22:10:42.173   695 15887 V WifiDisplaySource: L:2766 | Call UIBC_Enable_NotiToApp
03-25 22:10:42.174  1432  1590 D RemoteDisplayCallback: onNoti << msg:60 data:{ "isSupportDisplayVolumeControl": "false" }
03-25 22:10:42.175   695 15887 V WifiDisplaySource: L:1806 | Send M4 : 'SET_PARAMETER rtsp://localhost/wfd1.0 RTSP/1.0
03-25 22:10:42.175   695 15887 V WifiDisplaySource: CSeq: 3
03-25 22:10:42.175   695 15887 V WifiDisplaySource: Content-Type: text/parameters
03-25 22:10:42.175   695 15887 V WifiDisplaySource: Content-Length: 248
03-25 22:10:42.175   695 15887 V WifiDisplaySource:
03-25 22:10:42.175   695 15887 V WifiDisplaySource: wfd_video_formats: 00 00 01 02 00000080 00000000 00000000 00 0000 0000 11 none none
03-25 22:10:42.175   695 15887 V WifiDisplaySource: wfd_audio_codecs: LPCM 00000002 00
03-25 22:10:42.175   695 15887 V WifiDisplaySource: wfd_presentation_URL: rtsp://192.168.49.1/wfd1.0/streamid=0 none
03-25 22:10:42.175   695 15887 V WifiDisplaySource: wfd_client_rtp_ports: RTP/AVP/UDP;unicast 42030 0 mode=play
03-25 22:10:42.175   695 15887 V WifiDisplaySource: '
03-25 22:10:42.175  1432  1590 D RemoteDisplayCallback: WFD noti to App - update TV VOLUME_SUPPORT : false
03-25 22:10:42.176  1432  1590 D RemoteDisplayCallback: onNoti << msg:9 data:{ "UibcAvailable": "false" }
03-25 22:10:42.176  1432  1590 D RemoteDisplayCallback: Noti2App_UIBC Data:
03-25 22:10:42.177  1432  1590 D RemoteDisplayCallback: Calling starStopUIBCVirtualSoftkey
03-25 22:10:42.177  1432  1590 D RemoteDisplayCallback: startStopUIBCVirtualSoftkey() isStart=false
03-25 22:10:42.179  1432  1590 W ContextImpl: Calling a method in the system process without a qualified user: android.app.ContextImpl.startService:1403 android.media.RemoteDisplayCallback.startStopUIBCVirtualSoftkey:294 android.media.RemoteDisplayCallback.onNoti:405 android.media.RemoteDisplay$4.run:227 android.os.Handler.handleCallback:751
03-25 22:10:42.186  1432  1590 D RemoteDisplayCallback: BroadCast UIBC Data
03-25 22:10:42.200  1432  1777 I qti_sensors_hal: processReportInd: Accel - X: -0.223 Y: 2.613 Z: 9.663
03-25 22:10:42.312 15262 15262 V CastingService: onTick 9969ms
03-25 22:10:42.381   695 15887 V WifiDisplaySource: L:3214 | session 2 received 'RTSP/1.0 200 OK
03-25 22:10:42.381   695 15887 V WifiDisplaySource: cseq: 3
03-25 22:10:42.381   695 15887 V WifiDisplaySource:
03-25 22:10:42.381   695 15887 V WifiDisplaySource: '
03-25 22:10:42.382   695 15887 V WifiDisplaySource: L:1855 | Send Trigger : 'SET_PARAMETER rtsp://localhost/wfd1.0 RTSP/1.0
03-25 22:10:42.382   695 15887 V WifiDisplaySource: CSeq: 4
03-25 22:10:42.382   695 15887 V WifiDisplaySource: Content-Type: text/parameters
03-25 22:10:42.382   695 15887 V WifiDisplaySource: Content-Length: 27
03-25 22:10:42.382   695 15887 V WifiDisplaySource:
03-25 22:10:42.382   695 15887 V WifiDisplaySource: wfd_trigger_method: SETUP
03-25 22:10:42.382   695 15887 V WifiDisplaySource: '
03-25 22:10:42.584   695 15887 V WifiDisplaySource: L:3214 | session 2 received 'RTSP/1.0 200 OK
03-25 22:10:42.584   695 15887 V WifiDisplaySource: cseq: 4
03-25 22:10:42.584   695 15887 V WifiDisplaySource:
03-25 22:10:42.584   695 15887 V WifiDisplaySource: '
03-25 22:10:42.623   695 15887 V WifiDisplaySource: L:3214 | session 2 received 'SETUP rtsp://192.168.49.1/wfd1.0/streamid=0 RTSP/1.0
03-25 22:10:42.623   695 15887 V WifiDisplaySource: cseq: 2
03-25 22:10:42.623   695 15887 V WifiDisplaySource: transport: RTP/AVP/UDP;unicast;client_port=42030
03-25 22:10:42.623   695 15887 V WifiDisplaySource:
03-25 22:10:42.623   695 15887 V WifiDisplaySource: '
03-25 22:10:42.625   695 15887 V WifiDisplaySource: L:3439 | onSetupRequest current transport mode =UDP
03-25 22:10:42.626   695 15887 E PlaybackSession: L:2596 | updateMaxBitRateValues is not supported width(1920), height(1080), mode(2)
03-25 22:10:42.629   589   589 E audit   : type=1400 audit(1585199442.618:5548): avc:  denied  { call } for  pid=15887 comm="wfd_looper" scontext=u:r:init:s0 tcontext=u:r:init:s0 tclass=binder permissive=1 SEPF_SECMOBILE_7.0_0009 unfiltered
03-25 22:10:42.630   589   589 E audit   : type=1300 audit(1585199442.618:5548): arch=40000028 syscall=54 per=8 success=yes exit=0 a0=5 a1=c0306201 a2=de783200 a3=40 items=0 ppid=1 pid=15887 auid=4294967295 uid=1013 gid=1000 euid=1013 suid=1013 fsuid=1013 egid=1000 sgid=1000 fsgid=1000 tty=(none) ses=4294967295 comm="wfd_looper" exe="/system/bin/mediaserver" subj=u:r:init:s0 key=(null)
03-25 22:10:42.631   695 15887 I Converter: L:0283 | init
03-25 22:10:42.633   695 15887 I ACodec  :  [] Now uninitialized
03-25 22:10:42.636   589   589 E audit   : type=1327 audit(1585199442.618:5548): proctitle="/system/bin/mediaserver"
03-25 22:10:42.636   695 15909 I ACodec  : [] onAllocateComponent
03-25 22:10:42.637   589   589 E audit   : type=1400 audit(1585199442.618:5549): avc:  denied  { transfer } for  pid=3776 comm="Binder:636_5" scontext=u:r:init:s0 tcontext=u:r:init:s0 tclass=binder permissive=1 SEPF_SECMOBILE_7.0_0009 unfiltered
03-25 22:10:42.638  1432  1579 W ContextImpl: Calling a method in the system process without a qualified user: android.app.ContextImpl.sendBroadcast:906 com.android.server.SEDenialService$AuditFileObserver.onEvent:98 android.os.FileObserver$ObserverThread.onEvent:122 android.os.FileObserver$ObserverThread.observe:-2 android.os.FileObserver$ObserverThread.run:85
03-25 22:10:42.638   695 15909 I MediaPlayerService: MediaPlayerService::getOMX
03-25 22:10:42.638   589   589 E audit   : type=1300 audit(1585199442.618:5549): arch=c00000b7 syscall=29 success=yes exit=0 a0=3 a1=c0306201 a2=7f714dd038 a3=30 items=0 ppid=1 pid=3776 auid=4294967295 uid=1000 gid=1003 euid=1000 suid=1000 fsuid=1000 egid=1003 sgid=1003 fsgid=1003 tty=(none) ses=4294967295 comm="Binder:636_5" exe="/system/bin/surfaceflinger" subj=u:r:init:s0 key=(null)
03-25 22:10:42.642   695 15909 I OMXClient: MuxOMX ctor
03-25 22:10:42.642   695 15909 I ACodec  : Set Google AAC Dec for aacProfile 0
03-25 22:10:42.645   690   690 V MediaStatisticsEventBuilder: newInstance[94]:
03-25 22:10:42.645   690   690 V MediaStatisticsEventBuilder: MediaStatisticsEventBuilder[99]:
03-25 22:10:42.645   690   690 V MediaStatisticsEventBuilder: setComponentName[127]:
03-25 22:10:42.646   690   690 V MediaStatisticsEventBuilder: parseFromComponentName[167]: name=OMX.qcom.video.encoder.avc
03-25 22:10:42.646   690   690 V MediaStatisticsEventBuilder: parseQcomComponent[160]: size: 5
03-25 22:10:42.646   690   690 V MediaStatisticsEventBuilder: parseFromComponentName[200]: vendor: qcom, codec: avc, role: encoder
03-25 22:10:42.646   690   690 V MediaStatisticsEventBuilder: setCategory[109]: category: 1
03-25 22:10:42.647   690   690 V MediaStatisticsEventBuilder: setLabel[121]: label: shh4
03-25 22:10:42.647   690   690 V MediaStatisticsEventBuilder: setAction[115]: action: 1
03-25 22:10:42.647   690   690 V MediaStatisticsEventBuilder: build[133]:
03-25 22:10:42.649   690   690 V MediaStatisticsEventBuilder: flatten[133]: category: 1, action: 1, label: 1936222260
03-25 22:10:42.650   690   690 I OMXMaster: makeComponentInstance(OMX.qcom.video.encoder.avc) in mediacodec process
03-25 22:10:42.651  1432  2565 D CodecSolution: reportMediaStatisticsEvent: action=1@1986621044;category=1@1986621044;label=1936222260@1986621044
03-25 22:10:42.652  1432  2565 D MediaStatisticsEvent: MediaStatisticsEvent: action=1@1986621044;category=1@1986621044;label=1936222260@1986621044
03-25 22:10:42.656   595  3278 E ANDR-PERF-MPCTL: Invalid profile no. 0, total profiles 0 only
03-25 22:10:42.656   690   690 I OMX-VENC: Video encode perflock acquired,handle=90
03-25 22:10:42.657   589   589 E audit   : type=1327 audit(1585199442.618:5549): proctitle="/system/bin/surfaceflinger"
03-25 22:10:42.657  1432  2565 D MediaStatisticsEvent: Category.valueOf: 1
03-25 22:10:42.657  1432  2565 D MediaStatisticsEvent: Action.valueOf: 1
03-25 22:10:42.658  1432  2565 D MediaStatisticsEvent: Label.valueOf: 0x73686834
03-25 22:10:42.658  1432  2565 D MediaStatisticsEvent: category: VENC
03-25 22:10:42.658  1432  2565 D MediaStatisticsEvent: action: INSTANTIATE
03-25 22:10:42.658  1432  2565 D MediaStatisticsEvent: label: SEC_HW_H264
03-25 22:10:42.658  1432  1982 D CodecSolution: handleMessage : 900
03-25 22:10:42.658  1432  1982 D CodecSolution: event : VENC
03-25 22:10:42.659  1432  1982 D Logging : appId: com.samsung.android.codecsolution, feature: VENC, extra: SEC_HW_H264, value: -1
03-25 22:10:42.680   690   690 I GPU-STATS: GPU class constructor kernelMem = 0xec0d9680, kernelSize = 21336
03-25 22:10:42.689   690   690 I OMX-VENC: Component_init : OMX.qcom.video.encoder.avc : return = 0x0
03-25 22:10:42.690   695 15909 I ACodec  : [OMX.qcom.video.encoder.avc] Now Loaded
03-25 22:10:42.691   695 15887 I Converter: L:0472 | using video bitrate of 5242880 bps
03-25 22:10:42.693   690   911 E OMXNodeInstance: getParameter(2b20042:qcom.encoder.avc, ParamConsumerUsageBits(0x6f800004)) ERROR: UnsupportedIndex(0x8000101a)
03-25 22:10:42.694   690  1242 E OMX-VENC: set_parameter: metamode is valid for input port only
03-25 22:10:42.695   690  1242 W OMXNodeInstance: [2b20042:qcom.encoder.avc] component does not support metadata mode; using fallback
03-25 22:10:42.695   695 15909 W ACodec  : [OMX.qcom.video.encoder.avc] storeMetaDataInBuffers (output) failed w/ err -1010
03-25 22:10:42.695   695 15909 I ACodec  : get current pid
03-25 22:10:42.695   695 15909 I ACodec  : app-pid : 695
03-25 22:10:42.696   690   911 I OMX     : [VC] enter setconfig OMX_IndexParamVideoControllerWFDResource
03-25 22:10:42.696   690   911 I OMX     : [VC] WFDResource : true
03-25 22:10:42.696   695 15909 I ExtendedACodec: setupVideoEncoder()
03-25 22:10:42.697   695 15909 W ACodec  : do not know color format 0x7fa30c06 = 2141391878
03-25 22:10:42.699   695 15909 W ACodec  : do not know color format 0x7fa30c04 = 2141391876
03-25 22:10:42.701   695 15909 W ACodec  : do not know color format 0x7fa30c08 = 2141391880
03-25 22:10:42.703   695 15909 W ACodec  : do not know color format 0x7fa30c07 = 2141391879
03-25 22:10:42.705   695 15909 W ACodec  : do not know color format 0x7f000789 = 2130708361
03-25 22:10:42.711   690  1100 I OMX     : [VC] width (1920),height (1080),fps (30)
03-25 22:10:42.741   695 15909 I ACodec  : app-name : /system/bin/mediaserver
03-25 22:10:42.742   695 15909 I ACodec  : setupAVCEncoderParameters with [profile: Baseline] [level: Level1]
03-25 22:10:42.758   695 15909 I ACodec  : Success set VideoMinQP(20) VideoMaxQP(44)
03-25 22:10:42.761   695 15909 I ACodec  : Success set IPB VideoMinQP(20/20/20) VideoMaxQP(44/44/44)
03-25 22:10:42.767   695 15909 I ACodec  : Encoder set i-frame-size-type (2)
03-25 22:10:42.771   695 15909 I ACodec  : [OMX.qcom.video.encoder.avc] cannot encode HDR static metadata. Ignoring.
03-25 22:10:42.771   695 15909 I ACodec  : setupVideoEncoder succeeded
03-25 22:10:42.773   695 15909 I ExtendedACodec: [OMX.qcom.video.encoder.avc] configure, AMessage : AMessage(what = 'conf', target = 50) = {
03-25 22:10:42.773   695 15909 I ExtendedACodec:   string mime = "video/avc"
03-25 22:10:42.773   695 15909 I ExtendedACodec:   int32_t width = 1920
03-25 22:10:42.773   695 15909 I ExtendedACodec:   int32_t height = 1080
03-25 22:10:42.773   695 15909 I ExtendedACodec:   int32_t color-format = 2130708361
03-25 22:10:42.773   695 15909 I ExtendedACodec:   int32_t frame-rate = 30
03-25 22:10:42.773   695 15909 I ExtendedACodec:   int32_t profile-idc = 66
03-25 22:10:42.773   695 15909 I ExtendedACodec:   int32_t level-idc = 32
03-25 22:10:42.773   695 15909 I ExtendedACodec:   int32_t constraint-set = 192
03-25 22:10:42.773   695 15909 I ExtendedACodec:   int32_t android._input-metadata-buffer-type = 2
03-25 22:10:42.773   695 15909 I ExtendedACodec:   int32_t android._store-metadata-in-buffers-output = 0
03-25 22:10:42.773   695 15909 I ExtendedACodec:   int32_t secure = 0
03-25 22:10:42.773   695 15909 I ExtendedACodec:   int32_t video-perf-level = 1
03-25 22:10:42.773   695 15909 I ExtendedACodec:   int32_t I-frame-size-type = 2
03-25 22:10:42.773   695 15909 I ExtendedACodec:   int32_t VideoMinQP = 20
03-25 22:10:42.773   695 15909 I ExtendedACodec:   int32_t VideoMaxQP = 44
03-25 22:10:42.773   695 15909 I ExtendedACodec:   int32_t bitrate = 5242880
03-25 22:10:42.773   695 15909 I ExtendedACodec:   int32_t bitrate-mode = 2
03-25 22:10:42.773   695 15909 I ExtendedACodec:   int32_t i-frame-interval = 1
03-25 22:10:42.773   695 15909 I ExtendedACodec:   int32_t videocontroller-wfd-resource = 1
03-25 22:10:42.773   695 15909 I ExtendedACodec:   int32_t prepend-sps-pps-to-idr-frames = 1
03-25 22:10:42.773   695 15909 I ExtendedACodec:   int32_t encoder = 1
03-25 22:10:42.773   695 15909 I ExtendedACodec: }
03-25 22:10:42.774   690   911 I OMX     : [VC] getparameter OMX_IndexParamVideoController remained resource(15621120), max(17694720), sum(2073600)
03-25 22:10:42.795   695 15909 W ACodec  : do not know color format 0x7f000789 = 2130708361
03-25 22:10:42.815   695 15909 I ACodec  : [OMX.qcom.video.encoder.avc] Now Loaded->Idle
03-25 22:10:42.866   681  5824 I APM_AudioPolicyManager: getInputForAttr() source 8, samplingRate 48000, format 1, channelMask c,session 305, flags 0
03-25 22:10:42.868   695 15909 I ACodec  : [OMX.qcom.video.encoder.avc] Now Idle->Executing
03-25 22:10:42.871   695 15909 I ACodec  : [OMX.qcom.video.encoder.avc] Now Executing
03-25 22:10:42.871  1432  2545 I EDMNativeHelperService: isMicrophoneEnabled
03-25 22:10:42.874   681  5824 D r_submix: adev_open_input_stream(addr=0)
03-25 22:10:42.875   681  5824 D r_submix: submix_audio_device_create_pipe_l(addr=0, idx=9)
03-25 22:10:42.875   681  5824 D r_submix:   now using address 0 for route 9
03-25 22:10:42.877   681 15916 I AudioFlinger: AudioFlinger's thread 0xe3a03d80 ready to run
03-25 22:10:42.877   681 15916 I r_submix: in_standby()
03-25 22:10:42.880   589   589 E audit   : type=1400 audit(1585199442.868:5550): avc:  denied  { call } for  pid=5824 comm="Binder:681_5" scontext=u:r:init:s0 tcontext=u:r:bluetooth:s0 tclass=binder permissive=1 SEPF_SECMOBILE_7.0_0009 unfiltered
03-25 22:10:42.881   589   589 E audit   : type=1300 audit(1585199442.868:5550): arch=40000028 syscall=54 per=8 success=yes exit=0 a0=5 a1=c0306201 a2=e3ced6b0 a3=1b04 items=0 ppid=1 pid=5824 auid=4294967295 uid=1041 gid=1005 euid=1041 suid=1041 fsuid=1041 egid=1005 sgid=1005 fsgid=1005 tty=(none) ses=4294967295 comm="Binder:681_5" exe="/system/bin/audioserver" subj=u:r:init:s0 key=(null)
03-25 22:10:42.882   681 15916 I r_submix: in_standby()
03-25 22:10:42.885   589   589 E audit   : type=1327 audit(1585199442.868:5550): proctitle="/system/bin/audioserver"
03-25 22:10:42.885   589   589 E audit   : type=1400 audit(1585199442.868:5551): avc:  denied  { call } for  pid=5824 comm="Binder:681_5" scontext=u:r:init:s0 tcontext=u:r:priv_app:s0:c512,c768 tclass=binder permissive=1 SEPF_SECMOBILE_7.0_0009 unfiltered
03-25 22:10:42.885  1432  1579 W ContextImpl: Calling a method in the system process without a qualified user: android.app.ContextImpl.sendBroadcast:906 com.android.server.SEDenialService$AuditFileObserver.onEvent:98 android.os.FileObserver$ObserverThread.onEvent:122 android.os.FileObserver$ObserverThread.observe:-2 android.os.FileObserver$ObserverThread.run:85
03-25 22:10:42.886   589   589 E audit   : type=1300 audit(1585199442.868:5551): arch=40000028 syscall=54 per=8 success=yes exit=0 a0=5 a1=c0306201 a2=e3ced6b0 a3=1b04 items=0 ppid=1 pid=5824 auid=4294967295 uid=1041 gid=1005 euid=1041 suid=1041 fsuid=1041 egid=1005 sgid=1005 fsgid=1005 tty=(none) ses=4294967295 comm="Binder:681_5" exe="/system/bin/audioserver" subj=u:r:init:s0 key=(null)
03-25 22:10:42.889   589   589 E audit   : type=1327 audit(1585199442.868:5551): proctitle="/system/bin/audioserver"
03-25 22:10:42.897   681   681 I         : recordingAllowed allow for wfd
03-25 22:10:42.901   695 15887 I Converter: L:0283 | init
03-25 22:10:42.904   696  1611 D EnterpriseController: netId is 0
03-25 22:10:42.905   696  1611 D Netd    : getNetworkForDns: using netid 502 for uid 1013
03-25 22:10:42.905   696  1611 D DnsProxyListener: DNSDBG::dns by name af 2
03-25 22:10:42.908   696  1611 D EnterpriseController: netId is 0
03-25 22:10:42.908   696  1611 D Netd    : getNetworkForDns: using netid 502 for uid 1013
03-25 22:10:42.908   696  1611 D DnsProxyListener: DNSDBG::dns by name af 2
03-25 22:10:42.911   696  1611 D EnterpriseController: netId is 0
03-25 22:10:42.911   696  1611 D Netd    : getNetworkForDns: using netid 502 for uid 1013
03-25 22:10:42.911   696  1611 D DnsProxyListener: DNSDBG::dns by name af 2
03-25 22:10:42.913   696  1611 D EnterpriseController: netId is 0
03-25 22:10:42.913   696  1611 D Netd    : getNetworkForDns: using netid 502 for uid 1013
03-25 22:10:42.913   696  1611 D DnsProxyListener: DNSDBG::dns by name af 2
03-25 22:10:42.914   695 15887 I RTPSender: rtpRetransmissionSessionID = 5, rtcpRetransmissionSessionID = 6
03-25 22:10:42.914   695 15887 E RTPSender: Setting transport Task state 0 for RTP session 3
03-25 22:10:42.914   695 15887 E RTPSender: Setting transport Task state 0 for RTCP session 4
03-25 22:10:42.914   695 15887 I RTPSender: Setting transport Tast state 0 for mRTPRetransmission session 5
03-25 22:10:42.914   695 15887 I RTPSender: Setting transport Tast state 0 for mRTCPRetransmission session 6
03-25 22:10:42.914   695 15887 D PlaybackSession: L:0778 | RTP should be transmitted after M7 PLAY req
03-25 22:10:42.915   695 15887 V WifiDisplaySource: L:3669 | Response of SETUP request : 'RTSP/1.0 200 OK
03-25 22:10:42.915   695 15887 V WifiDisplaySource: CSeq: 2
03-25 22:10:42.915   695 15887 V WifiDisplaySource: Session: 1714636915;timeout=60
03-25 22:10:42.915   695 15887 V WifiDisplaySource: Transport: RTP/AVP/UDP;unicast;client_port=42030-42031;server_port=19000-19001
03-25 22:10:42.915   695 15887 V WifiDisplaySource:
03-25 22:10:42.915   695 15887 V WifiDisplaySource: '
03-25 22:10:42.915   695 15887 D WifiDisplaySource: L:3682 | mIsSupportSkipMode TRUE
03-25 22:10:42.915   695 15887 D WifiDisplaySource: L:3752 | Send onWFDNotifyToApp - current transport is UDP
03-25 22:10:42.915   695 15887 I MediaSender: notifyInitDone called
03-25 22:10:42.915   695 15887 I MediaPuller: L:0107 | start
03-25 22:10:42.916   695 15887 I MediaPuller: L:0107 | start
03-25 22:10:42.916   681   681 D audio_hw_extn: audio_extn_get_parameters: returns
03-25 22:10:42.916   681   681 V msm8974_platform: platform_get_parameters: exit: returns -
03-25 22:10:42.916   681   681 I audio_hw_primary: adev_get_parameters: pcmread_latency = 20, preprocessing_latency = 0
03-25 22:10:42.917   681   681 I hash_map_utils: key: 'get_input_latency' value: ''
03-25 22:10:42.917   695 15917 I AudioSource: Initial latency from Audio F/W: 20
03-25 22:10:42.917  1432  1590 D RemoteDisplayCallback: onNoti << msg:7 data:0
03-25 22:10:42.917   681  1714 I APM_AudioPolicyManager: startInput() input 70
03-25 22:10:42.917  1432  1590 D RemoteDisplayCallback: onNoti received : WFD_NOTI_TO_APP_TRANSPORT_MODE, prevWfdMode = 0, mWfdMode = 0, mIsVideoCase = false
03-25 22:10:42.917  1432  1590 D RemoteDisplayCallback: broadcastWfdConnectionType mode : 0
03-25 22:10:42.917   681  1712 I SoundTriggerHwService::Module: void android::SoundTriggerHwService::Module::onCallbackEvent(const sp<android::SoundTriggerHwService::CallbackEvent> &) no clients
03-25 22:10:42.918  1432  1590 W ContextImpl: Calling a method in the system process without a qualified user: android.app.ContextImpl.sendBroadcast:906 android.media.RemoteDisplayCallback.broadcastWfdConnectionType:282 android.media.RemoteDisplayCallback.onNoti:391 android.media.RemoteDisplay$4.run:227 android.os.Handler.handleCallback:751
03-25 22:10:42.921   681  1714 I APM_AudioPolicyManager: setDeviceConnectionStateInt() device: 0x8000, state 1, address 0 name remote-submix
03-25 22:10:42.921   681  1714 I AudioFlinger: openOutput(), module 34 Device 8000, SamplingRate 48000, Format 0x000001, Channels 3, flags 0
03-25 22:10:42.922   681  1714 D r_submix: adev_open_output_stream(address=0)
03-25 22:10:42.922   681  1714 D r_submix: submix_audio_device_create_pipe_l(addr=0, idx=9)
03-25 22:10:42.922   681  1714 D r_submix:   now using address 0 for route 9
03-25 22:10:42.922   681  1714 I AudioFlinger: HAL output buffer size 1024 frames, normal sink buffer size 1024 frames
03-25 22:10:42.925   681 15924 I AudioFlinger: AudioFlinger's thread 0xe31832c0 ready to run
03-25 22:10:42.927   681 15924 D AudioFlinger: ro.audio.silent will be ignored for threads on AUDIO_DEVICE_OUT_REMOTE_SUBMIX
03-25 22:10:42.927   681 15924 I r_submix: out_standby()
03-25 22:10:42.929   681 15924 D AudioFlinger: ro.audio.silent will be ignored for threads on AUDIO_DEVICE_OUT_REMOTE_SUBMIX
03-25 22:10:42.933   681  1714 I AudioFlinger: HAL output buffer size 1024 frames, normal sink buffer size 1024 frames
03-25 22:10:42.935   681 15925 I AudioFlinger: AudioFlinger's thread 0xe3203300 ready to run
03-25 22:10:42.937   681 15925 D AudioFlinger: ro.audio.silent will be ignored for threads on AUDIO_DEVICE_OUT_REMOTE_SUBMIX
03-25 22:10:42.938   681 15925 D AudioFlinger: ro.audio.silent will be ignored for threads on AUDIO_DEVICE_OUT_REMOTE_SUBMIX
03-25 22:10:42.946   681 15924 I AudioFlinger: change audio_format 0x1 to hal
03-25 22:10:42.946   681 15924 D AudioFlinger: setCurDevice() 0x8000
03-25 22:10:42.948   681  1714 I APM_AudioPolicyManager: checkOutputsForDevice(): adding output 93
03-25 22:10:42.948   681   907 D audio_hw_primary: adev_set_parameters: enter: 0=;connect=32768
03-25 22:10:42.948   681   907 V msm8974_platform: platform_set_parameters: enter: connect=32768;0=
03-25 22:10:42.948   681   907 V msm8974_platform: platform_set_parameters: exit with code(0)
03-25 22:10:42.948   681   907 V audio_hw_sec: factory_set_parameters: enter: connect=32768;0=
03-25 22:10:42.948   681   907 V audio_hw_sec: sec_set_parameters: enter: connect=32768;0=
03-25 22:10:42.948   681   907 V audio_hw_sec: sec_set_parameters: exit with code(0)
03-25 22:10:42.949   681  1714 I APM_AudioPolicyManager: checkOutputForStrategy() strategy 1, moving from output 13 to output 13
03-25 22:10:42.949   681  1714 I APM_AudioPolicyManager: checkOutputForStrategy() strategy 5, moving from output 13 to output 13
03-25 22:10:42.949   681  1714 I APM_AudioPolicyManager: checkOutputForStrategy() strategy 2, moving from output 13 to output 13
03-25 22:10:42.949   681  1714 I APM_AudioPolicyManager: checkOutputForStrategy() strategy 3, moving from output 13 to output 13
03-25 22:10:42.949   681  1714 I APM_AudioPolicyManager: checkOutputForStrategy() strategy 7, moving from output 13 to output 93
03-25 22:10:42.949   681  1714 I APM_AudioPolicyManager: checkOutputForStrategy() strategy 0, moving from output 13 to output 93
03-25 22:10:42.949   681  1714 I APM_AudioPolicyManager: checkOutputForStrategy() strategy 4, moving from output 13 to output 93
03-25 22:10:42.949   681  1714 I APM_AudioPolicyManager: checkOutputForStrategy() strategy 8, moving from output 13 to output 93
03-25 22:10:42.951   695 15887 V WifiDisplaySource: L:1191 | Send onDisplayConnected Msg flags = 2
03-25 22:10:42.952   695 15887 I WifiDisplaySource: L:1221 | deferring play until HDCP initialization or Receive Play Request completes.
03-25 22:10:42.952   695 15887 I WifiDisplaySource: L:1222 | deferring play mAvoidPlayOnPBSessionEstablish = 0.
03-25 22:10:42.953  1432  1590 I WifiDisplayController: Opened RTSP connection with Wifi display: MiraScreen D941DBFF
03-25 22:10:42.953  1432  1590 D RemoteDisplayCallback: onNoti << msg:1 data:{ "remoteIP": "192.168.49.143", "renameAvailable": "false", "sink_ver": "AA00" }
03-25 22:10:42.953  1432  1590 D RemoteDisplayCallback: data:{ "remoteIP": "192.168.49.143", "renameAvailable": "false", "sink_ver": "AA00" }
03-25 22:10:42.956  1432  1590 D RemoteDisplayCallback: broadcastDongleVerToFota << Ver: null
03-25 22:10:42.956  1432  1590 W ContextImpl: Calling a method in the system process without a qualified user: android.app.ContextImpl.sendBroadcast:906 android.media.RemoteDisplayCallback.broadcastDongleVerToFota:260 android.media.RemoteDisplayCallback.onNoti:324 android.media.RemoteDisplay$4.run:227 android.os.Handler.handleCallback:751
03-25 22:10:42.957  1432  1590 D RemoteDisplayCallback: WFD client connected broadcast sent
03-25 22:10:42.957  1432  1590 I WifiDisplayAdapter: onDisplayConnected
03-25 22:10:42.958  1432  1590 D DisplayManager: saveToXml remembered GCastDevice deviceName:
03-25 22:10:42.958  1432  1590 D DisplayManager: saveToXml remembered screen ratio value:false
03-25 22:10:42.960  1432  1432 I Telecom : com.android.server.telecom.WiredHeadsetManager: ACTION_HEADSET_PLUG event, plugged in: false, : WHC.oADA@AIs
03-25 22:10:42.961  1432  5051 D CustomFrequencyManagerService: acquireDVFSLockLocked : type : DVFS_MIN_LIMIT  frequency : 480000  uid : 1000  pid : 1432  pkgName : SCREEN_MIRROR_BOOSTER_1_0G@74
03-25 22:10:42.980  1432  1590 D WifiDisplayAdapter: removeLastConnectedDevice : 2
03-25 22:10:42.980  1432  1590 D WifiDisplayAdapter: removeLastConnectedGCastDevice
03-25 22:10:42.982  1432  1590 D GameManagerService: registerCallback
03-25 22:10:42.982  1432  1590 D WifiDisplayAdapter: registerCallback. ret: true
03-25 22:10:42.982  1432  1590 D GameManagerService: identifyForegroundApp. com.sec.android.app.wfdbroker
03-25 22:10:42.982  1432  1590 V WifiDisplayAdapter: getWifiDisplayStatusLocked: result=WifiDisplayStatus{featureState=3, scanState=0, activeDisplayState=2, activeDisplay=MiraScreen D941DBFF (38:1d:d9:41:db:ff), isAvailable true, canConnect true, isRemembered false, primaryDeviceType 8-0050F204-5, mIconIdx 0, devInfo = 0, uri null, isEmptySurface false, displays=[MiraScreen D941DBFF (38:1d:d9:41:db:ff), isAvailable true, canConnect true, isRemembered true, primaryDeviceType 8-0050F204-5, mIconIdx 0, devInfo = 0, uri null, isEmptySurface false, [TV] Samsung 7 Series (65) (66:1c:b0:ed:1a:53), isAvailable false, canConnect false, isRemembered true, primaryDeviceType 7-0050F204-1, mIconIdx 0, devInfo = 0, uri null, isEmptySurface false, [TV] Samsung Q70 Series (75) (9e:8c:6e:25:19:6d), isAvailable false, canConnect false, isRemembered true, primaryDeviceType , mIconIdx 0, devInfo = 0, uri null, isEmptySurface false], sessionInfo=WifiDisplaySessionInfo: Client/Owner: Client GroupId:  Passphrase:  SessionId: 0 IP Address: , connectedState=-1, networkQoS=0}
03-25 22:10:42.983  1432  1432 V MediaRouter: Dispatching route change: RouteInfo{ name=MiraScreen D941DBFF, description=Wireless display, status=null, category=RouteCategory{ name=null types=ROUTE_TYPE_LIVE_AUDIO ROUTE_TYPE_LIVE_VIDEO  groupable=false }, supportedTypes=ROUTE_TYPE_LIVE_AUDIO ROUTE_TYPE_LIVE_VIDEO ROUTE_TYPE_REMOTE_DISPLAY , presentationDisplay=null }
03-25 22:10:42.983  1432  1590 I DisplayManagerService: Display device added: DisplayDeviceInfo{"MiraScreen D941DBFF": uniqueId="wifi:38:1d:d9:41:db:ff", 1920 x 1080, modeId 8, defaultModeId 8, supportedModes [{id=8, width=1920, height=1080, fps=60.0}], colorTransformId 0, defaultColorTransformId 0, supportedColorTransforms [], HdrCapabilities null, density 320, 320.0 x 320.0 dpi, appVsyncOff 0, presDeadline 16666666, touch EXTERNAL, rotation 0, fixedOrientation 0, type WIFI, address 38:1d:d9:41:db:ff, state ON, FLAG_PRESENTATION, FLAG_WIFI_DISPLAY}
03-25 22:10:42.983  1432  1432 V MediaRouter: Selecting route: RouteInfo{ name=MiraScreen D941DBFF, description=Wireless display, status=null, category=RouteCategory{ name=null types=ROUTE_TYPE_LIVE_AUDIO ROUTE_TYPE_LIVE_VIDEO  groupable=false }, supportedTypes=ROUTE_TYPE_LIVE_AUDIO ROUTE_TYPE_LIVE_VIDEO ROUTE_TYPE_REMOTE_DISPLAY , presentationDisplay=null }
03-25 22:10:42.983  1432  1432 V WifiDisplayAdapter: getWifiDisplayStatusLocked: result=WifiDisplayStatus{featureState=3, scanState=0, activeDisplayState=2, activeDisplay=MiraScreen D941DBFF (38:1d:d9:41:db:ff), isAvailable true, canConnect true, isRemembered false, primaryDeviceType 8-0050F204-5, mIconIdx 0, devInfo = 0, uri null, isEmptySurface false, displays=[MiraScreen D941DBFF (38:1d:d9:41:db:ff), isAvailable true, canConnect true, isRemembered true, primaryDeviceType 8-0050F204-5, mIconIdx 0, devInfo = 0, uri null, isEmptySurface false, [TV] Samsung 7 Series (65) (66:1c:b0:ed:1a:53), isAvailable false, canConnect false, isRemembered true, primaryDeviceType 7-0050F204-1, mIconIdx 0, devInfo = 0, uri null, isEmptySurface false, [TV] Samsung Q70 Series (75) (9e:8c:6e:25:19:6d), isAvailable false, canConnect false, isRemembered true, primaryDeviceType , mIconIdx 0, devInfo = 0, uri null, isEmptySurface false], sessionInfo=WifiDisplaySessionInfo: Client/Owner: Client GroupId:  Passphrase:  SessionId: 0 IP Address: , connectedState=-1, networkQoS=0}
03-25 22:10:42.984 10747 10747 V MediaRouter: Dispatching route change: RouteInfo{ name=MiraScreen D941DBFF, description=Wireless display, status=null, category=RouteCategory{ name=null types=ROUTE_TYPE_LIVE_AUDIO ROUTE_TYPE_LIVE_VIDEO  groupable=false }, supportedTypes=ROUTE_TYPE_LIVE_AUDIO ROUTE_TYPE_LIVE_VIDEO ROUTE_TYPE_REMOTE_DISPLAY , presentationDisplay=null }
03-25 22:10:42.984  2895  2895 V MediaRouter: Dispatching route change: RouteInfo{ name=MiraScreen D941DBFF, description=Wireless display, status=null, category=RouteCategory{ name=null types=ROUTE_TYPE_LIVE_AUDIO ROUTE_TYPE_LIVE_VIDEO  groupable=false }, supportedTypes=ROUTE_TYPE_LIVE_AUDIO ROUTE_TYPE_LIVE_VIDEO ROUTE_TYPE_REMOTE_DISPLAY , presentationDisplay=null }
03-25 22:10:42.985  1432  1925 D WifiNative-wlan0: callSECApiBoolean - ID [11]
03-25 22:10:42.985  2895  2895 V MediaRouter: Selecting route: RouteInfo{ name=MiraScreen D941DBFF, description=Wireless display, status=null, category=RouteCategory{ name=null types=ROUTE_TYPE_LIVE_AUDIO ROUTE_TYPE_LIVE_VIDEO  groupable=false }, supportedTypes=ROUTE_TYPE_LIVE_AUDIO ROUTE_TYPE_LIVE_VIDEO ROUTE_TYPE_REMOTE_DISPLAY , presentationDisplay=null }
03-25 22:10:42.985  1432  4057 V WifiDisplayAdapter: getWifiDisplayStatusLocked: result=WifiDisplayStatus{featureState=3, scanState=0, activeDisplayState=2, activeDisplay=MiraScreen D941DBFF (38:1d:d9:41:db:ff), isAvailable true, canConnect true, isRemembered false, primaryDeviceType 8-0050F204-5, mIconIdx 0, devInfo = 0, uri null, isEmptySurface false, displays=[MiraScreen D941DBFF (38:1d:d9:41:db:ff), isAvailable true, canConnect true, isRemembered true, primaryDeviceType 8-0050F204-5, mIconIdx 0, devInfo = 0, uri null, isEmptySurface false, [TV] Samsung 7 Series (65) (66:1c:b0:ed:1a:53), isAvailable false, canConnect false, isRemembered true, primaryDeviceType 7-0050F204-1, mIconIdx 0, devInfo = 0, uri null, isEmptySurface false, [TV] Samsung Q70 Series (75) (9e:8c:6e:25:19:6d), isAvailable false, canConnect false, isRemembered true, primaryDeviceType , mIconIdx 0, devInfo = 0, uri null, isEmptySurface false], sessionInfo=WifiDisplaySessionInfo: Client/Owner: Client GroupId:  Passphrase:  SessionId: 0 IP Address: , connectedState=-1, networkQoS=0}
03-25 22:10:42.985  2080  2080 V MediaRouter: Dispatching route change: RouteInfo{ name=MiraScreen D941DBFF, description=Wireless display, status=null, category=RouteCategory{ name=null types=ROUTE_TYPE_LIVE_AUDIO ROUTE_TYPE_LIVE_VIDEO  groupable=false }, supportedTypes=ROUTE_TYPE_LIVE_AUDIO ROUTE_TYPE_LIVE_VIDEO ROUTE_TYPE_REMOTE_DISPLAY , presentationDisplay=null }
03-25 22:10:42.986  2080  2080 V MediaRouter: Selecting route: RouteInfo{ name=MiraScreen D941DBFF, description=Wireless display, status=null, category=RouteCategory{ name=null types=ROUTE_TYPE_LIVE_AUDIO ROUTE_TYPE_LIVE_VIDEO  groupable=false }, supportedTypes=ROUTE_TYPE_LIVE_AUDIO ROUTE_TYPE_LIVE_VIDEO ROUTE_TYPE_REMOTE_DISPLAY , presentationDisplay=null }
03-25 22:10:42.986 15326 15326 V MediaRouter: Dispatching route change: RouteInfo{ name=MiraScreen D941DBFF, description=Wireless display, status=null, category=RouteCategory{ name=null types=ROUTE_TYPE_LIVE_AUDIO ROUTE_TYPE_LIVE_VIDEO  groupable=false }, supportedTypes=ROUTE_TYPE_LIVE_AUDIO ROUTE_TYPE_LIVE_VIDEO ROUTE_TYPE_REMOTE_DISPLAY , presentationDisplay=null }
03-25 22:10:42.986  2241  2241 I wpa_supplicant: STOP_PERIODIC_SCAN command
03-25 22:10:42.986 15326 15326 V MediaRouter: Selecting route: RouteInfo{ name=MiraScreen D941DBFF, description=Wireless display, status=null, category=RouteCategory{ name=null types=ROUTE_TYPE_LIVE_AUDIO ROUTE_TYPE_LIVE_VIDEO  groupable=false }, supportedTypes=ROUTE_TYPE_LIVE_AUDIO ROUTE_TYPE_LIVE_VIDEO ROUTE_TYPE_REMOTE_DISPLAY , presentationDisplay=null }
03-25 22:10:42.986  1432  3732 V WifiDisplayAdapter: getWifiDisplayStatusLocked: result=WifiDisplayStatus{featureState=3, scanState=0, activeDisplayState=2, activeDisplay=MiraScreen D941DBFF (38:1d:d9:41:db:ff), isAvailable true, canConnect true, isRemembered false, primaryDeviceType 8-0050F204-5, mIconIdx 0, devInfo = 0, uri null, isEmptySurface false, displays=[MiraScreen D941DBFF (38:1d:d9:41:db:ff), isAvailable true, canConnect true, isRemembered true, primaryDeviceType 8-0050F204-5, mIconIdx 0, devInfo = 0, uri null, isEmptySurface false, [TV] Samsung 7 Series (65) (66:1c:b0:ed:1a:53), isAvailable false, canConnect false, isRemembered true, primaryDeviceType 7-0050F204-1, mIconIdx 0, devInfo = 0, uri null, isEmptySurface false, [TV] Samsung Q70 Series (75) (9e:8c:6e:25:19:6d), isAvailable false, canConnect false, isRemembered true, primaryDeviceType , mIconIdx 0, devInfo = 0, uri null, isEmptySurface false], sessionInfo=WifiDisplaySessionInfo: Client/Owner: Client GroupId:  Passphrase:  SessionId: 0 IP Address: , connectedState=-1, networkQoS=0}
03-25 22:10:42.986 15262 15262 V MediaRouter: Dispatching route change: RouteInfo{ name=MiraScreen D941DBFF, description=Wireless display, status=null, category=RouteCategory{ name=null types=ROUTE_TYPE_LIVE_AUDIO ROUTE_TYPE_LIVE_VIDEO  groupable=false }, supportedTypes=ROUTE_TYPE_LIVE_AUDIO ROUTE_TYPE_LIVE_VIDEO ROUTE_TYPE_REMOTE_DISPLAY , presentationDisplay=null }
03-25 22:10:42.986 15262 15262 D SmartMirroringTile: onRouteChanged() route = RouteInfo{ name=MiraScreen D941DBFF, description=Wireless display, status=null, category=RouteCategory{ name=null types=ROUTE_TYPE_LIVE_AUDIO ROUTE_TYPE_LIVE_VIDEO  groupable=false }, supportedTypes=ROUTE_TYPE_LIVE_AUDIO ROUTE_TYPE_LIVE_VIDEO ROUTE_TYPE_REMOTE_DISPLAY , presentationDisplay=null }
03-25 22:10:42.987  1432  2564 V WifiDisplayAdapter: getWifiDisplayStatusLocked: result=WifiDisplayStatus{featureState=3, scanState=0, activeDisplayState=2, activeDisplay=MiraScreen D941DBFF (38:1d:d9:41:db:ff), isAvailable true, canConnect true, isRemembered false, primaryDeviceType 8-0050F204-5, mIconIdx 0, devInfo = 0, uri null, isEmptySurface false, displays=[MiraScreen D941DBFF (38:1d:d9:41:db:ff), isAvailable true, canConnect true, isRemembered true, primaryDeviceType 8-0050F204-5, mIconIdx 0, devInfo = 0, uri null, isEmptySurface false, [TV] Samsung 7 Series (65) (66:1c:b0:ed:1a:53), isAvailable false, canConnect false, isRemembered true, primaryDeviceType 7-0050F204-1, mIconIdx 0, devInfo = 0, uri null, isEmptySurface false, [TV] Samsung Q70 Series (75) (9e:8c:6e:25:19:6d), isAvailable false, canConnect false, isRemembered true, primaryDeviceType , mIconIdx 0, devInfo = 0, uri null, isEmptySurface false], sessionInfo=WifiDisplaySessionInfo: Client/Owner: Client GroupId:  Passphrase:  SessionId: 0 IP Address: , connectedState=-1, networkQoS=0}
03-25 22:10:42.987  1432  3732 V WifiDisplayAdapter: getWifiDisplayStatusLocked: result=WifiDisplayStatus{featureState=3, scanState=0, activeDisplayState=2, activeDisplay=MiraScreen D941DBFF (38:1d:d9:41:db:ff), isAvailable true, canConnect true, isRemembered false, primaryDeviceType 8-0050F204-5, mIconIdx 0, devInfo = 0, uri null, isEmptySurface false, displays=[MiraScreen D941DBFF (38:1d:d9:41:db:ff), isAvailable true, canConnect true, isRemembered true, primaryDeviceType 8-0050F204-5, mIconIdx 0, devInfo = 0, uri null, isEmptySurface false, [TV] Samsung 7 Series (65) (66:1c:b0:ed:1a:53), isAvailable false, canConnect false, isRemembered true, primaryDeviceType 7-0050F204-1, mIconIdx 0, devInfo = 0, uri null, isEmptySurface false, [TV] Samsung Q70 Series (75) (9e:8c:6e:25:19:6d), isAvailable false, canConnect false, isRemembered true, primaryDeviceType , mIconIdx 0, devInfo = 0, uri null, isEmptySurface false], sessionInfo=WifiDisplaySessionInfo: Client/Owner: Client GroupId:  Passphrase:  SessionId: 0 IP Address: , connectedState=-1, networkQoS=0}
03-25 22:10:42.988 15326 15326 D WfdBroker: received :android.hardware.display.action.WIFI_DISPLAY_STATUS_CHANGED
03-25 22:10:42.988  1432  1482 V WifiDisplayAdapter: getWifiDisplayStatusLocked: result=WifiDisplayStatus{featureState=3, scanState=0, activeDisplayState=2, activeDisplay=MiraScreen D941DBFF (38:1d:d9:41:db:ff), isAvailable true, canConnect true, isRemembered false, primaryDeviceType 8-0050F204-5, mIconIdx 0, devInfo = 0, uri null, isEmptySurface false, displays=[MiraScreen D941DBFF (38:1d:d9:41:db:ff), isAvailable true, canConnect true, isRemembered true, primaryDeviceType 8-0050F204-5, mIconIdx 0, devInfo = 0, uri null, isEmptySurface false, [TV] Samsung 7 Series (65) (66:1c:b0:ed:1a:53), isAvailable false, canConnect false, isRemembered true, primaryDeviceType 7-0050F204-1, mIconIdx 0, devInfo = 0, uri null, isEmptySurface false, [TV] Samsung Q70 Series (75) (9e:8c:6e:25:19:6d), isAvailable false, canConnect false, isRemembered true, primaryDeviceType , mIconIdx 0, devInfo = 0, uri null, isEmptySurface false], sessionInfo=WifiDisplaySessionInfo: Client/Owner: Client GroupId:  Passphrase:  SessionId: 0 IP Address: , connectedState=-1, networkQoS=0}
03-25 22:10:42.988  1432  2565 V WifiDisplayAdapter: getWifiDisplayStatusLocked: result=WifiDisplayStatus{featureState=3, scanState=0, activeDisplayState=2, activeDisplay=MiraScreen D941DBFF (38:1d:d9:41:db:ff), isAvailable true, canConnect true, isRemembered false, primaryDeviceType 8-0050F204-5, mIconIdx 0, devInfo = 0, uri null, isEmptySurface false, displays=[MiraScreen D941DBFF (38:1d:d9:41:db:ff), isAvailable true, canConnect true, isRemembered true, primaryDeviceType 8-0050F204-5, mIconIdx 0, devInfo = 0, uri null, isEmptySurface false, [TV] Samsung 7 Series (65) (66:1c:b0:ed:1a:53), isAvailable false, canConnect false, isRemembered true, primaryDeviceType 7-0050F204-1, mIconIdx 0, devInfo = 0, uri null, isEmptySurface false, [TV] Samsung Q70 Series (75) (9e:8c:6e:25:19:6d), isAvailable false, canConnect false, isRemembered true, primaryDeviceType , mIconIdx 0, devInfo = 0, uri null, isEmptySurface false], sessionInfo=WifiDisplaySessionInfo: Client/Owner: Client GroupId:  Passphrase:  SessionId: 0 IP Address: , connectedState=-1, networkQoS=0}
03-25 22:10:42.989 15326 15326 D WfdBroker: SEM_ACTION_WIFI_DISPLAY_STATUS_CHANGED = 2, RunningMode = 138
03-25 22:10:42.989 15326 15326 D WfdBroker: removeAnyFragmentDialog
03-25 22:10:42.989 15326 15326 D WfdBroker: removeWakeLockInDialog
03-25 22:10:42.989 15326 15326 D WifiDisplayDialogFragment: removed WakeLock
03-25 22:10:42.989  1432  2506 V WifiDisplayAdapter: getWifiDisplayStatusLocked: result=WifiDisplayStatus{featureState=3, scanState=0, activeDisplayState=2, activeDisplay=MiraScreen D941DBFF (38:1d:d9:41:db:ff), isAvailable true, canConnect true, isRemembered false, primaryDeviceType 8-0050F204-5, mIconIdx 0, devInfo = 0, uri null, isEmptySurface false, displays=[MiraScreen D941DBFF (38:1d:d9:41:db:ff), isAvailable true, canConnect true, isRemembered true, primaryDeviceType 8-0050F204-5, mIconIdx 0, devInfo = 0, uri null, isEmptySurface false, [TV] Samsung 7 Series (65) (66:1c:b0:ed:1a:53), isAvailable false, canConnect false, isRemembered true, primaryDeviceType 7-0050F204-1, mIconIdx 0, devInfo = 0, uri null, isEmptySurface false, [TV] Samsung Q70 Series (75) (9e:8c:6e:25:19:6d), isAvailable false, canConnect false, isRemembered true, primaryDeviceType , mIconIdx 0, devInfo = 0, uri null, isEmptySurface false], sessionInfo=WifiDisplaySessionInfo: Client/Owner: Client GroupId:  Passphrase:  SessionId: 0 IP Address: , connectedState=-1, networkQoS=0}
03-25 22:10:42.990  1432  4048 D PowerManagerService: [api] release WakeLock SCREEN_BRIGHT_WAKE_LOCK        'WifiDisplayDialogFragment' (uid=1000, pid=15326, ws=null) (uid=1000, pid=15326, ws=null, pkg=com.sec.android.app.wfdbroker, elapsedTime=10560) (0x0)
03-25 22:10:42.990  1432  4048 D EdgeLightingManager: hideForWakeLock packageName=com.sec.android.app.wfdbroker
03-25 22:10:42.990  1432  4048 D EdgeLightingManager: hideForWakeLockInternal : return false by isAcceptableApplication.
03-25 22:10:42.990 15262 15262 D SmartMirroringTile: changeState : 2
03-25 22:10:42.991  1432  4742 W MultiScreenManagerService: moveTaskBackToDisplayIfNeeded(): root is not base activity
03-25 22:10:42.991  1432  1590 D WifiDisplayAdapter: isServiceRunning[com.sec.android.app.wfdbroker.wfdfloatingicon.WfdFloatingIconService] return false
03-25 22:10:42.995  1432  4742 D ActivityManager: moveToFront() : reason=finishActivity adjustFocus setFocusedActivity isAttached=true TaskRecord{3267e84d0 #5744 I=com.sec.android.app.launcher/com.android.launcher3.Launcher U=0 StackId=0 sz=1}
03-25 22:10:42.995 10747 10747 V MediaRouter: Selecting route: RouteInfo{ name=MiraScreen D941DBFF, description=Wireless display, status=null, category=RouteCategory{ name=null types=ROUTE_TYPE_LIVE_AUDIO ROUTE_TYPE_LIVE_VIDEO  groupable=false }, supportedTypes=ROUTE_TYPE_LIVE_AUDIO ROUTE_TYPE_LIVE_VIDEO ROUTE_TYPE_REMOTE_DISPLAY , presentationDisplay=null }
03-25 22:10:42.996  1432  4742 D ActivityManager: setFocusStackUnchecked: reason=finishActivity adjustFocus setFocusedActivity focusCandidate=ActivityStack{607e968d0 stackId=0, 1 tasks} caller=com.android.server.am.ActivityStack.moveToFront:882 com.android.server.am.ActivityStackSupervisor.moveActivityStackToFront:2036
03-25 22:10:42.996  1432  4742 W MultiScreenManagerService: moveTaskBackToDisplayIfNeeded(): root activity or app is null
