03-25 22:10:31.930  1432  2563 D WindowManager: openInputChannel mInputChannel: 88e6f30 com.samsung.android.smartmirroring/com.samsung.android.smartmirroring.CastingDialog (server)
03-25 22:10:31.931  1432  2563 D InputTransport: Input channel destroyed: fd=556
03-25 22:10:31.931 15262 15262 D InputTransport: Input channel constructed: fd=82
03-25 22:10:31.931 15262 15262 D ViewRootImpl@95e486e[CastingDialog]: setView = DecorView@a4a8b0f[CastingDialog] touchMode=true
03-25 22:10:31.931 15285 15285 D AllShare(ASF-DMC): ServiceManager.checkDeviceName - set default MOBILE Device
03-25 22:10:31.931  2895 11434 I DiscoveryManager: Filter criteria(%urn:x-cast:com.google.cast.media,8E6C866D,674A0243) scannerFlags(0)
03-25 22:10:31.932  1432  2152 D ActivityManager: post active user change for 0 fullscreen false isHomeActivity() false
03-25 22:10:31.932  1432  2152 D KnoxTimeoutHandler: postActiveUserChange [MsgParam] userId: 0 fullscreen is true showWhenlocked is false isMutiwindowRecord is false multiwindowstyle is 0
03-25 22:10:31.932  1432  1432 D KnoxTimeoutHandler: handleActiveUserChange [MsgParam] userId: 0 fullscreen is true showWhenlocked is false isMutiwindowRecord is false multiwindowstyle is 0
03-25 22:10:31.932  1432  2565 D ConnectivityService: filterNetworkStateForUid() uid: 10029 networkInfo: [type: WIFI[] - WIFI, state: CONNECTED/CONNECTED, reason: (unspecified), extra: "subnet", failover: false, available: true, roaming: false, metered: false]
03-25 22:10:31.933  1432  1432 I KnoxTimeoutHandler: Shared devices show user statefalse
03-25 22:10:31.933 15262 15262 D ViewRootImpl@a444258[CastingDialog]: dispatchAttachedToWindow
03-25 22:10:31.933 15285 15285 V AllShare(ASF_DMC): [MRCP] StartMrcp: 737: initializing Mac Address for Screen Sharing
03-25 22:10:31.933 15285 15285 V AllShare(ASF_DMC): [CP_DISCOVERY] Rescan: 449: Sending Rescan.
03-25 22:10:31.933 15285 15285 E AllShare(ASF_DMC): [CP_DISCOVERY] Rescan: 498: SendMulticastPacket failed with error 1
03-25 22:10:31.933 15285 15285 I AllShare(ASF_DMC): [CP_DISCOVERY] AddDeviceChangeListener: 720: Rescan failed.
03-25 22:10:31.933 15285 15285 V AllShare(ASF_DMC): [CP_DISCOVERY] RegisterCP: 132: Registering CP Success
03-25 22:10:31.933 15285 15285 V AllShare(ASF_DMC): [MRCP] Start: 70: MRCP Started
03-25 22:10:31.933 15285 15285 I AllShare(ASF-DMC): ServiceManager.startServiceManager - start MRCP successfully
03-25 22:10:31.933 15285 15285 V AllShare(ASF_DMC): [CP_DISCOVERY] Rescan: 449: Sending Rescan.
03-25 22:10:31.934 15285 15285 E AllShare(ASF_DMC): [CP_DISCOVERY] Rescan: 498: SendMulticastPacket failed with error 1
03-25 22:10:31.934 15285 15285 I AllShare(ASF_DMC): [CP_DISCOVERY] AddDeviceChangeListener: 720: Rescan failed.
03-25 22:10:31.934 15285 15285 V AllShare(ASF_DMC): [CP_DISCOVERY] RegisterCP: 132: Registering CP Success
03-25 22:10:31.934 15285 15285 V AllShare(ASF_DMC): [MSCP] Start: 79: MediaServer CP Started
03-25 22:10:31.934 15285 15285 I AllShare(ASF-DMC): ServiceManager.startServiceManager - start MSCP successfully
03-25 22:10:31.934 15285 15285 V AllShare(ASF_DMC): [CP_DISCOVERY] Rescan: 449: Sending Rescan.
03-25 22:10:31.934 15285 15285 E AllShare(ASF_DMC): [CP_DISCOVERY] Rescan: 498: SendMulticastPacket failed with error 1
03-25 22:10:31.934 15285 15285 I AllShare(ASF_DMC): [CP_DISCOVERY] AddDeviceChangeListener: 720: Rescan failed.
03-25 22:10:31.934 15285 15285 V AllShare(ASF_DMC): [CP_DISCOVERY] RegisterCP: 132: Registering CP Success
03-25 22:10:31.934 15285 15285 V AllShare(ASF_DMC): [KIES_CP] Start: 75: Kiescp started
03-25 22:10:31.934 15285 15285 I AllShare(ASF-DMC): ServiceManager.startServiceManager - start kies cp successfully!
03-25 22:10:31.934 15285 15285 I AllShare(ASF-DMC): ServiceManager.startServiceManager - Started AllShare Service...taking msec of 7
03-25 22:10:31.934  1432  4742 V WindowManager: Relayout Window{431c0e7d0 u0 com.samsung.android.smartmirroring/com.samsung.android.smartmirroring.CastingDialog}: viewVisibility=0 req=1015x950 WM.LayoutParams{(0,0)(wrapxwrap) gr=#11 sim=#120 ty=2 fl=#1820002 fmt=-3 wanim=0x103038b surfaceInsets=Rect(6, 6 - 6, 6) needsMenuKey=2 dimDuration=150 naviIconColor=0 sfl=0x80000}
03-25 22:10:31.934 15285 15285 D AllShare(ASF-DMC): ServiceManager.onBind - [ TRACE ] onBind
03-25 22:10:31.934 15285 15285 I AllShare(ASF-DMC): ServiceManager.startServiceManager - AllShare Service is ALREADY running...
03-25 22:10:31.934 15285 15285 D AllShare(ASF-DMC): ServiceManager.bindServiceManager - SubscriberID : com.samsung.android.smartmirroring
03-25 22:10:31.935   636   636 I SurfaceFlinger: id=117 createSurf (13x13),1 flag=4, DastingDial
03-25 22:10:31.939 15285 15285 V AllShare(ASF-DMC): SystemEventMonitor.checkWifiState - WIFI STATE: CONNECTED
03-25 22:10:31.941  2080 12874 D WallpaperService: resized:[frame]Rect(0, 0 - 2220, 2220) [newConfig] is null
03-25 22:10:31.941  2080  2080 D WallpaperService: MSG_WINDOW_RESIZED
03-25 22:10:31.941  2080  2080 D WallpaperService: updateSurface forceRelayout=true redrawNeeded=false myWidth=2220 myHeight=2220 fixedSize=true mWidth=2220 mHeight=2220
03-25 22:10:31.941  2080  2080 V WallpaperService: Changes: creating=false format=false size=false
03-25 22:10:31.942  2895  2895 V MediaRouter: Dispatching route change: UserRouteInfo{ name=Projector, description=Chromecast Ultra, status=null, category=RouteCategory{ name=Devices types=ROUTE_TYPE_USER  groupable=false }, supportedTypes=ROUTE_TYPE_USER , presentationDisplay=null }
03-25 22:10:31.942  2895  2895 V MediaRouter: Dispatching route change: UserRouteInfo{ name=Projector, description=Chromecast Ultra, status=null, category=RouteCategory{ name=Devices types=ROUTE_TYPE_USER  groupable=false }, supportedTypes=ROUTE_TYPE_USER , presentationDisplay=null }
03-25 22:10:31.943 15285 15285 V AllShare(ASF-DMC): SystemEventMonitor.checkP2PState - WIFI P2P STATE: DISCONNECTED
03-25 22:10:31.943 15285 15873 D AllShare(ASF-DMC): NetworkStatusListener.notifyNICAdded - NIC: wlan0
03-25 22:10:31.944 15262 15262 D ViewRootImpl@a444258[CastingDialog]: Relayout returned: oldFrame=[0,0][0,0] newFrame=[32,666][1047,1616] result=0x27 surface={isValid=true 547667205632} surfaceGenerationChanged=true
03-25 22:10:31.944 15262 15262 D ViewRootImpl@a444258[CastingDialog]: mHardwareRenderer.initialize() mSurface={isValid=true 547667205632} hwInitialized=true
03-25 22:10:31.946  1432  4239 V WindowManager: Relayout Window{4e744fbd0 u0 com.android.systemui.ImageWallpaper}: viewVisibility=0 req=2220x2220 WM.LayoutParams{(0,0)(2220x2220) gr=#800033 ty=2013 fl=#318 fmt=2 wanim=0x10302f2 naviIconColor=0}
03-25 22:10:31.946 15262 15262 D ScrollView:  onsize change changed
03-25 22:10:31.946 15262 15262 D AbsListView:  onsize change
03-25 22:10:31.947 15262 15262 D ViewRootImpl@95e486e[CastingDialog]: dispatchAttachedToWindow
03-25 22:10:31.948  2080  2080 V WallpaperService: New surface=Surface(name=null)/@0x8ba713d, frame=Rect(0, 0 - 2220, 2220),relayoutResult=1, mConfiguration={0 1.0 themeSeq = 0 showBtnBg = -1 ?mcc?mnc ?localeList ?layoutDir ?swdp ?wdp ?hdp ?density ?lsize ?long ?orien ?uimode ?dc ?night ?touch ?keyb/?/? ?nav/? mkbd/? desktop/?}
03-25 22:10:31.948  2080  2080 V WallpaperService: Wallpaper size has changed : 2220, 2220
03-25 22:10:31.948  2080  2080 D ImageWallpaper: onOffsetsChanged: xOffset=0.0, yOffset=0.0, xOffsetStep=0.0, yOffsetStep=0.0, xPixels=0, yPixels=0
03-25 22:10:31.948  1432  4747 V WindowManager: Relayout Window{88e6f30d0 u0 com.samsung.android.smartmirroring/com.samsung.android.smartmirroring.CastingDialog}: viewVisibility=0 req=168x168 WM.LayoutParams{(0,0)(wrapxwrap) sim=#120 ty=1 fl=#1800002 fmt=-3 wanim=0x103038b surfaceInsets=Rect(6, 6 - 6, 6) needsMenuKey=2 naviIconColor=0 sfl=0x80000}
03-25 22:10:31.948  2080  2080 D ImageWallpaper: drawFrame=false rotation=0 mLastRotation=0
03-25 22:10:31.949  2080  2080 D ImageWallpaper: drawFrame:[frame.width()]2220[frame.height()]2220
03-25 22:10:31.949  2080  2080 D ImageWallpaper: surfaceDimensionsChanged=false mLastSurfaceRotation=0 mDisplayWidth=-1 mDisplayHeight=-1
03-25 22:10:31.949  2080  2080 D ImageWallpaper: mNewKeyboard : 0 mLastKeyboard : 0 mForceDraw = false
03-25 22:10:31.949  2080  2080 D ImageWallpaper: redrawNeeded = false, mOffsetsChanged = false
03-25 22:10:31.949  2080  2080 D ImageWallpaper: Suppressed drawFrame since redraw is not needed and offsets have not changed.
03-25 22:10:31.949   636   636 I SurfaceFlinger: id=118 createSurf (13x13),1 flag=4, DastingDial
03-25 22:10:31.955  2080  2080 D ViewRootImpl@a5a692e[NaviBarTouchConsumer]: MSG_RESIZED: frame=Rect(0, 2198 - 1080, 2220) ci=Rect(0, 0 - 0, 0) vi=Rect(0, 0 - 0, 0) or=1
03-25 22:10:31.960 15262 15262 D ViewRootImpl@95e486e[CastingDialog]: Relayout returned: oldFrame=[0,0][0,0] newFrame=[456,1057][624,1225] result=0x27 surface={isValid=true 547667209216} surfaceGenerationChanged=true
03-25 22:10:31.960 15262 15262 D ViewRootImpl@95e486e[CastingDialog]: mHardwareRenderer.initialize() mSurface={isValid=true 547667209216} hwInitialized=true
03-25 22:10:31.961 15262 15262 D ViewRootImpl@a444258[CastingDialog]: MSG_WINDOW_FOCUS_CHANGED 1
03-25 22:10:31.962 15262 15262 D ViewRootImpl@a444258[CastingDialog]: mHardwareRenderer.initializeIfNeeded()#2 mSurface={isValid=true 547667205632}
03-25 22:10:31.962  1432  6297 V WifiDisplayAdapter: getWifiDisplayStatusLocked: result=WifiDisplayStatus{featureState=3, scanState=1, activeDisplayState=0, activeDisplay=null, displays=[], sessionInfo=WifiDisplaySessionInfo: Client/Owner: Client GroupId:  Passphrase:  SessionId: 0 IP Address: , connectedState=-1, networkQoS=0}
03-25 22:10:31.962 15262 15262 D SmartMirroringTile: changeState : 1
03-25 22:10:31.963  2080  2308 D Tile.CustomTile: updateState : Label = Smart View, State = 1, Icon = Icon(typ=RESOURCE pkg=com.samsung.android.smartmirroring id=0x7f020009)
03-25 22:10:31.963 15262 15262 D CastingDialogFragment: Receive intent = Intent { act=android.net.wifi.p2p.CONNECTION_STATE_CHANGE flg=0x24000010 launchParam=MultiScreenLaunchParams { mDisplayId=0 mBaseDisplayId=0 mFlags=0 } bqHint=1 (has extras) }
03-25 22:10:31.964  1432  6507 V WifiDisplayAdapter: getWifiDisplayStatusLocked: result=WifiDisplayStatus{featureState=3, scanState=1, activeDisplayState=0, activeDisplay=null, displays=[], sessionInfo=WifiDisplaySessionInfo: Client/Owner: Client GroupId:  Passphrase:  SessionId: 0 IP Address: , connectedState=-1, networkQoS=0}
03-25 22:10:31.964 15262 15262 D SmartMirroringTile: changeState : 1
03-25 22:10:31.964  2080 12874 D Tile.CustomTile: updateState : Label = Smart View, State = 1, Icon = Icon(typ=RESOURCE pkg=com.samsung.android.smartmirroring id=0x7f020009)
03-25 22:10:31.965 15262 15262 D CastingDialogFragment: Receive intent = Intent { act=android.hardware.display.action.WIFI_DISPLAY_STATUS_CHANGED flg=0x40000010 launchParam=MultiScreenLaunchParams { mDisplayId=0 mBaseDisplayId=0 mFlags=0 } bqHint=1 (has extras) }
03-25 22:10:31.965 15262 15262 D AllShare(ASF-API): L-d140909 / AllShareConnector.smartmirroring : onReceive AllShare Service Start message...^^
03-25 22:10:31.965 15262 15262 I AllShare(ASF-API): L-d140909 / AllShareConnector.smartmirroring is Already trying to connecting...wait..
03-25 22:10:31.965 15262 15262 I AllShare(ASF-API): L-d140909 / AllShareConnector.Subscriber onServiceConnected to smartmirroring
03-25 22:10:31.965 15262 15262 D AllShare(ASF-API): L-d140909 / AllShareConnector.onConnected to smartmirroring
03-25 22:10:31.965 15262 15262 D DlnaAdapter: mDlnaServiceConnectEventListener onCreated. state : ENABLED
03-25 22:10:31.967  2241  2241 I wpa_supplicant: USE_NETWORK : USE_NETWORK OFF
03-25 22:10:31.967 15285 15873 D AllShare(ASF-DMC): NetworkStatusListener.getNetworkInfo - finding NetworkInterface wlan0... bond0
03-25 22:10:31.967 15285 15873 D AllShare(ASF-DMC): NetworkStatusListener.getNetworkInfo - finding NetworkInterface wlan0... sit0
03-25 22:10:31.967 15285 15873 D AllShare(ASF-DMC): NetworkStatusListener.getNetworkInfo - finding NetworkInterface wlan0... lo
03-25 22:10:31.967 15285 15873 D AllShare(ASF-DMC): NetworkStatusListener.getNetworkInfo - finding NetworkInterface wlan0... dummy0
03-25 22:10:31.967 15285 15873 D AllShare(ASF-DMC): NetworkStatusListener.getNetworkInfo - finding NetworkInterface wlan0... p2p0
03-25 22:10:31.967 15285 15873 I AllShare(ASF-DMC): NetworkStatusListener.getNetworkInfo - NetworkInterface found wlan0 == wlan0
03-25 22:10:31.967 15285 15873 I AllShare(ASF-DMC): NetworkStatusListener.getNetworkInfo - InetAddress found 192.168.21.188 in wlan0
03-25 22:10:31.967 15285 15873 I AllShare(ASF-DMC): NetworkStatusListener.getNetworkInfo - this is IPv4 we want: 192.168.21.188 in wlan0
03-25 22:10:31.967 15285 15873 D AllShare(ASF-DMC): NetworkStatusListener.notifyNICAdded - ip: 192.168.21.188, subnet mask: 255.255.255.0
03-25 22:10:31.967 15285 15873 I AllShare(ASF_DMC): [JNI] JavaNotifyNICAdded: 122: Enter JavaNotifyNICAdded
03-25 22:10:31.967 15285 15873 V AllShare(ASF_DMC): [NETWORK_LAYER] OnNetworkChanged: 205: ServerManager::OnNetworkChanged:NIC_ADDED
03-25 22:10:31.968 15285 15873 D AllShare(ASF_DMC): [NETWORK_LAYER] Start: 141: TCPServer Started: 192.168.21.188:8187
03-25 22:10:31.968 15285 15873 D AllShare(ASF_DMC): [NETWORK_LAYER] Start: 85: listen_address [192.168.21.188]
03-25 22:10:31.968 15285 15873 D AllShare(ASF_DMC): [NETWORK_LAYER] Start: 112: New MulticastServer::Start() : 239.255.255.250:1900 Started
03-25 22:10:31.968 15285 15873 D AllShare(ASF_DMC): [NETWORK_LAYER] Start: 102: UDPServer Started:192.168.21.188:3942
03-25 22:10:31.968 15285 15873 V AllShare(ASF_DMC): [NETWORK_LAYER] NotifyNICIfEvent: 1124: 2 event listeners are notified!!!
03-25 22:10:31.968 15285 15873 D AllShare(ASF-DMC): AllshareBigdataManager.setNetworkType - when playing contents, network type is 2
03-25 22:10:31.968 15285 15852 D AllShare(ASF_DMC): [NETWORK_LAYER] NotifyNICEventByID: 1204: Notifying NIC Change 0 for wlan0 listener_id 0
03-25 22:10:31.968 15285 15851 D AllShare(ASF_DMC): [NETWORK_LAYER] NotifyNICEventByID: 1204: Notifying NIC Change 0 for wlan0 listener_id 1
03-25 22:10:31.968 15285 15873 D AllShare(ASF-DMC): DeviceSubscriber.eventNotifyReceived - receive system event: com.sec.android.allshare.event.EVENT_WIFI_ENABLED
03-25 22:10:31.968 15285 15852 D AllShare(ASF_DMC): [CP_DISCOVERY] OnNetworkChanged: 53: Received NIC change event [0] for [wlan0]
03-25 22:10:31.968 15285 15851 D AllShare(ASF_DMC): [STREAMING] OnNetworkChanged: 144: NW event arrived for interface name wlan0
03-25 22:10:31.968 15285 15852 V AllShare(ASF_DMC): [CP_DISCOVERY] Rescan: 449: Sending Rescan.
03-25 22:10:31.969 15285 15873 D AllShare(ASF-DMC): NetworkStatusListener.notifyNICRemoved - NIC: p2p-wlan0-0
03-25 22:10:31.969 15285 15873 I AllShare(ASF_DMC): [JNI] JavaNotifyNICRemoved: 137: Enter JavaNotifyNICRemoved
03-25 22:10:31.969 15285 15873 I AllShare(ASF_DMC): [NETWORK_LAYER] NotifyNICRemoved: 1078: Interface [p2p-wlan0-0] is already removed!!
03-25 22:10:31.969 15285 15873 D AllShare(ASF-DMC): AllshareBigdataManager.setNetworkType - when playing contents, network type is 2
03-25 22:10:31.969 15285 15873 D AllShare(ASF-DMC): DeviceSubscriber.eventNotifyReceived - receive system event: com.sec.android.allshare.event.EVENT_WIFI_P2P_DISABLED
03-25 22:10:31.976  1432  1974 D MdnieScenarioControlService:  packageName : com.samsung.android.smartmirroring    className : com.samsung.android.smartmirroring.CastingDialog
03-25 22:10:31.976  1432  1974 V MdnieScenarioControlService: setUIMode from UI function(3)
03-25 22:10:31.977  1432  2151 D WindowManager: finishDrawingWindow: Window{431c0e7d0 u0 com.samsung.android.smartmirroring/com.samsung.android.smartmirroring.CastingDialog} mDrawState=DRAW_PENDING
03-25 22:10:31.980  1432  2563 D WindowManager: finishDrawingWindow: Window{88e6f30d0 u0 com.samsung.android.smartmirroring/com.samsung.android.smartmirroring.CastingDialog} mDrawState=DRAW_PENDING
03-25 22:10:31.981 15262 15262 D ViewRootImpl@a444258[CastingDialog]: MSG_RESIZED_REPORT: frame=Rect(32, 666 - 1047, 1616) ci=Rect(0, 0 - 0, 0) vi=Rect(0, 0 - 0, 0) or=1
03-25 22:10:31.981 15262 15262 D ViewRootImpl@95e486e[CastingDialog]: MSG_RESIZED_REPORT: frame=Rect(456, 1057 - 624, 1225) ci=Rect(0, 0 - 0, 0) vi=Rect(0, 0 - 0, 0) or=1
03-25 22:10:31.981 15262 15262 D CastingDialogFragment: update: changes = 4
03-25 22:10:31.981  1432  1938 V WifiDisplayAdapter: getWifiDisplayStatusLocked: result=WifiDisplayStatus{featureState=3, scanState=1, activeDisplayState=0, activeDisplay=null, displays=[], sessionInfo=WifiDisplaySessionInfo: Client/Owner: Client GroupId:  Passphrase:  SessionId: 0 IP Address: , connectedState=-1, networkQoS=0}
03-25 22:10:31.982  1432  2152 V WifiDisplayAdapter: getWifiDisplayStatusLocked: result=WifiDisplayStatus{featureState=3, scanState=1, activeDisplayState=0, activeDisplay=null, displays=[], sessionInfo=WifiDisplaySessionInfo: Client/Owner: Client GroupId:  Passphrase:  SessionId: 0 IP Address: , connectedState=-1, networkQoS=0}
03-25 22:10:31.982 15262 15262 I AllShare(ASF-API): L-d140909 / MediaDeviceFinderImpl.getDevices - type[DEVICE_AVPLAYER]
03-25 22:10:31.982 15285 15297 V AllShare(ASF_DMC): [CP_DISCOVERY] GetDeviceList: 165: interesting device list empty
03-25 22:10:31.982 15285 15297 I AllShare(ASF_DMC): [JNI] getDeviceList: 398: getDeviceListFromGenericCP Failed,  [-1020] - can't find device
03-25 22:10:31.982 15285 15297 I AllShare(ASF_DMC): [JNI] getDeviceListJNI: 308: pDeviceList == NULL
03-25 22:10:31.982 15285 15297 W AllShare(ASF-DMC): DeviceListManagerWrapper.getDeviceList - Get device list with type[4] failed
03-25 22:10:31.982 15262 15262 I AllShare(ASF-API): L-d140909 / MediaDeviceFinderImpl.getDevices - type[DEVICE_SCREENSHARING]
03-25 22:10:31.983 15285 15298 V AllShare(ASF_DMC): [CP_DISCOVERY] GetDeviceList: 165: interesting device list empty
03-25 22:10:31.983 15285 15298 I AllShare(ASF_DMC): [JNI] getDeviceList: 398: getDeviceListFromGenericCP Failed,  [-1020] - can't find device
03-25 22:10:31.983 15285 15298 I AllShare(ASF_DMC): [JNI] getDeviceListJNI: 308: pDeviceList == NULL
03-25 22:10:31.983 15285 15298 W AllShare(ASF-DMC): DeviceListManagerWrapper.getDeviceList - Get device list with type[8] failed
03-25 22:10:31.983 15262 15262 D CastingDialogFragment:     DLNA length : 0
03-25 22:10:31.983 15262 15262 D CastingDialogFragment:     Route length : 2
03-25 22:10:31.983 15262 15262 I CastingDialogFragment:     route : RouteInfo{ name=Projector, description=Chromecast Ultra, status=Available, category=RouteCategory{ name=null types=ROUTE_TYPE_LIVE_AUDIO ROUTE_TYPE_LIVE_VIDEO  groupable=false }, supportedTypes=ROUTE_TYPE_LIVE_AUDIO ROUTE_TYPE_LIVE_VIDEO ROUTE_TYPE_REMOTE_DISPLAY , presentationDisplay=null }
03-25 22:10:31.983 15262 15262 D CastingDialogFragment: Wifidisplay length : 0
03-25 22:10:31.983 15262 15262 I CastingDialogFragment: applyState device count : 1
03-25 22:10:31.983  1432  3596 D WifiDisplayAdapter: getLastConnectedDlnaDevice mLastConnectedDlnaDevice : null
03-25 22:10:31.984  1432  2564 D WifiDisplayAdapter: getLastConnectedDisplay cancel = false
03-25 22:10:31.984  1432  2565 D WifiDisplayAdapter: getLastConnectedGCastDevice
03-25 22:10:31.984  1432  2565 D WifiDisplayAdapter: getLastConnectedGCastDevice mLastConnectedGCastDevice :
03-25 22:10:31.986  1432  1590 D KnoxTimeoutHandler: notifyActivityDrawn [MsgParam] userId: 0 fullscreen is false showWhenlocked is false isMutiwindowRecord is false multiwindowstyle is 1
03-25 22:10:31.986  1432  1432 D KnoxTimeoutHandler: activityDrawn [MsgParam] userId: 0 fullscreen is false showWhenlocked is false isMutiwindowRecord is false multiwindowstyle is 1
03-25 22:10:31.987  1432  1590 I ActivityManager: Displayed com.samsung.android.smartmirroring/.CastingDialog: +122ms
03-25 22:10:31.987  1432  1432 I KnoxTimeoutHandler: SD activityfalse
03-25 22:10:31.990 15285 15856 V AllShare(ASF_DMC): [CP_DISCOVERY] SendDeviceDescriptionRequest: 379: Making description request for [uuid:7f5ff4c1-84d8-a023-7d6d-70530fd350c7+wlan0]
03-25 22:10:31.992  1432  4057 D WindowManager: finishDrawingWindow: Window{431c0e7d0 u0 com.samsung.android.smartmirroring/com.samsung.android.smartmirroring.CastingDialog} mDrawState=HAS_DRAWN
03-25 22:10:31.994  1432  1921 D WindowManager: finishDrawingWindow: Window{88e6f30d0 u0 com.samsung.android.smartmirroring/com.samsung.android.smartmirroring.CastingDialog} mDrawState=HAS_DRAWN
03-25 22:10:31.995 15285 15856 D AllShare(ASF_DMC): [CP_DISCOVERY] OnUDPRequestReceived: 203: Recv M-SEARCH res from NEW dev [uuid:7f5ff4c1-84d8-a023-7d6d-70530fd350c7+wlan0] client_ip = [192.168.21.208] Interface ip [192.168.21.188]
03-25 22:10:32.008   589   589 E audit   : type=1400 audit(1585199431.998:5540): avc:  denied  { call } for  pid=636 comm="surfaceflinger" scontext=u:r:init:s0 tcontext=u:r:system_app:s0 tclass=binder permissive=1 SEPF_SECMOBILE_7.0_0009 unfiltered
03-25 22:10:32.008   589   589 E audit   : type=1300 audit(1585199431.998:5540): arch=c00000b7 syscall=29 success=yes exit=0 a0=3 a1=c0306201 a2=7fcade8838 a3=30 items=0 ppid=1 pid=636 auid=4294967295 uid=1000 gid=1003 euid=1000 suid=1000 fsuid=1000 egid=1003 sgid=1003 fsgid=1003 tty=(none) ses=4294967295 comm="surfaceflinger" exe="/system/bin/surfaceflinger" subj=u:r:init:s0 key=(null)
03-25 22:10:32.009   589   589 E audit   : type=1327 audit(1585199431.998:5540): proctitle="/system/bin/surfaceflinger"
03-25 22:10:32.009  1432  1579 W ContextImpl: Calling a method in the system process without a qualified user: android.app.ContextImpl.sendBroadcast:906 com.android.server.SEDenialService$AuditFileObserver.onEvent:98 android.os.FileObserver$ObserverThread.onEvent:122 android.os.FileObserver$ObserverThread.observe:-2 android.os.FileObserver$ObserverThread.run:85
03-25 22:10:32.012 15285 15859 V AllShare(ASF_DMC): [CP_DISCOVERY] PopulateServiceDescription: 350: Sent request for 1 services
03-25 22:10:32.025 15285 15859 I AllShare(ASF_DMC): [CP_DISCOVERY] OnResponseReceived: 183: service description received
03-25 22:10:32.025 15285 15859 E AllShare(ASF_DMC): [CP_DISCOVERY] ServiceDescriptionReceived: 566: Error code 404 by device uuid:7f5ff4c1-84d8-a023-7d6d-70530fd350c7+wlan0
03-25 22:10:32.030   589   589 E audit   : type=1400 audit(1585199432.018:5541): avc:  denied  { write } for  pid=636 comm="surfaceflinger" path="/dev/kgsl-3d0" dev="tmpfs" ino=20599 scontext=u:r:init:s0 tcontext=u:object_r:gpu_device:s0 tclass=chr_file permissive=1 SEPF_SECMOBILE_7.0_0009 unfiltered
03-25 22:10:32.031   589   589 E audit   : type=1300 audit(1585199432.018:5541): arch=c00000b7 syscall=222 success=yes exit=34357510144 a0=0 a1=20000 a2=3 a3=1 items=0 ppid=1 pid=636 auid=4294967295 uid=1000 gid=1003 euid=1000 suid=1000 fsuid=1000 egid=1003 sgid=1003 fsgid=1003 tty=(none) ses=4294967295 comm="surfaceflinger" exe="/system/bin/surfaceflinger" subj=u:r:init:s0 key=(null)
03-25 22:10:32.031   589   589 E audit   : type=1327 audit(1585199432.018:5541): proctitle="/system/bin/surfaceflinger"
03-25 22:10:32.032  1432  1579 W ContextImpl: Calling a method in the system process without a qualified user: android.app.ContextImpl.sendBroadcast:906 com.android.server.SEDenialService$AuditFileObserver.onEvent:98 android.os.FileObserver$ObserverThread.onEvent:122 android.os.FileObserver$ObserverThread.observe:-2 android.os.FileObserver$ObserverThread.run:85
03-25 22:10:32.089 15285 15857 V AllShare(ASF_DMC): [CP_DISCOVERY] SendDeviceDescriptionRequest: 379: Making description request for [uuid:00000000-0000-1000-8000-00182020ba3c+wlan0]
03-25 22:10:32.090 15285 15857 D AllShare(ASF_DMC): [CP_DISCOVERY] OnUDPRequestReceived: 203: Recv M-SEARCH res from NEW dev [uuid:00000000-0000-1000-8000-00182020ba3c+wlan0] client_ip = [192.168.21.160] Interface ip [192.168.21.188]
03-25 22:10:32.106  2241  2241 I wpa_supplicant: P2P-DEVICE-FOUND 38:1d:d9:41:db:ff p2p_dev_addr=38:1d:d9:41:db:ff pri_dev_type=8-0050F204-5 name='MiraScreen D941DBFF' config_methods=0x88 dev_capab=0x25 group_capab=0xa wfd_dev_info=0x0151022a012c icon=0x0 prefix='' ss_dev_info=0x0 freq=2437 new=1 upnp_info=0 internet_info=0
03-25 22:10:32.108  1432  1922 D WifiP2pService: InactiveState{ what=147477 }
03-25 22:10:32.108  1432  2456 E IzatSvc_Wiper: W/Num of elements returned by LOWI 2
03-25 22:10:32.108  1432  1922 D WifiP2pService: P2pEnabledState{ what=147477 }
03-25 22:10:32.109  1432  1590 D WifiDisplayController: Received WIFI_P2P_PEERS_CHANGED_ACTION.
03-25 22:10:32.110  1432  1922 D WifiP2pService: InactiveState{ what=139283 }
03-25 22:10:32.110  1432  1922 D WifiP2pService: P2pEnabledState{ what=139283 }
03-25 22:10:32.111  1432  1922 D WifiP2pService: DefaultState{ what=139283 }
03-25 22:10:32.111  1432  1590 D WifiDisplayController: Received list of peers.
03-25 22:10:32.111  1432  1590 D WifiDisplayController:   Device: MiraScreen D941DBFF, deviceAddress: 38:1d:d9:41:db:ff, primary type: 8-0050F204-5, secondary type: null, wps: 136, grpcapab: 10, devcapab: 37, status: 3, wfdInfo: WFD enabled: trueWFD DeviceInfo: 337, WFD CtrlPort: 554, WFD MaxThroughput: 300, groupownerAddress: null, GOdeviceName: null, interfaceAddress: , SConnectInfo : null, contactInfoHash : null, ssDevInfo : 0, iconIdx : 0, semMirrorLinkUpnpInfo: , P2P-CCC-UPNP Device Information, UPNP DEV Type: 0, TmApplicationServer supported = false, TmClientProfile supported = false, TmNotificationServer supported = false, Port Number: 0, semMirrorLinkInternetInfo: , P2P-CCC-Internet Accessibility Info, MirrorLink Type: 0, Have internet Access = false, Internet Access required = false, MirrorLink Client Preference Number: 0, semSamsungDeviceType : 0, serviceData : null, fw_invite : 0
03-25 22:10:32.112  1432  1590 I WifiDisplayAdapter: onScanResults
03-25 22:10:32.112  1432  2461 E LocSvc_ApiV02: I/<--- void globalRespCb(locClientHandleType, uint32_t, const locClientRespIndUnionType, uint32_t, void *) line 157 QMI_LOC_INJECT_WIFI_AP_DATA_REQ_V02
03-25 22:10:32.112  1432  1590 V WifiDisplayAdapter: getWifiDisplayStatusLocked: result=WifiDisplayStatus{featureState=3, scanState=1, activeDisplayState=0, activeDisplay=null, displays=[MiraScreen D941DBFF (38:1d:d9:41:db:ff), isAvailable true, canConnect true, isRemembered true, primaryDeviceType 8-0050F204-5, mIconIdx 0, devInfo = 0, uri null, isEmptySurface false, [TV] Samsung 7 Series (65) (66:1c:b0:ed:1a:53), isAvailable false, canConnect false, isRemembered true, primaryDeviceType 7-0050F204-1, mIconIdx 0, devInfo = 0, uri null, isEmptySurface false, [TV] Samsung Q70 Series (75) (9e:8c:6e:25:19:6d), isAvailable false, canConnect false, isRemembered true, primaryDeviceType , mIconIdx 0, devInfo = 0, uri null, isEmptySurface false], sessionInfo=WifiDisplaySessionInfo: Client/Owner: Client GroupId:  Passphrase:  SessionId: 0 IP Address: , connectedState=-1, networkQoS=0}
03-25 22:10:32.114  1432  1432 V MediaRouter: Adding route: RouteInfo{ name=MiraScreen D941DBFF, description=Wireless display, status=Scanning, category=RouteCategory{ name=null types=ROUTE_TYPE_LIVE_AUDIO ROUTE_TYPE_LIVE_VIDEO  groupable=false }, supportedTypes=ROUTE_TYPE_LIVE_AUDIO ROUTE_TYPE_LIVE_VIDEO ROUTE_TYPE_REMOTE_DISPLAY , presentationDisplay=null }
03-25 22:10:32.114  1432  1432 V MediaRouter: Adding route: RouteInfo{ name=[TV] Samsung 7 Series (65), description=Wireless display, status=Scanning, category=RouteCategory{ name=null types=ROUTE_TYPE_LIVE_AUDIO ROUTE_TYPE_LIVE_VIDEO  groupable=false }, supportedTypes=ROUTE_TYPE_LIVE_AUDIO ROUTE_TYPE_LIVE_VIDEO ROUTE_TYPE_REMOTE_DISPLAY , presentationDisplay=null }
03-25 22:10:32.114  1432  1432 V MediaRouter: Adding route: RouteInfo{ name=[TV] Samsung Q70 Series (75), description=Wireless display, status=Scanning, category=RouteCategory{ name=null types=ROUTE_TYPE_LIVE_AUDIO ROUTE_TYPE_LIVE_VIDEO  groupable=false }, supportedTypes=ROUTE_TYPE_LIVE_AUDIO ROUTE_TYPE_LIVE_VIDEO ROUTE_TYPE_REMOTE_DISPLAY , presentationDisplay=null }
03-25 22:10:32.118 15326 15326 V MediaRouter: Adding route: RouteInfo{ name=MiraScreen D941DBFF, description=Wireless display, status=Scanning, category=RouteCategory{ name=null types=ROUTE_TYPE_LIVE_AUDIO ROUTE_TYPE_LIVE_VIDEO  groupable=false }, supportedTypes=ROUTE_TYPE_LIVE_AUDIO ROUTE_TYPE_LIVE_VIDEO ROUTE_TYPE_REMOTE_DISPLAY , presentationDisplay=null }
03-25 22:10:32.118 15326 15326 V MediaRouter: Adding route: RouteInfo{ name=[TV] Samsung 7 Series (65), description=Wireless display, status=Scanning, category=RouteCategory{ name=null types=ROUTE_TYPE_LIVE_AUDIO ROUTE_TYPE_LIVE_VIDEO  groupable=false }, supportedTypes=ROUTE_TYPE_LIVE_AUDIO ROUTE_TYPE_LIVE_VIDEO ROUTE_TYPE_REMOTE_DISPLAY , presentationDisplay=null }
03-25 22:10:32.119 15326 15326 V MediaRouter: Adding route: RouteInfo{ name=[TV] Samsung Q70 Series (75), description=Wireless display, status=Scanning, category=RouteCategory{ name=null types=ROUTE_TYPE_LIVE_AUDIO ROUTE_TYPE_LIVE_VIDEO  groupable=false }, supportedTypes=ROUTE_TYPE_LIVE_AUDIO ROUTE_TYPE_LIVE_VIDEO ROUTE_TYPE_REMOTE_DISPLAY , presentationDisplay=null }
03-25 22:10:32.121 15262 15262 V MediaRouter: Adding route: RouteInfo{ name=MiraScreen D941DBFF, description=Wireless display, status=Scanning, category=RouteCategory{ name=null types=ROUTE_TYPE_LIVE_AUDIO ROUTE_TYPE_LIVE_VIDEO  groupable=false }, supportedTypes=ROUTE_TYPE_LIVE_AUDIO ROUTE_TYPE_LIVE_VIDEO ROUTE_TYPE_REMOTE_DISPLAY , presentationDisplay=null }
03-25 22:10:32.121 15262 15262 V MediaRouter: Adding route: RouteInfo{ name=[TV] Samsung 7 Series (65), description=Wireless display, status=Scanning, category=RouteCategory{ name=null types=ROUTE_TYPE_LIVE_AUDIO ROUTE_TYPE_LIVE_VIDEO  groupable=false }, supportedTypes=ROUTE_TYPE_LIVE_AUDIO ROUTE_TYPE_LIVE_VIDEO ROUTE_TYPE_REMOTE_DISPLAY , presentationDisplay=null }
03-25 22:10:32.122 15262 15262 V MediaRouter: Adding route: RouteInfo{ name=[TV] Samsung Q70 Series (75), description=Wireless display, status=Scanning, category=RouteCategory{ name=null types=ROUTE_TYPE_LIVE_AUDIO ROUTE_TYPE_LIVE_VIDEO  groupable=false }, supportedTypes=ROUTE_TYPE_LIVE_AUDIO ROUTE_TYPE_LIVE_VIDEO ROUTE_TYPE_REMOTE_DISPLAY , presentationDisplay=null }
03-25 22:10:32.122  1432  1482 V WifiDisplayAdapter: getWifiDisplayStatusLocked: result=WifiDisplayStatus{featureState=3, scanState=1, activeDisplayState=0, activeDisplay=null, displays=[MiraScreen D941DBFF (38:1d:d9:41:db:ff), isAvailable true, canConnect true, isRemembered true, primaryDeviceType 8-0050F204-5, mIconIdx 0, devInfo = 0, uri null, isEmptySurface false, [TV] Samsung 7 Series (65) (66:1c:b0:ed:1a:53), isAvailable false, canConnect false, isRemembered true, primaryDeviceType 7-0050F204-1, mIconIdx 0, devInfo = 0, uri null, isEmptySurface false, [TV] Samsung Q70 Series (75) (9e:8c:6e:25:19:6d), isAvailable false, canConnect false, isRemembered true, primaryDeviceType , mIconIdx 0, devInfo = 0, uri null, isEmptySurface false], sessionInfo=WifiDisplaySessionInfo: Client/Owner: Client GroupId:  Passphrase:  SessionId: 0 IP Address: , connectedState=-1, networkQoS=0}
03-25 22:10:32.122  2080  2080 V MediaRouter: Adding route: RouteInfo{ name=MiraScreen D941DBFF, description=Wireless display, status=Scanning, category=RouteCategory{ name=null types=ROUTE_TYPE_LIVE_AUDIO ROUTE_TYPE_LIVE_VIDEO  groupable=false }, supportedTypes=ROUTE_TYPE_LIVE_AUDIO ROUTE_TYPE_LIVE_VIDEO ROUTE_TYPE_REMOTE_DISPLAY , presentationDisplay=null }
03-25 22:10:32.122 15262 15262 D SmartMirroringTile: changeState : 1
03-25 22:10:32.123  2080  2080 V MediaRouter: Adding route: RouteInfo{ name=[TV] Samsung 7 Series (65), description=Wireless display, status=Scanning, category=RouteCategory{ name=null types=ROUTE_TYPE_LIVE_AUDIO ROUTE_TYPE_LIVE_VIDEO  groupable=false }, supportedTypes=ROUTE_TYPE_LIVE_AUDIO ROUTE_TYPE_LIVE_VIDEO ROUTE_TYPE_REMOTE_DISPLAY , presentationDisplay=null }
03-25 22:10:32.123  2080  2080 V MediaRouter: Adding route: RouteInfo{ name=[TV] Samsung Q70 Series (75), description=Wireless display, status=Scanning, category=RouteCategory{ name=null types=ROUTE_TYPE_LIVE_AUDIO ROUTE_TYPE_LIVE_VIDEO  groupable=false }, supportedTypes=ROUTE_TYPE_LIVE_AUDIO ROUTE_TYPE_LIVE_VIDEO ROUTE_TYPE_REMOTE_DISPLAY , presentationDisplay=null }
03-25 22:10:32.123  1432  1976 D AllAroundSensingService: packageName : com.samsung.android.smartmirroring    className : com.samsung.android.smartmirroring.CastingDialog
03-25 22:10:32.123  2080  2100 D Tile.CustomTile: updateState : Label = Smart View, State = 1, Icon = Icon(typ=RESOURCE pkg=com.samsung.android.smartmirroring id=0x7f020009)
03-25 22:10:32.123  1432  1976 V AllAroundSensingService: setPlatformBrightnessValue 120
03-25 22:10:32.123 15262 15262 D CastingDialogFragment: Receive intent = Intent { act=android.hardware.display.action.WIFI_DISPLAY_STATUS_CHANGED flg=0x40000010 launchParam=MultiScreenLaunchParams { mDisplayId=0 mBaseDisplayId=0 mFlags=0 } bqHint=1 (has extras) }
03-25 22:10:32.137 15262 15262 D CastingDialogFragment: update: changes = 6
03-25 22:10:32.137  1432  4745 V WifiDisplayAdapter: getWifiDisplayStatusLocked: result=WifiDisplayStatus{featureState=3, scanState=1, activeDisplayState=0, activeDisplay=null, displays=[MiraScreen D941DBFF (38:1d:d9:41:db:ff), isAvailable true, canConnect true, isRemembered true, primaryDeviceType 8-0050F204-5, mIconIdx 0, devInfo = 0, uri null, isEmptySurface false, [TV] Samsung 7 Series (65) (66:1c:b0:ed:1a:53), isAvailable false, canConnect false, isRemembered true, primaryDeviceType 7-0050F204-1, mIconIdx 0, devInfo = 0, uri null, isEmptySurface false, [TV] Samsung Q70 Series (75) (9e:8c:6e:25:19:6d), isAvailable false, canConnect false, isRemembered true, primaryDeviceType , mIconIdx 0, devInfo = 0, uri null, isEmptySurface false], sessionInfo=WifiDisplaySessionInfo: Client/Owner: Client GroupId:  Passphrase:  SessionId: 0 IP Address: , connectedState=-1, networkQoS=0}
03-25 22:10:32.138  1432  4057 V WifiDisplayAdapter: getWifiDisplayStatusLocked: result=WifiDisplayStatus{featureState=3, scanState=1, activeDisplayState=0, activeDisplay=null, displays=[MiraScreen D941DBFF (38:1d:d9:41:db:ff), isAvailable true, canConnect true, isRemembered true, primaryDeviceType 8-0050F204-5, mIconIdx 0, devInfo = 0, uri null, isEmptySurface false, [TV] Samsung 7 Series (65) (66:1c:b0:ed:1a:53), isAvailable false, canConnect false, isRemembered true, primaryDeviceType 7-0050F204-1, mIconIdx 0, devInfo = 0, uri null, isEmptySurface false, [TV] Samsung Q70 Series (75) (9e:8c:6e:25:19:6d), isAvailable false, canConnect false, isRemembered true, primaryDeviceType , mIconIdx 0, devInfo = 0, uri null, isEmptySurface false], sessionInfo=WifiDisplaySessionInfo: Client/Owner: Client GroupId:  Passphrase:  SessionId: 0 IP Address: , connectedState=-1, networkQoS=0}
03-25 22:10:32.138 15262 15262 I AllShare(ASF-API): L-d140909 / MediaDeviceFinderImpl.getDevices - type[DEVICE_AVPLAYER]
03-25 22:10:32.138  1432  1777 I qti_sensors_hal: processReportInd: Accel - X: -0.235 Y: 2.614 Z: 9.671
03-25 22:10:32.138 15285 15298 V AllShare(ASF_DMC): [CP_DISCOVERY] GetDeviceList: 165: interesting device list empty
03-25 22:10:32.138 15285 15298 I AllShare(ASF_DMC): [JNI] getDeviceList: 398: getDeviceListFromGenericCP Failed,  [-1020] - can't find device
03-25 22:10:32.139 15285 15298 I AllShare(ASF_DMC): [JNI] getDeviceListJNI: 308: pDeviceList == NULL
03-25 22:10:32.139 15285 15298 W AllShare(ASF-DMC): DeviceListManagerWrapper.getDeviceList - Get device list with type[4] failed
03-25 22:10:32.139 15262 15262 I AllShare(ASF-API): L-d140909 / MediaDeviceFinderImpl.getDevices - type[DEVICE_SCREENSHARING]
03-25 22:10:32.139 15285 15297 V AllShare(ASF_DMC): [CP_DISCOVERY] GetDeviceList: 165: interesting device list empty
03-25 22:10:32.139 15285 15297 I AllShare(ASF_DMC): [JNI] getDeviceList: 398: getDeviceListFromGenericCP Failed,  [-1020] - can't find device
03-25 22:10:32.139 15285 15297 I AllShare(ASF_DMC): [JNI] getDeviceListJNI: 308: pDeviceList == NULL
03-25 22:10:32.139 15285 15297 W AllShare(ASF-DMC): DeviceListManagerWrapper.getDeviceList - Get device list with type[8] failed
03-25 22:10:32.139 15262 15262 D CastingDialogFragment:     DLNA length : 0
03-25 22:10:32.139 15262 15262 D CastingDialogFragment:     Route length : 5
03-25 22:10:32.140 15262 15262 I CastingDialogFragment:     route : RouteInfo{ name=Projector, description=Chromecast Ultra, status=Available, category=RouteCategory{ name=null types=ROUTE_TYPE_LIVE_AUDIO ROUTE_TYPE_LIVE_VIDEO  groupable=false }, supportedTypes=ROUTE_TYPE_LIVE_AUDIO ROUTE_TYPE_LIVE_VIDEO ROUTE_TYPE_REMOTE_DISPLAY , presentationDisplay=null }
03-25 22:10:32.140 15262 15262 D CastingDialogFragment: Wifidisplay length : 3
03-25 22:10:32.140 15262 15262 I CastingDialogFragment:     display : MiraScreen D941DBFF (38:1d:d9:41:db:ff), isAvailable true, canConnect true, isRemembered true, primaryDeviceType 8-0050F204-5, mIconIdx 0, devInfo = 0, uri null, isEmptySurface false , port = 7236
03-25 22:10:32.143  1432  1921 V WifiDisplayAdapter: getWifiDisplayStatusLocked: result=WifiDisplayStatus{featureState=3, scanState=1, activeDisplayState=0, activeDisplay=null, displays=[MiraScreen D941DBFF (38:1d:d9:41:db:ff), isAvailable true, canConnect true, isRemembered true, primaryDeviceType 8-0050F204-5, mIconIdx 0, devInfo = 0, uri null, isEmptySurface false, [TV] Samsung 7 Series (65) (66:1c:b0:ed:1a:53), isAvailable false, canConnect false, isRemembered true, primaryDeviceType 7-0050F204-1, mIconIdx 0, devInfo = 0, uri null, isEmptySurface false, [TV] Samsung Q70 Series (75) (9e:8c:6e:25:19:6d), isAvailable false, canConnect false, isRemembered true, primaryDeviceType , mIconIdx 0, devInfo = 0, uri null, isEmptySurface false], sessionInfo=WifiDisplaySessionInfo: Client/Owner: Client GroupId:  Passphrase:  SessionId: 0 IP Address: , connectedState=-1, networkQoS=0}
03-25 22:10:32.143 15262 15262 I CastingDialogFragment: applyState device count : 2
03-25 22:10:32.143  1432  2546 D WifiDisplayAdapter: getLastConnectedDlnaDevice mLastConnectedDlnaDevice : null
03-25 22:10:32.144  1432  4239 D WifiDisplayAdapter: getLastConnectedDisplay cancel = false
03-25 22:10:32.144  1432  1483 D WifiDisplayAdapter: getLastConnectedGCastDevice
03-25 22:10:32.144  1432  1483 D WifiDisplayAdapter: getLastConnectedGCastDevice mLastConnectedGCastDevice :
03-25 22:10:32.144 15262 15262 I CastingDialogFragment: [LAST CONNECT] Found device
03-25 22:10:32.144 15262 15262 I WifiDisplayPreference: Connect WifiDisplay : MiraScreen D941DBFF (38:1d:d9:41:db:ff), isAvailable true, canConnect true, isRemembered true, primaryDeviceType 8-0050F204-5, mIconIdx 0, devInfo = 0, uri null, isEmptySurface false , port = 7236
03-25 22:10:32.144  1432  4747 I WifiDisplayAdapter: requestConnectLocked: address=38:1d:d9:41:db:ff, connectingMode= -1
03-25 22:10:32.144  1432  1590 D WifiDisplayController: Remote IP :38:1d:d9:41:db:ff
03-25 22:10:32.144  1432  1590 D WifiDisplayController: updateConnection
03-25 22:10:32.144  1432  1590 D WifiDisplayController: updateScanState() mScanRequested = true, mWfdEnabled = true, mDiscoverPeersInProgress = true, mScanRequestedInConnected = false
03-25 22:10:32.145  1432  1590 W WifiDisplayController: mDesiredDevice : Device: MiraScreen D941DBFF
03-25 22:10:32.145  1432  1590 W WifiDisplayController:  deviceAddress: 38:1d:d9:41:db:ff
03-25 22:10:32.145  1432  1590 W WifiDisplayController:  primary type: 8-0050F204-5
03-25 22:10:32.145  1432  1590 W WifiDisplayController:  secondary type: null
03-25 22:10:32.145  1432  1590 W WifiDisplayController:  wps: 136
03-25 22:10:32.145  1432  1590 W WifiDisplayController:  grpcapab: 10
03-25 22:10:32.145  1432  1590 W WifiDisplayController:  devcapab: 37
03-25 22:10:32.145  1432  1590 W WifiDisplayController:  status: 3
03-25 22:10:32.145  1432  1590 W WifiDisplayController:  wfdInfo: WFD enabled: trueWFD DeviceInfo: 337
03-25 22:10:32.145  1432  1590 W WifiDisplayController:  WFD CtrlPort: 554
03-25 22:10:32.145  1432  1590 W WifiDisplayController:  WFD MaxThroughput: 300
03-25 22:10:32.145  1432  1590 W WifiDisplayController:  groupownerAddress: null
03-25 22:10:32.145  1432  1590 W WifiDisplayController:  GOdeviceName: null
03-25 22:10:32.145  1432  1590 W WifiDisplayController:  interfaceAddress:
03-25 22:10:32.145  1432  1590 W WifiDisplayController:  SConnectInfo : null
03-25 22:10:32.145  1432  1590 W WifiDisplayController:  contactInfoHash : null
03-25 22:10:32.145  1432  1590 W WifiDisplayController:  ssDevInfo : 0
03-25 22:10:32.145  1432  1590 W WifiDisplayController:  iconIdx : 0
03-25 22:10:32.145  1432  1590 W WifiDisplayController:  semMirrorLinkUpnpInfo:
03-25 22:10:32.145  1432  1590 W WifiDisplayController:  P2P-CCC-UPNP Device Information
03-25 22:10:32.145  1432  1590 W WifiDisplayController:  UPNP DEV Type: 0
03-25 22:10:32.145  1432  1590 W WifiDisplayController:  TmApplicationServer supported = false
03-25 22:10:32.145  1432  1590 W WifiDisplayController:  TmClientProfile supported = false
03-25 22:10:32.145  1432  1590 W WifiDisplayController:  TmNotificationServer supported = false
03-25 22:10:32.145  1432  1590 W WifiDisplayController:  Port Number: 0
03-25 22:10:32.145  1432  1590 W WifiDisplayController:  semMirrorLinkInternetInfo:
03-25 22:10:32.145  1432  1590 W WifiDisplayController:  P2P-CCC-Internet Accessibility Info
03-25 22:10:32.145  1432  1590 W WifiDisplayController:  MirrorLink Type: 0
03-25 22:10:32.145  1432  1590 W WifiDisplayController:  Have internet Access = false
03-25 22:10:32.145  1432  1590 W WifiDisplayController:  Internet Access required = false
03-25 22:10:32.145  1432  1590 W WifiDisplayController:  MirrorLink Client Preference Number: 0
03-25 22:10:32.145  1432  1590 W WifiDisplayController:  semSamsungDeviceType : 0
03-25 22:10:32.145  1432  1590 W WifiDisplayController:  serviceData : null
03-25 22:10:32.145  1432  1590 W WifiDisplayController:  fw_invite : 0
03-25 22:10:32.145 15262 15262 W ContextImpl: Calling a method in the system process without a qualified user: android.app.ContextImpl.sendBroadcast:906 android.content.ContextWrapper.sendBroadcast:457 com.samsung.android.smartmirroring.utils.Utils.insertLog:362 com.samsung.android.smartmirroring.preference.WifiDisplayPreference.connect:221 com.samsung.android.smartmirroring.CastingDialogFragment.applyState:581
03-25 22:10:32.145  1432  1590 W WifiDisplayController: mConnectedDevice : null
03-25 22:10:32.145  1432  1590 I WifiDisplayController: Connecting to Wifi display: MiraScreen D941DBFF
03-25 22:10:32.145  1432  1590 D WifiDisplayController: set groupOwnerIntent : 13
03-25 22:10:32.146  1432  1590 D WifiDisplayController: iconIdx :0 kddi : false
03-25 22:10:32.146  1432  1590 D WifiDisplayController: makeConnConfig << n:MiraScreen D941DBFF a:38:1d:d9:41:db:ff
03-25 22:10:32.146  1432  1922 D WifiP2pService: InactiveState{ what=139271 }
03-25 22:10:32.146  1432  1922 D WifiP2pService: InactiveState sending connect
03-25 22:10:32.146  1432  1590 I WifiDisplayAdapter: onDisplayConnecting::connectingMode=-1
03-25 22:10:32.146  1432  1922 D WifiP2pService: InactiveState package to call connect -> android
03-25 22:10:32.147  1432  1590 D WifiDisplayAdapter: connecting state = : -1
03-25 22:10:32.147  1432  1590 I WifiDisplayAdapter:     onReceive : com.sec.android.screensharing.LOGGING
03-25 22:10:32.147  1432  1590 I WifiDisplayAdapter: insertLog... feature:CNDV, extra:MIRRORING_SPEAKER
03-25 22:10:32.147  1432  1590 W ContextImpl: Calling a method in the system process without a qualified user: android.app.ContextImpl.sendBroadcast:906 com.android.server.display.WifiDisplayAdapter.insertLog:2608 com.android.server.display.WifiDisplayAdapter.-wrap13:-1 com.android.server.display.WifiDisplayAdapter$3.onReceive:1238 android.app.LoadedApk$ReceiverDispatcher$Args.run:1185
03-25 22:10:32.148  1432  1590 V WifiDisplayAdapter: getWifiDisplayStatusLocked: result=WifiDisplayStatus{featureState=3, scanState=1, activeDisplayState=1, activeDisplay=MiraScreen D941DBFF (38:1d:d9:41:db:ff), isAvailable true, canConnect true, isRemembered false, primaryDeviceType 8-0050F204-5, mIconIdx 0, devInfo = 0, uri null, isEmptySurface false, displays=[MiraScreen D941DBFF (38:1d:d9:41:db:ff), isAvailable true, canConnect true, isRemembered true, primaryDeviceType 8-0050F204-5, mIconIdx 0, devInfo = 0, uri null, isEmptySurface false, [TV] Samsung 7 Series (65) (66:1c:b0:ed:1a:53), isAvailable false, canConnect false, isRemembered true, primaryDeviceType 7-0050F204-1, mIconIdx 0, devInfo = 0, uri null, isEmptySurface false, [TV] Samsung Q70 Series (75) (9e:8c:6e:25:19:6d), isAvailable false, canConnect false, isRemembered true, primaryDeviceType , mIconIdx 0, devInfo = 0, uri null, isEmptySurface false], sessionInfo=WifiDisplaySessionInfo: Client/Owner: Client GroupId:  Passphrase:  SessionId: 0 IP Address: , connectedState=-1, networkQoS=0}
03-25 22:10:32.149  2241  2241 I wpa_supplicant: P2P-FIND-STOPPED
03-25 22:10:32.149  1432  1432 V MediaRouter: Dispatching route change: RouteInfo{ name=MiraScreen D941DBFF, description=Wireless display, status=Connecting, category=RouteCategory{ name=null types=ROUTE_TYPE_LIVE_AUDIO ROUTE_TYPE_LIVE_VIDEO  groupable=false }, supportedTypes=ROUTE_TYPE_LIVE_AUDIO ROUTE_TYPE_LIVE_VIDEO ROUTE_TYPE_REMOTE_DISPLAY , presentationDisplay=null }
03-25 22:10:32.149  1432  1432 V MediaRouter: Selecting route: RouteInfo{ name=MiraScreen D941DBFF, description=Wireless display, status=Connecting, category=RouteCategory{ name=null types=ROUTE_TYPE_LIVE_AUDIO ROUTE_TYPE_LIVE_VIDEO  groupable=false }, supportedTypes=ROUTE_TYPE_LIVE_AUDIO ROUTE_TYPE_LIVE_VIDEO ROUTE_TYPE_REMOTE_DISPLAY , presentationDisplay=null }
03-25 22:10:32.150  1432  1432 V WifiDisplayAdapter: getWifiDisplayStatusLocked: result=WifiDisplayStatus{featureState=3, scanState=1, activeDisplayState=1, activeDisplay=MiraScreen D941DBFF (38:1d:d9:41:db:ff), isAvailable true, canConnect true, isRemembered false, primaryDeviceType 8-0050F204-5, mIconIdx 0, devInfo = 0, uri null, isEmptySurface false, displays=[MiraScreen D941DBFF (38:1d:d9:41:db:ff), isAvailable true, canConnect true, isRemembered true, primaryDeviceType 8-0050F204-5, mIconIdx 0, devInfo = 0, uri null, isEmptySurface false, [TV] Samsung 7 Series (65) (66:1c:b0:ed:1a:53), isAvailable false, canConnect false, isRemembered true, primaryDeviceType 7-0050F204-1, mIconIdx 0, devInfo = 0, uri null, isEmptySurface false, [TV] Samsung Q70 Series (75) (9e:8c:6e:25:19:6d), isAvailable false, canConnect false, isRemembered true, primaryDeviceType , mIconIdx 0, devInfo = 0, uri null, isEmptySurface false], sessionInfo=WifiDisplaySessionInfo: Client/Owner: Client GroupId:  Passphrase:  SessionId: 0 IP Address: , connectedState=-1, networkQoS=0}
03-25 22:10:32.151  2895  2895 V MediaRouter: Adding route: RouteInfo{ name=MiraScreen D941DBFF, description=Wireless display, status=Connecting, category=RouteCategory{ name=null types=ROUTE_TYPE_LIVE_AUDIO ROUTE_TYPE_LIVE_VIDEO  groupable=false }, supportedTypes=ROUTE_TYPE_LIVE_AUDIO ROUTE_TYPE_LIVE_VIDEO ROUTE_TYPE_REMOTE_DISPLAY , presentationDisplay=null }
03-25 22:10:32.152  2895  2895 V MediaRouter: Selecting route: RouteInfo{ name=MiraScreen D941DBFF, description=Wireless display, status=Connecting, category=RouteCategory{ name=null types=ROUTE_TYPE_LIVE_AUDIO ROUTE_TYPE_LIVE_VIDEO  groupable=false }, supportedTypes=ROUTE_TYPE_LIVE_AUDIO ROUTE_TYPE_LIVE_VIDEO ROUTE_TYPE_REMOTE_DISPLAY , presentationDisplay=null }
03-25 22:10:32.152  1432  6507 V WifiDisplayAdapter: getWifiDisplayStatusLocked: result=WifiDisplayStatus{featureState=3, scanState=1, activeDisplayState=1, activeDisplay=MiraScreen D941DBFF (38:1d:d9:41:db:ff), isAvailable true, canConnect true, isRemembered false, primaryDeviceType 8-0050F204-5, mIconIdx 0, devInfo = 0, uri null, isEmptySurface false, displays=[MiraScreen D941DBFF (38:1d:d9:41:db:ff), isAvailable true, canConnect true, isRemembered true, primaryDeviceType 8-0050F204-5, mIconIdx 0, devInfo = 0, uri null, isEmptySurface false, [TV] Samsung 7 Series (65) (66:1c:b0:ed:1a:53), isAvailable false, canConnect false, isRemembered true, primaryDeviceType 7-0050F204-1, mIconIdx 0, devInfo = 0, uri null, isEmptySurface false, [TV] Samsung Q70 Series (75) (9e:8c:6e:25:19:6d), isAvailable false, canConnect false, isRemembered true, primaryDeviceType , mIconIdx 0, devInfo = 0, uri null, isEmptySurface false], sessionInfo=WifiDisplaySessionInfo: Client/Owner: Client GroupId:  Passphrase:  SessionId: 0 IP Address: , connectedState=-1, networkQoS=0}
03-25 22:10:32.153  2895  2895 V MediaRouter: Selecting route: RouteInfo{ name=MiraScreen D941DBFF, description=Wireless display, status=Connecting, category=RouteCategory{ name=null types=ROUTE_TYPE_LIVE_AUDIO ROUTE_TYPE_LIVE_VIDEO  groupable=false }, supportedTypes=ROUTE_TYPE_LIVE_AUDIO ROUTE_TYPE_LIVE_VIDEO ROUTE_TYPE_REMOTE_DISPLAY , presentationDisplay=null }
03-25 22:10:32.153  1432  1922 D WifiP2pService: target ssid is null join:false
