03-25 22:10:17.319 15262 15262 D SmartMirroringTile: onStartListening
03-25 22:10:17.320  1432  4240 V WifiDisplayAdapter: getWifiDisplayStatusLocked: result=WifiDisplayStatus{featureState=2, scanState=0, activeDisplayState=0, activeDisplay=null, displays=[], sessionInfo=WifiDisplaySessionInfo: Client/Owner: Client GroupId:  Passphrase:  SessionId: 0 IP Address: , connectedState=-1, networkQoS=0}
03-25 22:10:17.321  2080  8429 D Tile.CustomTile: updateState : Label = Edge lighting, State = 2, Icon = Icon(typ=RESOURCE pkg=com.samsung.android.app.cocktailbarservice id=0x7f0200a0)
03-25 22:10:17.322  1432  4239 V WifiDisplayAdapter: getWifiDisplayStatusLocked: result=WifiDisplayStatus{featureState=2, scanState=0, activeDisplayState=0, activeDisplay=null, displays=[], sessionInfo=WifiDisplaySessionInfo: Client/Owner: Client GroupId:  Passphrase:  SessionId: 0 IP Address: , connectedState=-1, networkQoS=0}
03-25 22:10:17.322  2080  2099 D TileServices: semUpdateDetailView : customTile =  com.android.systemui.qs.external.CustomTile@8d052ec
03-25 22:10:17.322 15262 15262 D SmartMirroringTile: changeState : 1
03-25 22:10:17.322  4866  4866 D EdgeLightingTile: i=0action=com.samsung.android.app.cocktailbarservice.intent.action.EDGE_LIGHTING_TYPE_CHANGED0
03-25 22:10:17.322  4866  4866 D EdgeLightingTile: i=1action=com.samsung.android.app.cocktailbarservice.intent.action.EDGE_LIGHTING_TYPE_CHANGED1
03-25 22:10:17.322  4866  4866 D EdgeLightingTile: i=2action=com.samsung.android.app.cocktailbarservice.intent.action.EDGE_LIGHTING_TYPE_CHANGED2
03-25 22:10:17.323  2080  2570 D Tile.CustomTile: updateState : Label = Smart View, State = 1, Icon = Icon(typ=RESOURCE pkg=com.samsung.android.smartmirroring id=0x7f020009)
03-25 22:10:17.323 15248 15248 D SettingsUtils: getAODDisableSettingsInUPSM value : 1, 1, splitArray length : 2
03-25 22:10:17.324 15248 15248 D ExclusiveFeatureType: isMPSMEnabled : false, isUPSMEnabled : false, isEmergencyMode : false, isDisableAODInMPSM : true, isDisableAODInUPSM : true
03-25 22:10:17.324 15248 15248 D ExclusiveFeatureType: POWER_SAVING_MODE_ON : false, VOICE_ASSISTANT : false, MAGNIFIER_WINDOW : false, MAGNIFICATION : false, ASSISTANT_MENU_MAGNIFIER : false, DEVICE_NOT_PROVISIONED : false, NEGATIVE_COLOR : false, isChanged : false elapsed : 1
03-25 22:10:17.324 15248 15248 D ExclusiveFeatureType: isAnyExclusiveFeatureEnabled : Nothing enabled
03-25 22:10:17.324 15248 15248 D AODTileService: exclusive feature is not enabled => tile state should be Activeby aod setting
03-25 22:10:17.327  2080 12874 D Tile.CustomTile: updateState : Label = Always On
03-25 22:10:17.327  2080 12874 D Tile.CustomTile: Display, State = 2, Icon = Icon(typ=RESOURCE pkg=com.samsung.android.app.aodservice id=0x7f020098)
03-25 22:10:18.259  1432  1432 D CustomFrequencyManagerService: releaseDVFSLockLocked : Getting Lock type frm List : DVFS_MIN_LIMIT  frequency : 873600  uid : 1000  pid : 1432  tag : GESTURE_DETECTED@CPU_MIN@50
03-25 22:10:19.140  1432  1925 D WifiStateMachine: Current network is: "subnet" , ID is: 2
03-25 22:10:21.338 13526 14624 I Wapi    : Pong! JsonRPCResponse{jsonrpc=2.0, id=444, response=null}
03-25 22:10:21.543  2789  2789 D io_stats: !@   8,0 r 132685 7031480 w 56619 946676 d 6406 342920 f 8557 25379 iot 120950 97935 th 274512 0 0 pt 0 inp 0 0 4095.156
03-25 22:10:21.550  1432  5051 D SSRM:m  : SIOP:: AP = 290, PST = 294 (W:15), CP = 287, CUR = -281, LCD = 101
03-25 22:10:21.551  1432  5051 D ConnectivityService: filterNetworkStateForUid() uid: 1000 networkInfo: [type: WIFI[] - WIFI, state: CONNECTED/CONNECTED, reason: (unspecified), extra: "subnet", failover: false, available: true, roaming: false, metered: false]
03-25 22:10:21.563  1432  5051 D SSRM:ae : ssrm_camera_info is null
03-25 22:10:22.080  1432  1777 I qti_sensors_hal: processReportInd: Accel - X: -0.315 Y: 2.571 Z: 9.678
03-25 22:10:22.266  1432  1925 D WifiStateMachine: Current network is: "subnet" , ID is: 2
03-25 22:10:22.972  1432  2016 E lights  : write_int failed to open -1
03-25 22:10:24.785   589   589 E audit   : type=1400 audit(1585199424.768:5537): avc:  denied  { read } for  pid=2080 comm="ndroid.systemui" path="/system/priv-app/SystemUI/SystemUI.apk" dev="sda19" ino=4605 scontext=u:r:platform_app:s0:c512,c768 tcontext=u:object_r:unlabeled:s0 tclass=file permissive=1 SEPF_SECMOBILE_7.0_0009 unfiltered
03-25 22:10:24.786   589   589 E audit   : type=1300 audit(1585199424.768:5537): arch=c00000b7 syscall=222 success=yes exit=547700711424 a0=0 a1=479 a2=1 a3=1 items=0 ppid=677 pid=2080 auid=4294967295 uid=10006 gid=10006 euid=10006 suid=10006 fsuid=10006 egid=10006 sgid=10006 fsgid=10006 tty=(none) ses=4294967295 comm="ndroid.systemui" exe="/system/bin/app_process64_original" subj=u:r:platform_app:s0:c512,c768 key=(null)
03-25 22:10:24.789   589   589 E audit   : type=1327 audit(1585199424.768:5537): proctitle="zygote64"
03-25 22:10:24.791  1432  1579 W ContextImpl: Calling a method in the system process without a qualified user: android.app.ContextImpl.sendBroadcast:906 com.android.server.SEDenialService$AuditFileObserver.onEvent:98 android.os.FileObserver$ObserverThread.onEvent:122 android.os.FileObserver$ObserverThread.observe:-2 android.os.FileObserver$ObserverThread.run:85
03-25 22:10:25.450  1432  1925 D WifiStateMachine: Current network is: "subnet" , ID is: 2
03-25 22:10:25.611  1432  1432 V DeviceStorageMonitorService: restatDataDir : /data= 1688728/1765376
03-25 22:10:25.611  1432  1432 V DeviceStorageMonitorService: freeMemory=40753770496
03-25 22:10:25.611  1432  1432 I DeviceStorageMonitorService: Posting Message again
03-25 22:10:26.558  2789  2789 D io_stats: !@   8,0 r 132685 7031480 w 56621 946724 d 6407 342924 f 8557 25381 iot 120970 97943 th 274460 0 0 pt 0 inp 0 0 4100.171
03-25 22:10:27.107  1432  1432 D UsbMonitorService: readUsbState++
03-25 22:10:27.109  1432  1432 D UsbMonitorService: !@readUsbState 0 0 0 0 0 0 0 0 0 0 0 0 0 0 0 0 0 0 0 0 0 0 0 0 0 0 0 0 0 0 0 0
03-25 22:10:27.110  1432  1432 D UsbMonitorService: stringToFile /efs/usb_hw_param/usb_hw_param.log , 0 0 0 0 0 0 0 0 0 0 0 0 0 0 0 0 0 0 0 0 0 0 0 0 0 0 0 0 0 0 0 0
03-25 22:10:27.113  1432  1432 D UsbMonitorService: Posting Message again
03-25 22:10:28.249  1432  2565 D ConnectivityService: filterNetworkStateForUid() uid: 10029 networkInfo: [type: WIFI[] - WIFI, state: CONNECTED/CONNECTED, reason: (unspecified), extra: "subnet", failover: false, available: true, roaming: false, metered: false]
03-25 22:10:28.569  1432  1925 D WifiStateMachine: Current network is: "subnet" , ID is: 2
03-25 22:10:30.000  1432  1994 D WifiWatchdogStateMachine:  [|1] []
03-25 22:10:30.397  1432  1993 D WifiWatchdogStateMachine.QualitySocketHandler: response code: 204
03-25 22:10:30.399  1432  1993 W ContextImpl: Calling a method in the system process without a qualified user: android.app.ContextImpl.sendBroadcast:906 com.android.server.wifi.WifiWatchdogStateMachine$QualitySocketHandler.handleMessage:4955 android.os.Handler.dispatchMessage:102 android.os.Looper.loop:154 android.os.HandlerThread.run:61
03-25 22:10:31.115  1432  2407 E Watchdog: !@Sync 136 [2020-03-25 22:10:31.115]
03-25 22:10:31.323 13526 14624 I Wapi    : Pong! JsonRPCResponse{jsonrpc=2.0, id=445, response=null}
03-25 22:10:31.572  2789  2789 D io_stats: !@   8,0 r 132685 7031480 w 56632 946780 d 6407 342924 f 8557 25383 iot 121020 97950 th 274460 0 0 pt 0 inp 0 0 4105.185
03-25 22:10:31.656  1432  5051 D SSRM:m  : SIOP:: AP = 290, PST = 294 (W:15), CP = 287, CUR = -281, LCD = 101
03-25 22:10:31.659  1432  5051 D ConnectivityService: filterNetworkStateForUid() uid: 1000 networkInfo: [type: WIFI[] - WIFI, state: CONNECTED/CONNECTED, reason: (unspecified), extra: "subnet", failover: false, available: true, roaming: false, metered: false]
03-25 22:10:31.667  1432  1925 D WifiStateMachine: Current network is: "subnet" , ID is: 2
03-25 22:10:31.677  1432  5051 D SSRM:ae : ssrm_camera_info is null
03-25 22:10:31.772  1432  1879 D InputReader: Input event(10): value=1 when=4105387916000
03-25 22:10:31.773  1432  1879 D InputReader: Input event(10): value=1 when=4105387916000
03-25 22:10:31.775  1432  1879 I InputReader: Touch event's action is 0x0 (deviceType=0) [pCnt=1, s=0.110 ] when=4105387916000
03-25 22:10:31.777  1432  1878 I InputDispatcher: Delivering touch to (2080): action: 0x4, toolType: 1
03-25 22:10:31.777  1432  1878 I InputDispatcher: Delivering touch to (2080): action: 0x0, toolType: 1
03-25 22:10:31.777  2080  2080 D ViewRootImpl@ecf06bd[StatusBar]: ViewPostImeInputStage processPointer 0
03-25 22:10:31.778  1432  2016 E lights  : write_int failed to open -1
03-25 22:10:31.815  1432  1879 D InputReader: Input event(10): value=0 when=4105430486000
03-25 22:10:31.815  1432  1879 D InputReader: Input event(10): value=0 when=4105430486000
03-25 22:10:31.815  1432  1879 I InputReader: Touch event's action is 0x1 (deviceType=0) [pCnt=1, s=] when=4105430486000
03-25 22:10:31.816  1432  1878 I InputDispatcher: Delivering touch to (2080): action: 0x1, toolType: 1
03-25 22:10:31.817  2080  2080 D ViewRootImpl@ecf06bd[StatusBar]: ViewPostImeInputStage processPointer 1
03-25 22:10:31.826  1432  2546 W WindowManager: Attempted to add existing input method token: android.os.BinderProxy@7f2ca5d
03-25 22:10:31.827  2080  2324 D TileLifecycleManager: onClick android.os.Binder@495c4d0 UserHandle{0}
03-25 22:10:31.828 15262 15262 D SmartMirroringTile: onClick
03-25 22:10:31.831  1432  4240 D SecContentProvider: query(), uri = 17 selection = isSettingsChangesAllowed
03-25 22:10:31.832  1432  4240 D SecContentProvider: called from android.uid.system:1000
03-25 22:10:31.833 15262 15262 D SmartMirroringTile: applyWfdAction : true
03-25 22:10:31.833 15262 15262 D SmartMirroringTile: startWfdPickerDialog
03-25 22:10:31.833 15262 15262 D DisplayManager: semCheckExceptionalCase
03-25 22:10:31.835   589   589 E audit   : type=1400 audit(1585199431.828:5538): avc:  denied  { transfer } for  pid=635 comm="servicemanager" scontext=u:r:init:s0 tcontext=u:r:system_app:s0 tclass=binder permissive=1 SEPF_SECMOBILE_7.0_0009 unfiltered
03-25 22:10:31.835   589   589 E audit   : type=1300 audit(1585199431.828:5538): arch=c00000b7 syscall=29 success=yes exit=0 a0=3 a1=c0306201 a2=7ffa48be48 a3=0 items=0 ppid=1 pid=635 auid=4294967295 uid=1000 gid=1000 euid=1000 suid=1000 fsuid=1000 egid=1000 sgid=1000 fsgid=1000 tty=(none) ses=4294967295 comm="servicemanager" exe="/system/bin/servicemanager" subj=u:r:init:s0 key=(null)
03-25 22:10:31.835 15262 15262 D SecWifiDisplayUtil: isHotSpotOn(): false
03-25 22:10:31.836  1432  2530 V WifiDisplayAdapter: getWifiDisplayStatusLocked: result=WifiDisplayStatus{featureState=2, scanState=0, activeDisplayState=0, activeDisplay=null, displays=[], sessionInfo=WifiDisplaySessionInfo: Client/Owner: Client GroupId:  Passphrase:  SessionId: 0 IP Address: , connectedState=-1, networkQoS=0}
03-25 22:10:31.836   589   589 E audit   : type=1327 audit(1585199431.828:5538): proctitle="/system/bin/servicemanager"
03-25 22:10:31.836  1432  2151 D ConnectivityService: filterNetworkStateForUid() uid: 1000 networkInfo: [type: WIFI_P2P[] - WIFI_P2P, state: DISCONNECTED/DISCONNECTED, reason: (unspecified), extra: (none), failover: false, available: true, roaming: false, metered: false]
03-25 22:10:31.836  1432  1579 W ContextImpl: Calling a method in the system process without a qualified user: android.app.ContextImpl.sendBroadcast:906 com.android.server.SEDenialService$AuditFileObserver.onEvent:98 android.os.FileObserver$ObserverThread.onEvent:122 android.os.FileObserver$ObserverThread.observe:-2 android.os.FileObserver$ObserverThread.run:85
03-25 22:10:31.836 15262 15262 D SecWifiDisplayUtil: isP2pConntected(): false
03-25 22:10:31.837 15262 15262 D SecWifiDisplayUtil: isHDMIConnected(): false
03-25 22:10:31.838 15262 15262 D SecWifiDisplayUtil: lowPowerMode = 0
03-25 22:10:31.838 15262 15262 E SecWifiDisplayUtil: checkExceptionalCase isLiveBroadcastRunning
03-25 22:10:31.838 15262 15262 E SecWifiDisplayUtil: checkExceptionalCase ret value : 0
03-25 22:10:31.839 15262 15262 E SmartMirroringTile: Exception case : 0
03-25 22:10:31.839 15262 15262 W ContextImpl: Calling a method in the system process without a qualified user: android.app.ContextImpl.startActivity:796 android.content.ContextWrapper.startActivity:391 android.service.quicksettings.TileService.startActivityAndCollapse:306 com.samsung.android.smartmirroring.tile.SmartMirroringTile.startWfdPickerDialog:395 com.samsung.android.smartmirroring.tile.SmartMirroringTile.applyWfdAction:365
03-25 22:10:31.839 15262 15262 W ContextImpl: Calling a method in the system process without a qualified user: android.app.ContextImpl.startActivity:808 android.app.ContextImpl.startActivity:797 android.content.ContextWrapper.startActivity:391 android.service.quicksettings.TileService.startActivityAndCollapse:306 com.samsung.android.smartmirroring.tile.SmartMirroringTile.startWfdPickerDialog:395
03-25 22:10:31.847  1432  1482 I ActivityManager: START u0 {act=null typ=null flg=0x14800000 cmp=ComponentInfo{com.samsung.android.smartmirroring/com.samsung.android.smartmirroring.CastingDialog}} from uid 1000 on display 0
03-25 22:10:31.848  1432  1482 D MultiScreenManagerService: applyMultiScreenAttrs intent=Intent { flg=0x14800000 cmp=com.samsung.android.smartmirroring/.CastingDialog launchParam=MultiScreenLaunchParams { mDisplayId=0 mBaseDisplayId=0 mFlags=0 } (has extras) }
03-25 22:10:31.848  1432  1482 D MultiScreenManagerService: applyMultiScreenAttrs attrs=MultiScreenAttrs{mDisplayId=0, mBaseDisplayId=0, mBaseActivity=false}
03-25 22:10:31.848  1432  1482 D ActivityManager: ActivityRecord() Constructor : multiScreenAttrs=MultiScreenAttrs{mDisplayId=0, mBaseDisplayId=0, mBaseActivity=false}
03-25 22:10:31.849   595  3278 E ANDR-PERF-MPCTL: Invalid profile no. 0, total profiles 0 only
03-25 22:10:31.852  1432  1482 D CustomFrequencyManagerService: acquireDVFSLockLocked : type : DVFS_MIN_LIMIT  frequency : 2361600  uid : 1000  pid : 1432  pkgName : AMS_APP_SWITCH@CPU_MIN@56
03-25 22:10:31.853  1432  1482 D ActivityManagerPerformance: AMP_acquire() APP_SWITCH
03-25 22:10:31.853  1432  1482 D ActivityManager: computeStackFocus: stackId=1
03-25 22:10:31.853  1432  1482 D ActivityManager: computeStackFocus: New stack r=ActivityRecord{4c662efd0 u0 com.samsung.android.smartmirroring/.CastingDialog t-1} stackId=1
03-25 22:10:31.853  1432  1482 D ActivityTrigger: Activity is Triggerred in full screen
03-25 22:10:31.855  1432  1482 D ActivityManager: moveToFront() : reason=startedActivity setFocusedActivity isAttached=true TaskRecord{6403f0bd0 #5756 A=com.samsung.android.smartmirroring U=0 StackId=1 sz=1}
03-25 22:10:31.855  1432  1482 D ActivityManager: setFocusStackUnchecked: reason=startedActivity setFocusedActivity focusCandidate=ActivityStack{7660f1bd0 stackId=1, 3 tasks} caller=com.android.server.am.ActivityStack.moveToFront:882 com.android.server.am.ActivityStackSupervisor.moveActivityStackToFront:2036
03-25 22:10:31.856  1432  1482 D InputDispatcher: Focused application set to: xxxx
03-25 22:10:31.857  1432  1482 D ActivityManager: resumeTopActivityInnerLocked() : #1 prevTask=TaskRecord{6403f0bd0 #5756 A=com.samsung.android.smartmirroring U=0 StackId=1 sz=1} next=ActivityRecord{4c662efd0 u0 com.samsung.android.smartmirroring/.CastingDialog t5756} mFocusedStack=ActivityStack{7660f1bd0 stackId=1, 3 tasks}
03-25 22:10:31.857  1432  1482 D ActivityTrigger: ActivityTrigger activityPauseTrigger
03-25 22:10:31.857  1432  1482 D GameManagerService: sem_perfomance_mode: 0
03-25 22:10:31.858  3439  3439 V Launcher: Launcher.onPause()
03-25 22:10:31.861  2080  2080 I StatusBarWindowManager: isExpanded:true, false, true, false, false, false
03-25 22:10:31.862  2080  2080 I StatusBarWindowManager: applyHeight:-1
03-25 22:10:31.863  2080  2080 D StatusBar-Window: Bouncer LP changed!!! = 0x4000, height = 0
03-25 22:10:31.864  2080  2080 D Recents : hideRecents
03-25 22:10:31.864  1432  3777 D ActivityManager: clearAppIconInfo()
03-25 22:10:31.864  1432  3777 D SamsungAnimationCreator: setAnimationTriggerActivity type 1
03-25 22:10:31.864  1432  3777 D ActivityManager: resumeTopActivityInnerLocked() : #1 prevTask=TaskRecord{3267e84d0 #5744 I=com.sec.android.app.launcher/com.android.launcher3.Launcher U=0 StackId=0 sz=1} next=ActivityRecord{4c662efd0 u0 com.samsung.android.smartmirroring/.CastingDialog t5756} mFocusedStack=ActivityStack{7660f1bd0 stackId=1, 3 tasks}
03-25 22:10:31.865  1432  3777 D ActivityManager: applyOptionsLocked(), pendingOptions : null
03-25 22:10:31.868  3292  3560 I WorkerManager: Releasing worker: [searchboxroot]/[24]/[com.google.android.apps.gsa.staticplugins.searchboxroot.v]
03-25 22:10:31.868  3292  3560 I WorkerManager: Releasing worker: [searchboxroot]/[24]/[com.google.android.apps.gsa.staticplugins.searchboxroot.v]
03-25 22:10:31.869  3292 14973 I PBSessionCacheImpl: Deleted sessionId[14479954309912907] from persistence.
03-25 22:10:31.869  3292  3560 I WorkerManager: Releasing worker: [searchboxroot]/[24]/[com.google.android.apps.gsa.staticplugins.searchboxroot.v]
03-25 22:10:31.869  3292  3560 I WorkerManager: Releasing worker: [searchboxroot]/[24]/[com.google.android.apps.gsa.staticplugins.searchboxroot.v]
03-25 22:10:31.869  1432  3777 D GameManagerService: sem_perfomance_mode: 0
03-25 22:10:31.869  1432  1432 D GameManagerService: NotifyRunnable. pkg: com.samsung.android.smartmirroring, type: 4, isMinimized: false, isTunableApp: false
03-25 22:10:31.869  1432  1432 D GameManagerService: unexpected mPrevNotiType: -1
03-25 22:10:31.870  1432  3777 D MARsPolicyManager: handlePackageResumedFG pkgName = com.samsung.android.smartmirroring, userId = 0
03-25 22:10:31.870  3292  3560 I WorkerManager: Releasing worker: [actions]/[1]/[com.google.android.apps.gsa.staticplugins.actions.p]
03-25 22:10:31.870  3292  3560 I WorkerManager: Releasing worker: [actions]/[1]/[com.google.android.apps.gsa.staticplugins.actions.p]
03-25 22:10:31.870  3292  3560 I WorkerManager: Releasing worker: [actions]/[1]/[com.google.android.apps.gsa.staticplugins.actions.p]
03-25 22:10:31.870  3292  3560 I WorkerManager: Releasing worker: [actions]/[1]/[com.google.android.apps.gsa.staticplugins.actions.p]
03-25 22:10:31.872  2498  2517 D ForegroundUtils: could not check pending caller
03-25 22:10:31.873  3292  3560 I WorkerManager: Releasing worker: [searchboxroot]/[24]/[com.google.android.apps.gsa.staticplugins.searchboxroot.v]
03-25 22:10:31.873  1432  5051 D GamePkgDataHelper: getGamePkgData(). com.samsung.android.smartmirroring
03-25 22:10:31.873  3292  3560 I WorkerManager: Releasing worker: [searchboxroot]/[24]/[com.google.android.apps.gsa.staticplugins.searchboxroot.v]
03-25 22:10:31.873  1432  4747 V WindowManager: Relayout Window{b7f3bd4d0 u0 StatusBar}: viewVisibility=0 req=1080x2220 WM.LayoutParams{(0,0)(fillxfill) gr=#30 sim=#10 ty=2000 fl=#81840048 fmt=-3 vsysui=0x610 sfl=0x40000}
03-25 22:10:31.873  1432  5051 D GameManagerService: identifyGamePackage. com.samsung.android.smartmirroring
03-25 22:10:31.873 15262 15262 V ActivityThread: performLaunchActivity: mActivityCurrentConfig={0 1.0 themeSeq = 0 showBtnBg = 0 ?mcc?mnc [en_US] ldltr sw411dp w411dp h773dp 420dpi nrml long port ?dc finger -keyb/v/h -nav/h mkbd/h desktop/d s.4}
03-25 22:10:31.873  3292  3560 I WorkerManager: Releasing worker: [searchboxroot]/[24]/[com.google.android.apps.gsa.staticplugins.searchboxroot.v]
03-25 22:10:31.873  3292  3560 I WorkerManager: Releasing worker: [searchboxroot]/[24]/[com.google.android.apps.gsa.staticplugins.searchboxroot.v]
03-25 22:10:31.874 15262 15262 D CastingDialog: onCreate
03-25 22:10:31.874  3292  3560 I WorkerManager: Releasing worker: [actions]/[1]/[com.google.android.apps.gsa.staticplugins.actions.p]
03-25 22:10:31.874  3292  3560 I WorkerManager: Releasing worker: [actions]/[1]/[com.google.android.apps.gsa.staticplugins.actions.p]
03-25 22:10:31.875  1432  6297 D SecContentProvider: query(), uri = 18 selection = isWifiEnabled
03-25 22:10:31.875  1432  1506 D WindowManager: set systemUiVisibility of statusbar : systemUiFlags= 0x8718 fullscreenStackSysUiFlag= 0x50
03-25 22:10:31.875  3292  3560 I WorkerManager: Releasing worker: [legacyui]/[63]/[com.google.android.apps.gsa.staticplugins.by.a]
03-25 22:10:31.875  3292  3560 I WorkerManager: Releasing worker: [legacyui]/[63]/[com.google.android.apps.gsa.staticplugins.by.a]
03-25 22:10:31.876  1432  6297 D SecContentProvider: called from android.uid.system:1000
03-25 22:10:31.876  3292  3560 I WorkerManager: Releasing worker: [searchplate]/[26]/[com.google.android.apps.gsa.staticplugins.du.c]
03-25 22:10:31.876 15262 15262 D CastingDialog: createPickerDialog
03-25 22:10:31.876  1432  4747 D InputDispatcher: Focus left window: 2080
03-25 22:10:31.876  3292  3560 I WorkerManager: Releasing worker: [searchplate]/[26]/[com.google.android.apps.gsa.staticplugins.du.c]
03-25 22:10:31.877  2080  2080 D ViewRootImpl@ecf06bd[StatusBar]: Relayout returned: oldFrame=[0,0][1080,2220] newFrame=[0,0][1080,2220] result=0x1 surface={isValid=true 547597221376} surfaceGenerationChanged=false
03-25 22:10:31.877   589   589 E audit   : type=1400 audit(1585199431.868:5539): avc:  denied  { read } for  pid=15262 comm=".smartmirroring" path="/system/app/SmartMirroring/SmartMirroring.apk" dev="sda19" ino=348 scontext=u:r:system_app:s0 tcontext=u:object_r:unlabeled:s0 tclass=file permissive=1 SEPF_SECMOBILE_7.0_0009 unfiltered
03-25 22:10:31.877  3292  3560 I WorkerManager: Releasing worker: [searchplate]/[26]/[com.google.android.apps.gsa.staticplugins.du.c]
03-25 22:10:31.877   589   589 E audit   : type=1300 audit(1585199431.868:5539): arch=c00000b7 syscall=222 success=yes exit=547971280896 a0=0 a1=48b a2=1 a3=1 items=0 ppid=677 pid=15262 auid=4294967295 uid=1000 gid=1000 euid=1000 suid=1000 fsuid=1000 egid=1000 sgid=1000 fsgid=1000 tty=(none) ses=4294967295 comm=".smartmirroring" exe="/system/bin/app_process64_original" subj=u:r:system_app:s0 key=(null)
03-25 22:10:31.877  3292  3560 I WorkerManager: Releasing worker: [searchplate]/[26]/[com.google.android.apps.gsa.staticplugins.du.c]
03-25 22:10:31.877  1432  3732 V WifiDisplayAdapter: getWifiDisplayStatusLocked: result=WifiDisplayStatus{featureState=2, scanState=0, activeDisplayState=0, activeDisplay=null, displays=[], sessionInfo=WifiDisplaySessionInfo: Client/Owner: Client GroupId:  Passphrase:  SessionId: 0 IP Address: , connectedState=-1, networkQoS=0}
03-25 22:10:31.878   589   589 E audit   : type=1327 audit(1585199431.868:5539): proctitle="zygote64"
03-25 22:10:31.878  1432  1579 W ContextImpl: Calling a method in the system process without a qualified user: android.app.ContextImpl.sendBroadcast:906 com.android.server.SEDenialService$AuditFileObserver.onEvent:98 android.os.FileObserver$ObserverThread.onEvent:122 android.os.FileObserver$ObserverThread.observe:-2 android.os.FileObserver$ObserverThread.run:85
03-25 22:10:31.878  3292  3560 I WorkerManager: Releasing worker: [conversation]/[44]/[com.google.android.apps.gsa.staticplugins.ah.a]
03-25 22:10:31.878 15262 15262 D CastingDialogFragment: onCreate
03-25 22:10:31.878  3292  3560 I WorkerManager: Releasing worker: [conversation]/[44]/[com.google.android.apps.gsa.staticplugins.ah.a]
03-25 22:10:31.878 15262 15262 D Wfd_Certification: WifiDisplayCertification
03-25 22:10:31.878  1432  4240 V WifiDisplayAdapter: getWifiDisplayStatusLocked: result=WifiDisplayStatus{featureState=2, scanState=0, activeDisplayState=0, activeDisplay=null, displays=[], sessionInfo=WifiDisplaySessionInfo: Client/Owner: Client GroupId:  Passphrase:  SessionId: 0 IP Address: , connectedState=-1, networkQoS=0}
03-25 22:10:31.879  3292  3560 I WorkerManager: Releasing worker: [message]/[68]/[com.google.android.apps.gsa.staticplugins.messages.n]
03-25 22:10:31.879  3292  3560 I WorkerManager: Releasing worker: [message]/[68]/[com.google.android.apps.gsa.staticplugins.messages.n]
03-25 22:10:31.880  3292  3560 I WorkerManager: Releasing worker: [context]/[50]/[com.google.android.apps.gsa.staticplugins.ag.i]
03-25 22:10:31.880  3292  3560 I WorkerManager: Releasing worker: [context]/[50]/[com.google.android.apps.gsa.staticplugins.ag.i]
03-25 22:10:31.880 15262 15262 D BixbyApi_0.1.4: Bixby Supported:true
03-25 22:10:31.880  3292  3560 I WorkerManager: Releasing worker: [actionvelogging]/[2]/[com.google.android.apps.gsa.staticplugins.a.d]
03-25 22:10:31.880  3292  3560 I WorkerManager: Releasing worker: [actionvelogging]/[2]/[com.google.android.apps.gsa.staticplugins.a.d]
03-25 22:10:31.881 15262 15262 D BixbyApi_0.1.4: Version Name:2.0.14
03-25 22:10:31.881 15262 15262 V CastingDialogFragment: onCreateView
03-25 22:10:31.881  3292  3560 I WorkerManager: Releasing worker: [sharedmicrodetection]/[17]/[com.google.android.apps.gsa.staticplugins.microdetection.aj]
03-25 22:10:31.881  3292  3560 I WorkerManager: Releasing worker: [sharedmicrodetection]/[17]/[com.google.android.apps.gsa.staticplugins.microdetection.aj]
03-25 22:10:31.882  3292  3560 I WorkerManager: Releasing worker: [audio]/[4]/[com.google.android.apps.gsa.staticplugins.m.n]
03-25 22:10:31.882  3292  3560 I WorkerManager: Releasing worker: [audio]/[4]/[com.google.android.apps.gsa.staticplugins.m.n]
03-25 22:10:31.882  3292  3560 I WorkerManager: Releasing worker: [audio]/[4]/[com.google.android.apps.gsa.staticplugins.m.n]
03-25 22:10:31.882  3292  3560 I WorkerManager: Releasing worker: [audio]/[4]/[com.google.android.apps.gsa.staticplugins.m.n]
03-25 22:10:31.883 15262 15262 D AbsListView: Get MotionRecognitionManager
03-25 22:10:31.884  1432  4238 V WindowManager: Relayout Window{77e4140d0 u0 Bouncer}: viewVisibility=4 req=1080x0 WM.LayoutParams{(0,0)(fillx0) gr=#30 sim=#10 ty=2009 fl=#81000148 fmt=-3 or=5 vsysui=0x610 if=0x4 userActivityTimeout=5000 screenDimDuration=0 sfl=0x40000}
03-25 22:10:31.884 15262 15262 D MotionRecognitionManager: mSContextService = com.samsung.android.hardware.context.ISemContextService$Stub$Proxy@8d50ba4
03-25 22:10:31.885 15262 15262 D MotionRecognitionManager: motionService = com.samsung.android.gesture.IMotionRecognitionService$Stub$Proxy@11a1d0d
03-25 22:10:31.885 15262 15262 D MotionRecognitionManager: motionService = com.samsung.android.gesture.IMotionRecognitionService$Stub$Proxy@11a1d0d
03-25 22:10:31.885  3292  3560 I WorkerManager: Releasing worker: [progress]/[379]/[com.google.android.apps.gsa.staticplugins.db.a]
03-25 22:10:31.885  3292  3560 I WorkerManager: Releasing worker: [progress]/[379]/[com.google.android.apps.gsa.staticplugins.db.a]
03-25 22:10:31.885  1432  2564 V WifiDisplayAdapter: getWifiDisplayStatusLocked: result=WifiDisplayStatus{featureState=2, scanState=0, activeDisplayState=0, activeDisplay=null, displays=[], sessionInfo=WifiDisplaySessionInfo: Client/Owner: Client GroupId:  Passphrase:  SessionId: 0 IP Address: , connectedState=-1, networkQoS=0}
03-25 22:10:31.886 15262 15262 D CastingDialog: setOrientationLayout
03-25 22:10:31.886  3292  3560 I WorkerManager: Releasing worker: [sharebear]/[124]/[com.google.android.apps.gsa.staticplugins.sharebear.r]
03-25 22:10:31.886  3292  3560 I WorkerManager: Releasing worker: [sharebear]/[124]/[com.google.android.apps.gsa.staticplugins.sharebear.r]
03-25 22:10:31.886  2080  2080 D ViewRootImpl@ac159fe[Bouncer]: Relayout returned: oldFrame=[0,0][1080,0] newFrame=[0,0][1080,0] result=0x1 surface={isValid=false 0} surfaceGenerationChanged=false
03-25 22:10:31.886  2080  2080 D SecNavigationBarView: setIconsLight() iconColor : fffafafa
03-25 22:10:31.886  2080  2080 D NaviBarRemoteViewManager: getRightRemoteView View : null
03-25 22:10:31.886  2080  2080 D NaviBarRemoteViewManager: getLeftRemoteView View : null
03-25 22:10:31.886  2080  2080 D SecNavigationBarView: updateRemoteView mCurrentRemoteView visibility : 0
03-25 22:10:31.887  2080  2080 D NaviBarRemoteViewManager: getLeftRemoteView View : null
03-25 22:10:31.887  2080  2080 D NaviBarRemoteViewManager: getRightRemoteView View : null
03-25 22:10:31.887  2080  2080 D NaviBarRemoteViewManager: getLeftRemoteView View : null
03-25 22:10:31.887  2080  2080 D ViewRootImpl@ecf06bd[StatusBar]: MSG_WINDOW_FOCUS_CHANGED 0
03-25 22:10:31.887  1432  3596 D WindowManager: adjustSystemUiVisibilityLw : vis= 0x8718
03-25 22:10:31.887  3292  3560 I WorkerManager: Releasing worker: [logo_header]/[71]/[com.google.android.apps.gsa.staticplugins.ca.a]
03-25 22:10:31.887  3292  3560 I WorkerManager: Releasing worker: [logo_header]/[71]/[com.google.android.apps.gsa.staticplugins.ca.a]
03-25 22:10:31.887  1432  5051 D GameManagerService: identifyGamePackage. com.samsung.android.smartmirroring
03-25 22:10:31.889  3292  3560 I WorkerManager: Releasing worker: [sharebear]/[124]/[com.google.android.apps.gsa.staticplugins.sharebear.r]
03-25 22:10:31.889  3292  3560 I WorkerManager: Releasing worker: [sharebear]/[124]/[com.google.android.apps.gsa.staticplugins.sharebear.r]
03-25 22:10:31.890  3292  3560 I WorkerManager: Releasing worker: [searchboxroot]/[24]/[com.google.android.apps.gsa.staticplugins.searchboxroot.v]
03-25 22:10:31.891  3292  3560 I WorkerManager: Releasing worker: [searchboxroot]/[24]/[com.google.android.apps.gsa.staticplugins.searchboxroot.v]
03-25 22:10:31.892  3292  3560 I WorkerManager: Releasing worker: [actions]/[1]/[com.google.android.apps.gsa.staticplugins.actions.p]
03-25 22:10:31.892  3292  3560 I WorkerManager: Releasing worker: [actions]/[1]/[com.google.android.apps.gsa.staticplugins.actions.p]
03-25 22:10:31.892  3292  3560 I WorkerManager: Releasing worker: [actions]/[1]/[com.google.android.apps.gsa.staticplugins.actions.p]
03-25 22:10:31.893  3292  3560 I WorkerManager: Releasing worker: [actions]/[1]/[com.google.android.apps.gsa.staticplugins.actions.p]
03-25 22:10:31.895  3292  3560 W SearchServiceCore: Abort, client detached.
03-25 22:10:31.895 15262 15262 I SemDesktopModeManager: registerListener: android.view.ViewRootImpl$3@38f73be
03-25 22:10:31.900 15262 15262 D ViewRootImpl@a444258[CastingDialog]: ThreadedRenderer.create() translucent=true
03-25 22:10:31.900  1432  3596 D WindowManager: addWindow: android.view.IWindow$Stub$Proxy@5189001 displayId=0
03-25 22:10:31.901  1432  3596 D InputTransport: Input channel constructed: fd=525
03-25 22:10:31.901  1432  3596 D InputTransport: Input channel constructed: fd=556
03-25 22:10:31.901  1432  3596 D WindowManager: openInputChannel mInputChannel: 431c0e7 com.samsung.android.smartmirroring/com.samsung.android.smartmirroring.CastingDialog (server)
03-25 22:10:31.901  1432  1506 D WindowManager: set systemUiVisibility of statusbar : systemUiFlags= 0x900a fullscreenStackSysUiFlag= 0x50
03-25 22:10:31.902  1432  3596 D InputDispatcher: Focus entered window: 15262
03-25 22:10:31.902  1432  3596 D InputTransport: Input channel destroyed: fd=556
03-25 22:10:31.902 15262 15262 D InputTransport: Input channel constructed: fd=79
03-25 22:10:31.902 15262 15262 D ViewRootImpl@a444258[CastingDialog]: setView = DecorView@3573fb1[CastingDialog] touchMode=true
03-25 22:10:31.902 15262 15262 V CastingDialogFragment: onActivityCreated
03-25 22:10:31.904 15262 15262 D CastingDialogFragment: onStart
03-25 22:10:31.904 15262 15262 D CastingDialog_Utils: setFeatureState: true
03-25 22:10:31.905 15262 15262 I Settings: set WIFI_DISPLAY_ON to 1, java.lang.Throwable
03-25 22:10:31.905 15262 15262 I Settings:      at android.provider.Settings$Global.putInt(Settings.java:14074)
03-25 22:10:31.905 15262 15262 I Settings:      at com.samsung.android.smartmirroring.utils.Utils.setFeatureState(Utils.java:50)
03-25 22:10:31.905 15262 15262 I Settings:      at com.samsung.android.smartmirroring.CastingDialogFragment.onStart(CastingDialogFragment.java:194)
03-25 22:10:31.905 15262 15262 I Settings:      at android.app.Fragment.performStart(Fragment.java:2378)
03-25 22:10:31.905 15262 15262 I Settings:      at android.app.FragmentManagerImpl.moveToState(FragmentManager.java:1027)
03-25 22:10:31.905 15262 15262 I Settings:      at android.app.FragmentManagerImpl.moveToState(FragmentManager.java:1171)
03-25 22:10:31.905 15262 15262 I Settings:      at android.app.FragmentManagerImpl.moveToState(FragmentManager.java:1153)
03-25 22:10:31.905 15262 15262 I Settings:      at android.app.FragmentManagerImpl.dispatchStart(FragmentManager.java:2048)
03-25 22:10:31.905 15262 15262 I Settings:      at android.app.FragmentController.dispatchStart(FragmentController.java:188)
03-25 22:10:31.905 15262 15262 I Settings:      at android.app.Activity.performStart(Activity.java:6978)
03-25 22:10:31.905 15262 15262 I Settings:      at android.app.ActivityThread.performLaunchActivity(ActivityThread.java:2937)
03-25 22:10:31.905 15262 15262 I Settings:      at android.app.ActivityThread.handleLaunchActivity(ActivityThread.java:3045)
03-25 22:10:31.905 15262 15262 I Settings:      at android.app.ActivityThread.-wrap14(ActivityThread.java)
03-25 22:10:31.905 15262 15262 I Settings:      at android.app.ActivityThread$H.handleMessage(ActivityThread.java:1642)
03-25 22:10:31.905 15262 15262 I Settings:      at android.os.Handler.dispatchMessage(Handler.java:102)
03-25 22:10:31.905 15262 15262 I Settings:      at android.os.Looper.loop(Looper.java:154)
03-25 22:10:31.905 15262 15262 I Settings:      at android.app.ActivityThread.main(ActivityThread.java:6776)
03-25 22:10:31.905 15262 15262 I Settings:      at java.lang.reflect.Method.invoke(Native Method)
03-25 22:10:31.905 15262 15262 I Settings:      at com.android.internal.os.ZygoteInit$MethodAndArgsCaller.run(ZygoteInit.java:1520)
03-25 22:10:31.905 15262 15262 I Settings:      at com.android.internal.os.ZygoteInit.main(ZygoteInit.java:1410)
03-25 22:10:31.905  1432  3777 D WindowManager: adjustSystemUiVisibilityLw : vis= 0x900a
03-25 22:10:31.905  2080  2080 D SecNavigationBarView: updateRemoteView mCurrentRemoteView visibility : 0
03-25 22:10:31.905  2080  2080 D NaviBarRemoteViewManager: getLeftRemoteView View : null
03-25 22:10:31.905  2080  2080 D NaviBarRemoteViewManager: getRightRemoteView View : null
03-25 22:10:31.905  1432  1590 D WifiDisplayController: updateSettings, turningWifiDisplayOn = true, mWifiP2pConnected = false, mRemoteDisplayConnected = false, mWifiP2pEnabled = truemWaitForAction = falsegetCPUPowerSavingMode = 1getPowerSavingMode = 0
03-25 22:10:31.905  2080  2080 D NaviBarRemoteViewManager: getLeftRemoteView View : null
03-25 22:10:31.906 15262 15262 I CastingDialogFragment: Intent Info : Knox mode = false, mContentUri = null
03-25 22:10:31.906 15262 15262 W ContextImpl: Calling a method in the system process without a qualified user: android.app.ContextImpl.sendBroadcast:906 android.content.ContextWrapper.sendBroadcast:457 com.samsung.android.smartmirroring.utils.Utils.insertLog:362 com.samsung.android.smartmirroring.CastingDialogFragment.onStart:235 android.app.Fragment.performStart:2378
03-25 22:10:31.906  1432  1922 D WifiP2pService: InactiveState{ what=139419 }
03-25 22:10:31.906  1432  1922 D WifiP2pService: P2pEnabledState{ what=139419 }
03-25 22:10:31.907  1432  1922 D WifiP2pService: DefaultState{ what=139419 }
03-25 22:10:31.907  1432  1590 I WifiDisplayAdapter:     onReceive : com.sec.android.screensharing.LOGGING
03-25 22:10:31.907  1432  1590 I WifiDisplayAdapter: insertLog... feature:CONN, extra:QIC_PAN
03-25 22:10:31.907  1432  1590 W ContextImpl: Calling a method in the system process without a qualified user: android.app.ContextImpl.sendBroadcast:906 com.android.server.display.WifiDisplayAdapter.insertLog:2608 com.android.server.display.WifiDisplayAdapter.-wrap13:-1 com.android.server.display.WifiDisplayAdapter$3.onReceive:1238 android.app.LoadedApk$ReceiverDispatcher$Args.run:1185
03-25 22:10:31.907  1432  1482 V WifiDisplayAdapter: getWifiDisplayStatusLocked: result=WifiDisplayStatus{featureState=2, scanState=0, activeDisplayState=0, activeDisplay=null, displays=[], sessionInfo=WifiDisplaySessionInfo: Client/Owner: Client GroupId:  Passphrase:  SessionId: 0 IP Address: , connectedState=-1, networkQoS=0}
03-25 22:10:31.907 15262 15262 D SA_SmartMirroring: set insertFlowLog ScreenLog = 1
03-25 22:10:31.908 15262 15262 D SamsungAnalytics:1.8.22: user do not agree
03-25 22:10:31.908 15262 15262 D SA_SmartMirroring: set insertEventLog viewID = 1, itemID = 7001
03-25 22:10:31.908 15262 15262 D SamsungAnalytics:1.8.22: user do not agree
03-25 22:10:31.909  1432  1922 D WifiP2pService: InactiveState{ what=139323 }
03-25 22:10:31.909  1432  1922 D WifiP2pService: P2pEnabledState{ what=139323 }
03-25 22:10:31.909 15262 15262 D CastingDialogFragment: onResume
03-25 22:10:31.909 15262 15262 D BixbyApi_0.1.4: Bixby Supported:true
03-25 22:10:31.909 15262 15262 D BixbyApi_0.1.4: setClientVisibility(): Path Rule is not running.
03-25 22:10:31.909 15262 15262 V DlnaAdapter: getInstance
03-25 22:10:31.909 15262 15262 V DlnaAdapter: connectDlnaService
03-25 22:10:31.909 15262 15262 D DlnaAdapter: ServiceConnector.createServiceProvider
03-25 22:10:31.910 15262 15262 V AllShare(ASF-API): L-d140909 / ServiceConnector.createServiceProvider of com.samsung.android.allshare.media
03-25 22:10:31.910 15262 15262 I AllShare(ASF-API): L-d140909 / ServiceConnector.ALLSHARE_CONFIG : DMC_ONLY
03-25 22:10:31.910 15262 15262 W ContextImpl: Calling a method in the system process without a qualified user: android.app.ContextImpl.startService:1403 android.content.ContextWrapper.startService:673 com.samsung.android.allshare.ServiceConnector$AllShareConnector.startAllShareLauncher:1086 com.samsung.android.allshare.ServiceConnector$AllShareConnector.connect:826 com.samsung.android.allshare.ServiceConnector.createServiceProvider:430
03-25 22:10:31.913 15262 15262 V AllShare(ASF-API): L-d140909 / AllShareConnector.smartmirroring : bindAllShareService...
03-25 22:10:31.913  1432  1590 D WifiDisplayController: Successfully set WFD info.
03-25 22:10:31.913 15262 15262 W ContextImpl: Calling a method in the system process without a qualified user: android.app.ContextImpl.bindService:1491 android.content.ContextWrapper.bindService:711 com.samsung.android.allshare.ServiceConnector$AllShareConnector.bindAllShareService:855 com.samsung.android.allshare.ServiceConnector$AllShareConnector.connect:827 com.samsung.android.allshare.ServiceConnector.createServiceProvider:430
03-25 22:10:31.913  1432  1590 D WifiDisplayController: updateScanState() mScanRequested = false, mWfdEnabled = true, mDiscoverPeersInProgress = false, mScanRequestedInConnected = false
03-25 22:10:31.913 15285 15285 D AllShare(ASF-DMC): ServiceManager.onCreate - [ TRACE ] onCreate
03-25 22:10:31.913  1432  1590 D WifiDisplayController: Received WIFI_P2P_THIS_DEVICE_CHANGED_ACTION: mThisDevice= Device: [Phone] phone-6
03-25 22:10:31.913  1432  1590 D WifiDisplayController:  deviceAddress: b2:72:bf:dc:b2:30
03-25 22:10:31.913  1432  1590 D WifiDisplayController:  primary type: 10-0050F204-5
03-25 22:10:31.913  1432  1590 D WifiDisplayController:  secondary type: null
03-25 22:10:31.913  1432  1590 D WifiDisplayController:  wps: 0
03-25 22:10:31.913  1432  1590 D WifiDisplayController:  grpcapab: 0
03-25 22:10:31.913  1432  1590 D WifiDisplayController:  devcapab: 0
03-25 22:10:31.913  1432  1590 D WifiDisplayController:  status: 3
03-25 22:10:31.913  1432  1590 D WifiDisplayController:  wfdInfo: WFD enabled: trueWFD DeviceInfo: 272
03-25 22:10:31.913  1432  1590 D WifiDisplayController:  WFD CtrlPort: 7236
03-25 22:10:31.913  1432  1590 D WifiDisplayController:  WFD MaxThroughput: 50
03-25 22:10:31.913  1432  1590 D WifiDisplayController:  groupownerAddress: null
03-25 22:10:31.913  1432  1590 D WifiDisplayController:  GOdeviceName: null
03-25 22:10:31.913  1432  1590 D WifiDisplayController:  interfaceAddress:
03-25 22:10:31.913  1432  1590 D WifiDisplayController:  SConnectInfo : null
03-25 22:10:31.913  1432  1590 D WifiDisplayController:  contactInfoHash : null
03-25 22:10:31.913  1432  1590 D WifiDisplayController:  ssDevInfo : 0
03-25 22:10:31.913  1432  1590 D WifiDisplayController:  iconIdx : 0
03-25 22:10:31.913  1432  1590 D WifiDisplayController:  semSamsungDeviceType : 0
03-25 22:10:31.913  1432  1590 D WifiDisplayController:  serviceData : null
03-25 22:10:31.913  1432  1590 D WifiDisplayController:  fw_invite : 0
03-25 22:10:31.913  1432  1590 V WifiDisplayAdapter: getWifiDisplayStatusLocked: result=WifiDisplayStatus{featureState=3, scanState=0, activeDisplayState=0, activeDisplay=null, displays=[], sessionInfo=WifiDisplaySessionInfo: Client/Owner: Client GroupId:  Passphrase:  SessionId: 0 IP Address: , connectedState=-1, networkQoS=0}
03-25 22:10:31.914 15285 15285 D AllShare(ASF-DMC): ServiceManager.onStartCommand - [ TRACE ] onStartCommand
03-25 22:10:31.914 15285 15285 D AllShare(ASF-DMC): ServiceManager.startServiceManager - Start AllShare Service...
03-25 22:10:31.914 15285 15285 D AllShare(ASF-DMC): ServiceManager.initServiceManager - Initialize AllShare ServiceManager...
03-25 22:10:31.916 15262 15262 V DlnaAdapter: registerDlnaStatusListener
03-25 22:10:31.916 15285 15285 D AllShare(ASF-DMC): DownloadManager.init - app max memory: 256MB
03-25 22:10:31.916  1432  5051 D SSRM:m  : SIOP:: AP = 290, PST = 294 (W:15), CP = 287, CUR = -281, LCD = 101
03-25 22:10:31.916 15285 15285 D AllShare(ASF-DMC): DownloadManager.init - max thumbnail number: 2048
03-25 22:10:31.916 15285 15285 V AllShare(ASF_DMC): [JNI] JavaInitializeAllShareFrameworkCore: 43: Enter AllShareFrameworkCoreNativeAPI_initializeAllShareFrameworkCore.
03-25 22:10:31.916 15285 15285 V AllShare(ASF_DMC):
03-25 22:10:31.916  1432  5051 D ConnectivityService: filterNetworkStateForUid() uid: 1000 networkInfo: [type: WIFI[] - WIFI, state: CONNECTED/CONNECTED, reason: (unspecified), extra: "subnet", failover: false, available: true, roaming: false, metered: false]
03-25 22:10:31.916 15285 15285 V AllShare(ASF_DMC): [NETWORK_LAYER] InitializeNetworkLayer: 33: Enter
03-25 22:10:31.916 15285 15285 V AllShare(ASF_DMC): [NETWORK_LAYER] InitializeNetworkLayer: 56: Exit
03-25 22:10:31.917 15285 15285 V AllShare(ASF_DMC): [NETWORK_LAYER] StartNetworkLayer: 84: Enter
03-25 22:10:31.917  1432  5051 D SSRM:ae : ssrm_camera_info is null
03-25 22:10:31.918  1432  2564 D WifiDisplayAdapter: requestStartScanLocked
03-25 22:10:31.918  1432  1590 D WifiDisplayAdapter: isWfdConnected : mActiveDisplayState(source) 0, mActiveSinkState 0
03-25 22:10:31.918  1432  1590 D WifiDisplayController: updateScanState() mScanRequested = true, mWfdEnabled = true, mDiscoverPeersInProgress = false, mScanRequestedInConnected = false
03-25 22:10:31.919  1432  1590 I WifiDisplayController: Starting Wifi display scan.
03-25 22:10:31.919 15262 15262 D DisplayManager: registerDeviceListener
03-25 22:10:31.919 15262 15262 D DisplayManager: registerDeviceListener index < 0
03-25 22:10:31.919  1432  5051 D GameManagerService: identifyGamePackage. com.samsung.android.smartmirroring
03-25 22:10:31.919  1432  4238 V WifiDisplayAdapter: getWifiDisplayStatusLocked: result=WifiDisplayStatus{featureState=3, scanState=0, activeDisplayState=0, activeDisplay=null, displays=[], sessionInfo=WifiDisplaySessionInfo: Client/Owner: Client GroupId:  Passphrase:  SessionId: 0 IP Address: , connectedState=-1, networkQoS=0}
03-25 22:10:31.919  1432  1590 I WifiDisplayAdapter: onScanStarted
03-25 22:10:31.919 15262 15262 D CastingDialogFragment: update: changes = -1
03-25 22:10:31.919  1432  1590 V WifiDisplayAdapter: getWifiDisplayStatusLocked: result=WifiDisplayStatus{featureState=3, scanState=1, activeDisplayState=0, activeDisplay=null, displays=[], sessionInfo=WifiDisplaySessionInfo: Client/Owner: Client GroupId:  Passphrase:  SessionId: 0 IP Address: , connectedState=-1, networkQoS=0}
03-25 22:10:31.919  2895  2895 I CastMirroringProvider: onDiscoveryModeChanged, mode=2
03-25 22:10:31.919  1432  1922 D WifiP2pService: InactiveState{ what=139412 }
03-25 22:10:31.919  1432  1922 D WifiP2pService: P2pEnabledState{ what=139412 }
03-25 22:10:31.919  1432  1922 D WifiP2pService: DefaultState{ what=139412 }
03-25 22:10:31.919  1432  1922 D WifiP2pService: InactiveState{ what=139265 }
03-25 22:10:31.920  1432  1922 D WifiP2pService: P2pEnabledState{ what=139265 }
03-25 22:10:31.920  1432  1922 D WifiP2pService: P2pEnabledState package to call DISCOVER_PEERS (channel : 1611) -> android
03-25 22:10:31.920  1432  1922 D SemWifiService: SEC_COMMAND_ID_SET_WIFI_SCAN_WITH_P2P : WiFi scan with p2p -> Stop Scan, Stop Assoc
03-25 22:10:31.920  1432  1925 D SemWifiSMUtil: WifiManager.SEC_COMMAND_ID_SET_WIFI_ENABLED_WITH_P2P mSkipScanAssoc : true
03-25 22:10:31.920  1432  1925 D SemWifiSMUtil: WifiNative.WIFI_NATIVE_CMD_SET_ESTABLISH_SUP_CONNECTION mSkipScanAssoc : true
03-25 22:10:31.920  1432  1925 D WifiNative-wlan0: callSECApiBoolean - ID [13]
03-25 22:10:31.920  1432  2545 V WifiDisplayAdapter: getWifiDisplayStatusLocked: result=WifiDisplayStatus{featureState=3, scanState=1, activeDisplayState=0, activeDisplay=null, displays=[], sessionInfo=WifiDisplaySessionInfo: Client/Owner: Client GroupId:  Passphrase:  SessionId: 0 IP Address: , connectedState=-1, networkQoS=0}
03-25 22:10:31.921  1432  4742 V WifiDisplayAdapter: getWifiDisplayStatusLocked: result=WifiDisplayStatus{featureState=3, scanState=1, activeDisplayState=0, activeDisplay=null, displays=[], sessionInfo=WifiDisplaySessionInfo: Client/Owner: Client GroupId:  Passphrase:  SessionId: 0 IP Address: , connectedState=-1, networkQoS=0}
03-25 22:10:31.921 15262 15262 D CastingDialogFragment:     DLNA length : 0
03-25 22:10:31.921 15262 15262 D CastingDialogFragment:     Route length : 2
03-25 22:10:31.921 15262 15262 I CastingDialogFragment:     route : RouteInfo{ name=Projector, description=Chromecast Ultra, status=Available, category=RouteCategory{ name=null types=ROUTE_TYPE_LIVE_AUDIO ROUTE_TYPE_LIVE_VIDEO  groupable=false }, supportedTypes=ROUTE_TYPE_LIVE_AUDIO ROUTE_TYPE_LIVE_VIDEO ROUTE_TYPE_REMOTE_DISPLAY , presentationDisplay=null }
03-25 22:10:31.922 15262 15262 D CastingDialogFragment: Wifidisplay length : 0
03-25 22:10:31.922 15262 15262 I CastingDialogFragment: applyState device count : 1
03-25 22:10:31.922  1432  4057 D WifiDisplayAdapter: getLastConnectedDlnaDevice mLastConnectedDlnaDevice : null
03-25 22:10:31.922  1432  4242 D WifiDisplayAdapter: getLastConnectedDisplay cancel = false
03-25 22:10:31.923  1432  1922 D SecContentProvider: insert(), uri = 2
03-25 22:10:31.923  1432  3777 D WifiDisplayAdapter: getLastConnectedGCastDevice
03-25 22:10:31.923  1432  3777 D WifiDisplayAdapter: getLastConnectedGCastDevice mLastConnectedGCastDevice :
03-25 22:10:31.924  1432  1922 D SecContentProvider: called from android.uid.system:1000
03-25 22:10:31.924  1432  1590 D WifiDisplayController: Discover peers succeeded.  Requesting peers now.
03-25 22:10:31.925  1432  4048 W ActivityManager: Permission Denial: Accessing service ComponentInfo{com.google.android.music/com.google.android.music.dial.DialMediaRouteProviderService} from pid=2895, uid=10029 that is not exported from uid 10267
03-25 22:10:31.925  1432  1922 D WifiP2pService: InactiveState{ what=139283 }
03-25 22:10:31.925  1432  1922 D WifiP2pService: P2pEnabledState{ what=139283 }
03-25 22:10:31.925  1432  1922 D WifiP2pService: DefaultState{ what=139283 }
03-25 22:10:31.925  1432  1590 D WifiDisplayController: Received list of peers.
03-25 22:10:31.925  1432  1590 I WifiDisplayAdapter: onScanResults
03-25 22:10:31.926 15285 15285 V AllShare(ASF_DMC): [NETWORK_LAYER] StartNetworkLayer: 116: Exit
03-25 22:10:31.926 15285 15285 V AllShare(ASF_DMC): [CP_DISCOVERY] Rescan: 449: Sending Rescan.
03-25 22:10:31.926 15285 15285 E AllShare(ASF_DMC): [CP_DISCOVERY] Rescan: 498: SendMulticastPacket failed with error 1
03-25 22:10:31.926 15285 15285 I AllShare(ASF_DMC): [CP_DISCOVERY] Init: 210: Rescan failed.
03-25 22:10:31.926 15285 15285 V AllShare(ASF_DMC): [CP_DISCOVERY] Initialize: 90: CP Discovery Initialization SuccessFul
03-25 22:10:31.926 15285 15285 V AllShare(ASF_DMC): [CP_DISCOVERY] Rescan: 449: Sending Rescan.
03-25 22:10:31.926 15262 15262 I SemDesktopModeManager: registerListener: android.view.ViewRootImpl$3@6a533e9
03-25 22:10:31.926 15285 15285 E AllShare(ASF_DMC): [CP_DISCOVERY] Rescan: 498: SendMulticastPacket failed with error 1
03-25 22:10:31.926 15285 15285 I AllShare(ASF_DMC): [CP_DISCOVERY] AddDeviceChangeListener: 720: Rescan failed.
03-25 22:10:31.926 15285 15285 V AllShare(ASF_DMC): [CP_DISCOVERY] RegisterCP: 132: Registering CP Success
03-25 22:10:31.926 15285 15285 V AllShare(ASF_DMC): [CP_DISCOVERY] DisableAutoRescan: 248: Auto rescan already stopped
03-25 22:10:31.926 15285 15285 I AllShare(ASF_DMC): [JNI] JavaInitializeAllShareFrameworkCore: 47: AllShareInitialize error code: 0
03-25 22:10:31.926 15285 15285 I AllShare(ASF_DMC):
03-25 22:10:31.927 15285 15285 I AllShare(ASF-DMC): ServiceManager.initServiceManager - Initialized AllShare ServiceManager...taking msec of 13
03-25 22:10:31.928 15285 15285 I AllShare(ASF-DMC): ServiceManager.startServiceManager - screen is on, turn on MCAST
03-25 22:10:31.928 15285 15285 I AllShare(ASF_DMC): [JNI] JavaSetScreenStatus: 103: Enter AllShareFrameworkCoreNativeAPI_setScreenStatus, j_on_off=1
03-25 22:10:31.928 15285 15285 I AllShare(ASF_DMC):
03-25 22:10:31.928  2895  2895 W DiscoveryManager: BroadcastReceiver is already registered
03-25 22:10:31.928 15285 15285 V AllShare(ASF_DMC): [NETWORK_LAYER] ConfigureMulticastSupport: 620: Enabling udp servers!!!
03-25 22:10:31.928 15262 15262 D ViewRootImpl@95e486e[CastingDialog]: ThreadedRenderer.create() translucent=true
03-25 22:10:31.929 15285 15285 V AllShare(ASF_DMC): [CP_DISCOVERY] DisableAutoRescan: 244: Auto rescan stopped
03-25 22:10:31.929  1432  2563 D WindowManager: addWindow: android.view.IWindow$Stub$Proxy@be4c8e2 displayId=0
03-25 22:10:31.930  1432  2563 D InputTransport: Input channel constructed: fd=543
03-25 22:10:31.930  1432  2563 D InputTransport: Input channel constructed: fd=556
